--------- beginning of system
12-14 13:34:43.664  1592  3181 D HwConnectivityServiceEx: set 10323 wlan0 value true
12-14 13:34:43.664  1592  3181 I ConnectivityService: B uid 10323
12-14 13:34:43.743  2913  3295 D NpdcpAliveManager: ro.odm.npdcp_alive_cfg_enable is false
12-14 13:34:44.764  2913  3295 I chatty  : uid=1000(system) OllieServiceThr identical 1 line
12-14 13:34:45.797  2913  3295 D NpdcpAliveManager: ro.odm.npdcp_alive_cfg_enable is false
12-14 13:34:46.687  1592  6111 D HwConnectivityServiceEx: set 10323 wlan0 value true
12-14 13:34:46.687  1592  6111 I ConnectivityService: B uid 10323
12-14 13:34:46.813  2913  3295 D NpdcpAliveManager: ro.odm.npdcp_alive_cfg_enable is false
12-14 13:34:47.492  1592  1762 I AppEyeFwkBlock: do monitor
12-14 13:34:47.847  2913  3295 D NpdcpAliveManager: ro.odm.npdcp_alive_cfg_enable is false
12-14 13:34:48.861  2913  3295 D NpdcpAliveManager: ro.odm.npdcp_alive_cfg_enable is false
12-14 13:34:49.110  1592  1785 I PowerManagerService: UL_Power mReadyToBgReport: true
12-14 13:34:49.110  1592  1785 I HwPowerManagerService: UL_Power Screen timeout occured. mStayOn = false, mProximityPositive = false, mWakeLockSummary = 0x0, mUserActivitySummary = 0x2, mScreenBrightnessBoostInProgress = false
12-14 13:34:49.111  1592  1785 I DisplayPowerController: mPowerState.mScreenChangedReason: 65638 mPendingRequestLocked.mScreenChangeReason 65638
12-14 13:34:49.111  1592  1785 I DisplayPowerController: Want screen on.
12-14 13:34:49.112  1592  1785 I DisplayPowerController: Animating brightness: target=6, rate=180,brightnessTargetReal=6,AutoBrightness=true
12-14 13:34:49.113  1592  1785 V DisplayPowerController: Brightness [6] reason changing to: 'automatic [ dim ]', previous reason: 'automatic'.
12-14 13:34:49.116  1592  1785 I HwNormalizedRampAnimator: hbm_dimming target=202 rate=180 duration=0.5
12-14 13:34:49.602  1592  1785 I DisplayPowerController: mPowerState.mScreenChangedReason: 65638 mPendingRequestLocked.mScreenChangeReason 65638
12-14 13:34:49.602  1592  1785 I DisplayPowerController: Want screen on.
12-14 13:34:49.603  1592  1785 I DisplayPowerController: Animating brightness: target=6, rate=60,brightnessTargetReal=6,AutoBrightness=true
12-14 13:34:49.710  1592  6583 D HwConnectivityServiceEx: set 10323 wlan0 value true
12-14 13:34:49.711  1592  6583 I ConnectivityService: B uid 10323
12-14 13:34:49.893  2913  3295 D NpdcpAliveManager: ro.odm.npdcp_alive_cfg_enable is false
12-14 13:34:50.911  2913  3295 I chatty  : uid=1000(system) OllieServiceThr identical 1 line
12-14 13:34:51.942  2913  3295 D NpdcpAliveManager: ro.odm.npdcp_alive_cfg_enable is false
12-14 13:34:52.733  1592  6583 D HwConnectivityServiceEx: set 10323 wlan0 value true
12-14 13:34:52.733  1592  6583 I ConnectivityService: B uid 10323
12-14 13:34:52.959  2913  3295 D NpdcpAliveManager: ro.odm.npdcp_alive_cfg_enable is false
12-14 13:34:53.492  1592  1762 I AppEyeFwkBlock: do monitor
12-14 13:34:53.989  2913  3295 D NpdcpAliveManager: ro.odm.npdcp_alive_cfg_enable is false
12-14 13:34:55.005  2913  3295 D NpdcpAliveManager: ro.odm.npdcp_alive_cfg_enable is false
12-14 13:34:55.758  1592  6583 D HwConnectivityServiceEx: set 10323 wlan0 value true
12-14 13:34:55.758  1592  6583 I ConnectivityService: B uid 10323
12-14 13:34:56.039  2913  3295 D NpdcpAliveManager: ro.odm.npdcp_alive_cfg_enable is false
12-14 13:34:56.112  1592  1785 I PowerManagerService: UL_Power Going to sleep due to timeout (uid 1000)...
12-14 13:34:56.113  1592  1592 W UsageStatsService: Event reported without a package name, eventType:16
12-14 13:34:56.113  1592  1592 W UsageStatsService: Event reported without a package name, eventType:16
12-14 13:34:56.114  1592  1757 I AOD_HwPWM: startAodService mAodSwitch=0 mAODState=100 aodState=101 mIsFingerprintEnabledBySettings=false mFingerprintType=1
12-14 13:34:56.114  1592  1757 I HwPhoneWindowManager: AOD not display, finger not enable, return.
12-14 13:34:56.114  1592  1785 I DisplayPowerController: mPowerState.mScreenChangedReason: 2 mPendingRequestLocked.mScreenChangeReason 2
12-14 13:34:56.114  1592  1785 I DisplayPowerController: Want screen on.
12-14 13:34:56.115  1592  1785 I DisplayPowerController: Animating brightness: target=6, rate=60,brightnessTargetReal=6,AutoBrightness=true
12-14 13:34:56.116  1592  1757 D HwPhoneWindowManager: finish hwSetFeatureConfig with state: 0 stateString: 0 result: 1
12-14 13:34:56.116  1592  1757 I AOD_HwPWM: startAodService audio enabled
12-14 13:34:56.116  1592  1757 W AOD_HwPWM:  handleAodState aodState:101
12-14 13:34:56.116  1592  1785 W DreamManagerService: Dream ComponentInfo{com.android.systemui/com.huawei.keyguard.doze.FakeDreamService} does not exist
12-14 13:34:56.116  1592  1785 I PowerManagerService: Sleeping (uid 1000)...
12-14 13:34:56.117  1592  1757 W HwAodManagerService: setPowerState new mPowerState = 100, powerState = 10 , mFingerStatus = 2
12-14 13:34:56.117  1592  1785 I DisplayPowerController: LightSensorEnable change true -> false
12-14 13:34:56.118  1592  1757 W HwAodManagerService: setPowerState new mPowerState = 100, powerState = 101 , mFingerStatus = 0
12-14 13:34:56.119  1592  1757 W ContextImpl: Calling a method in the system process without a qualified user: android.app.ContextImpl.startService:2951640 com.android.server.policy.HwPhoneWindowManager.handleAodState:2351468 com.android.server.policy.HwPhoneWindowManager.startAodService:2514384 android.os.Handler.handleCallback:5385648 android.os.Handler.dispatchMessage:5516000 
12-14 13:34:56.122  1592  1592 I WindowManager: UL_Power Started going to sleep... (why=OFF_BECAUSE_OF_TIMEOUT)
12-14 13:34:56.123  1592  1785 I DisplayPowerController: ScreenState change 1 -> 0
12-14 13:34:56.125  1592  1757 V ActivityManager: startProcess: name=com.huawei.aod app=null knownToBeDead=true thread=null pid=-1 preloadStatus=-1
12-14 13:34:56.125  1592  6583 D HwInputMethodManagerService: isSecMethodUsing = false
12-14 13:34:56.134  1592  1785 W HwAodManagerService: setPowerState new mPowerState = 101, powerState = 1 , mFingerStatus = 0
12-14 13:34:56.135  1592  1785 I DisplayPowerController: mPowerState.mScreenChangedReason: 2 mPendingRequestLocked.mScreenChangeReason 2
12-14 13:34:56.135  1592  1757 W AOD_HwPWM:  startAodService end success.
12-14 13:34:56.136  1592  1785 D HwColorFadeEx: mContext =android.app.ContextImpl@8c2f42d
12-14 13:34:56.142  1592  3181 I KeyguardStateMonitor: onPendingLock pendingLock: true
12-14 13:34:56.175  1592  1759 I HwWindowManagerServiceEx: com.hmsecosystem.calculator blur level: -1
12-14 13:34:56.175  1592  1759 I HwWindowManagerServiceEx: getBlurLevel: 0
12-14 13:34:56.177  1592  1785 I HwProximitySensorDetector: HwBrightnessProximity updateWakeupFromSleep,isWakeupFromSleep=false
12-14 13:34:56.177  1592  1785 I DisplayPowerController: set brightness to DIM brightness:6
12-14 13:34:56.177  1592  1785 V DisplayPowerController: Brightness [6] reason changing to: 'automatic', previous reason: 'automatic [ dim ]'.
12-14 13:34:56.177  1592  2780 V ActivityManager: Successfully start provider ContentProviderRecord{93cb8e1 u0 com.iflytek.inputmethod/.remote.config.MainConfigProvider} launchingApp=null caller pid= 29844
12-14 13:34:56.178  1592  1775 I ActivityManager: Start proc 28528:com.huawei.aod/1000 for service {com.huawei.aod/com.huawei.aod.AODService}
12-14 13:34:56.180  1592  2688 E ProcessInfoCollector: getProcessInfo: failed to find this proc.
12-14 13:34:56.182 28528 28528 D ActivityThread: Attach thread to application
12-14 13:34:56.185  1592  6583 D HwStorageManagerService: setScreenStateFlag
12-14 13:34:56.186   519   622 D vold    : begin lockScreenPrepare
12-14 13:34:56.186   519   622 D vold    : fscrypt_lock_screen_prepare flag is: 1 user_id:0
12-14 13:34:56.195  1592  6111 I ConnectivityService: B uid 10323
12-14 13:34:56.201 28528 28546 I ActivityThread: Init compatible state: false
12-14 13:34:56.213  1592  1771 I HWMW_HwMagicWindowManagerService: case Utils.MSG_REPORT_USAGE_STATISTICS:
12-14 13:34:56.213  1592  1771 I HWMW_HwMagicWinStatistics: Trigger report
12-14 13:34:56.236  1592  2780 V ActivityManager: Successfully start provider ContentProviderRecord{92bff44 u0 com.huawei.android.totemweather/.provider.WeatherProvider} launchingApp=ProcessRecord{942d129 25230:com.huawei.android.totemweather/u0a42} caller pid= 28528
12-14 13:34:56.240  1592  2780 V ActivityManager: Successfully start provider ContentProviderRecord{92fe9a7 u0 com.android.providers.settings/.hwext.HwSettingsProvider} launchingApp=null caller pid= 28528
12-14 13:34:56.251  1592  6111 D HwFingerprintService: CODE_GET_HARDWARE_TYPE
12-14 13:34:56.255 28528 28528 I ActivityThread: finishPreloaded preloadStatus 0
12-14 13:34:56.260  1592  2780 D HwFingerprintService: CODE_FINGERPRINT_LOGO_POSITION
12-14 13:34:56.260  1592  2780 D HwFingerprintService: fingerprintd getFingerprintLogoPosition = -1
12-14 13:34:56.260  1592  2780 D HwFingerprintService: fingerprintd HardwarePosition = 27263850 38208442
12-14 13:34:56.262  1592  2780 D HwFingerprintService: CODE_GET_HIGHLIGHT_SPOT_RADIUS_RULE
12-14 13:34:56.262  1592  2780 D HwFingerprintService: getHighLightspotRadius start
12-14 13:34:56.262  1592  2780 I HwFpServiceToHalUtils: sendCommandToHal: result97, command: 902
12-14 13:34:56.262  1592  2780 I HwFingerprintService: fingerprintd getHighLightspotRadius = 97
12-14 13:34:56.284  1592  2780 W ActivityManager: Receiver with filter android.content.IntentFilter@95524fc already registered for pid 28528, callerPackage is com.huawei.aod
12-14 13:34:56.338  1592  1785 I DisplayPowerController: mPowerState.mScreenChangedReason: 2 mPendingRequestLocked.mScreenChangeReason 2
12-14 13:34:56.338  1592  1785 I DisplayPowerController: UL_Power Blocking screen off
12-14 13:34:56.338  1592  1785 I DisplayPowerController: UL_PowerUnblocked screen off after 0 ms
12-14 13:34:56.352  1592  1759 I TaskSnapshot: taskId:1076 Callers=com.android.server.wm.TaskSnapshotCache.putSnapshot:6534092 com.android.server.wm.TaskSnapshotController.snapshotTasks:3276940 com.android.server.wm.TaskSnapshotController.lambda$screenTurningOff$2$TaskSnapshotController:430848 android.os.Handler.handleCallback:5385648 android.os.Handler.dispatchMessage:5516000 android.os.Looper.loop:4042780 android.os.HandlerThread.run:4028256 com.android.server.ServiceThread.run:4639164 
12-14 13:34:56.353  1592  1785 D ActivityTaskManager: Top Process State changed to PROCESS_STATE_TOP_SLEEPING
12-14 13:34:56.376  1592  1757 I AOD_HwPWM: startAodService mAodSwitch=0 mAODState=101 aodState=103 mIsFingerprintEnabledBySettings=false mFingerprintType=1
12-14 13:34:56.376  1592  1757 I HwPhoneWindowManager: AOD not display, finger not enable, return.
12-14 13:34:56.379  1592  1759 I HwWindowManagerServiceEx: com.hmsecosystem.calculator blur level: -1
12-14 13:34:56.379  1592  1759 I HwWindowManagerServiceEx: getBlurLevel: 0
12-14 13:34:56.382  1592  1757 D HwPhoneWindowManager: finish hwSetFeatureConfig with state: 0 stateString: 0 result: 1
12-14 13:34:56.382  1592  1757 I AOD_HwPWM: startAodService audio enabled
12-14 13:34:56.382  1592  1757 W AOD_HwPWM:  handleAodState aodState:103
12-14 13:34:56.383  1592  1757 W HwAodManagerService: setPowerState new mPowerState = 101, powerState = 101 , mFingerStatus = 0
12-14 13:34:56.383  1592  1757 W ContextImpl: Calling a method in the system process without a qualified user: android.app.ContextImpl.startService:2951640 com.android.server.policy.HwPhoneWindowManager.handleAodState:2351468 com.android.server.policy.HwPhoneWindowManager.startAodService:2514384 android.os.Handler.handleCallback:5385648 android.os.Handler.dispatchMessage:5516000 
12-14 13:34:56.391  1592  1785 I HwPhoneWindowManager: UL_PowerscreenTurnedOff
12-14 13:34:56.392  1592  1785 I PickUpWakeScreenManager: isScreenOff:true, mIsPickupSwitchOn:true
12-14 13:34:56.394  1592  6583 I WindowManager: mAodShowing=false isWindowManagerDrawComplete=false
12-14 13:34:56.394  1592  6583 I WindowManager: Policy visibility false: Window{9572499 u0 InputMethod}
12-14 13:34:56.397  1592  1785 I HwNormalizedAutomaticBrightnessController: setBrightnessNoLimit set auto Brightness=-1,time=500
12-14 13:34:56.397  1592  1785 I HwNormalizedManualBrightnessController: setBrightnessNoLimit set brightness=-1,time=500
12-14 13:34:56.401  1592  1785 E ColorFade: eglDestroySurface failed: error 12301
12-14 13:34:56.401  1592  1785 E ColorFade: java.lang.Throwable
12-14 13:34:56.401  1592  1785 E ColorFade: 	at com.android.server.display.ColorFade.logEglError(libmapleservices.so:361456)
12-14 13:34:56.401  1592  1785 E ColorFade: 	at com.android.server.display.ColorFade.destroyEglSurface(libmapleservices.so:1030316)
12-14 13:34:56.401  1592  1785 E ColorFade: 	at com.android.server.display.ColorFade.dismissResources(libmapleservices.so:3346012)
12-14 13:34:56.401  1592  1785 E ColorFade: 	at com.android.server.display.DisplayPowerController.animateScreenStateChange(libmapleservices.so:4299736)
12-14 13:34:56.401  1592  1785 E ColorFade: 	at com.android.server.display.DisplayPowerController.updatePowerState(libmapleservices.so:4305456)
12-14 13:34:56.401  1592  1785 E ColorFade: 	at com.android.server.display.DisplayPowerController$DisplayControllerHandler.handleMessage(libmapleservices.so:4360308)
12-14 13:34:56.401  1592  1785 E ColorFade: 	at android.os.Handler.dispatchMessage(libmapleframework.so:5516088)
12-14 13:34:56.401  1592  1785 E ColorFade: 	at android.os.Looper.loop(libmapleframework.so:4042780)
12-14 13:34:56.401  1592  1785 E ColorFade: 	at android.os.HandlerThread.run(libmapleframework.so:4028256)
12-14 13:34:56.401  1592  1785 E ColorFade: 	at com.android.server.ServiceThread.run(libmapleservices.so:4639164)
12-14 13:34:56.401  1592  1785 I HwColorFadeEx: destroy dawn animation GL resources
12-14 13:34:56.402  1592  1785 I HwNormalizedAutomaticBrightnessController: Disable LightSensor starting...
12-14 13:34:56.404  1592  1768 I HwAudioServiceEx: ComponentInfo : className = com.hmsecosystem.calculator.MainActivity, flag = onPause, isHomeActivity = , isTop = false
12-14 13:34:56.404  1592  2395 W HwAudioServiceEx: SoundEffectState bundle get reserved is invalid
12-14 13:34:56.404  1592  2395 I HwAudioServiceEx: sendAppKilledIntentForKit, isKitPackageOnPause = false, isKitPackageKill = false, isKitPackageOnResume = false
12-14 13:34:56.406  1592  1785 I HwBrightnessSceneController: updateLightSensorEnabled LightSensorEnabled=false
12-14 13:34:56.407  1592  1785 I DisplayPowerController: Animating brightness: target=0, rate=0,brightnessTargetReal=0,AutoBrightness=true
12-14 13:34:56.407  1592  1785 I DisplayPowerController: update mPowerPolicyChangeFromDimming set screen_auto_brightness db=0 when poweroff from dim
12-14 13:34:56.407  1592  1785 I HwNormalizedRampAnimator: hbm_dimming target=0 rate=0 duration=0.0
12-14 13:34:56.407  1592  1785 V DisplayPowerController: Brightness [0] reason changing to: 'screen_off', previous reason: 'automatic'.
12-14 13:34:56.408  1592  1785 I DisplayPowerController: mPowerState.mScreenChangedReason: 2 mPendingRequestLocked.mScreenChangeReason 2
12-14 13:34:56.408  1592  1785 I DisplayPowerController: Animating brightness: target=0, rate=0,brightnessTargetReal=0,AutoBrightness=true
12-14 13:34:56.408  1592  2468 I DisplayPowerState: set screen turn off reason mScreenChangedReason: 2
12-14 13:34:56.409  1592  2468 D HwPhoneWindowManager: finish hwSetFeatureConfig with result: 0 reasonString: 2
12-14 13:34:56.411  1592  2465 I HwNormalizedAutomaticBrightnessController: updateProximityState, isProximityState=false
12-14 13:34:56.419  1592  1759 W ProcessStats: Tracking association SourceState{950f2d5 com.hmsecosystem.calculator/10387 Top #185653} whose proc state 1 is better than process ProcessState{9386e6d com.huawei.hwid.core/10073 pkg=com.huawei.hwid} proc state 3 (8 skipped)
12-14 13:34:56.422  1592  1759 V ActivityTaskManager: Activity idle: null
12-14 13:34:56.422  1592  6583 D HwConnectivityServiceEx: set 10387 wlan0 value false
12-14 13:34:56.423  1592  1759 D ActivityTaskManager: Ignore adjust for same activity when stop r:ActivityRecord{95e37c9 u0 com.hmsecosystem.calculator/.MainActivity t1076}
12-14 13:34:56.423  1592  6583 I JobScheduler.Time: Add job to TimeTracking: 9304f2b #u0a387/1 com.hmsecosystem.calculator/androidx.work.impl.background.systemjob.SystemJobService, delayTime:514873871, deadlineTime:9223372036854775807
12-14 13:34:56.423  1592  1759 V ActivityTaskManager: Activity idle: null
12-14 13:34:56.432  1592  6111 V ActivityManager: Successfully start provider ContentProviderRecord{9368b4d u0 com.huawei.android.thememanager/.mvp.view.provider.ThemeManagerProvider} launchingApp=ProcessRecord{94c5409 25604:com.huawei.android.thememanager/u0a102} caller pid= 2528
12-14 13:34:56.439  1592  1757 W AOD_HwPWM:  startAodService end success.
12-14 13:34:56.439  1592  1757 I PickUpWakeScreenManager: updateDeviceListener mIsPickupSwitchOn:true, isInWindowsCastMode:false
12-14 13:34:56.439  1592  1759 V ActivityTaskManager: Activity idle: null
12-14 13:34:56.442  1592  1759 V LocalDisplayAdapter: getDisplayDeviceInfoLocked called,1176x2400, 1176x2400displayCutout DisplayCutout{insets=Rect(0, 72 - 0, 0) waterfall=Insets{left=0, top=0, right=0, bottom=0} boundingRect={Bounds=[Rect(0, 0 - 0, 0), Rect(354, 0 - 822, 72), Rect(0, 0 - 0, 0), Rect(0, 0 - 0, 0)]}}
12-14 13:34:56.442  1592  1759 I DisplayManagerService: Display device changed state: "Built-in screen", OFF
12-14 13:34:56.443  2913  3295 I HidataAppQoeP: foregroundUidRemove uid: 10387 name: com.hmsecosystem.calculator
12-14 13:34:56.443  1592  1759 V ActivityTaskManager: Activity idle: null
12-14 13:34:56.455  1592  1760 I WindowManager: mAodShowing=false isWindowManagerDrawComplete=false
12-14 13:34:56.457  1592  1760 D LogicalDisplay: configureDisplayLocked mTempLayerStackRect=Rect(0, 0 - 1176, 2400) mTempDisplayRect=Rect(0, 0 - 1176, 2400) orientation = 0
12-14 13:34:56.457  1592  1760 I DisplayDevice: setProjectionLocked displayId 0 orientation(0->0) LayerStackRect(Rect(0, 0 - 1176, 2400)->Rect(0, 0 - 1176, 2400)) DisplayRect(Rect(0, 0 - 1176, 2400)->Rect(0, 0 - 1176, 2400))
12-14 13:34:56.457  1592  1760 I DisplayDevice: isNeedRefreshOrientaion orientation 0
12-14 13:34:56.457  2913  3295 E BoosterUtil: convertSubIdToSlotId failed, subId:0, slotId:-1
12-14 13:34:56.457  2913  3295 E BoosterUtil: getDefaultDataSlotId failed, invalid slotId:-1, subId:0
12-14 13:34:56.463  2913  3295 I SmartDualCardConfig: getAppType,pkgName=com.hmsecosystem.calculator,appType=-1
12-14 13:34:56.463  2913  3295 E SmartDualCardConfig: isAppInBlackList false,items==null
12-14 13:34:56.463  2913  3295 I SmartDualCardConfig: isAppInWhiteList false,uid=10387
12-14 13:34:56.463  2913  3295 E ScgQuickAddManager: uidInfo.isForeGroundUid() is false
12-14 13:34:56.465  1592  6583 I JobScheduler.Time: realNextDelayExpiredElapsedMillis: 514873871 mNextDelayExpiredElapsedMillis:514873871
12-14 13:34:56.465  1592  1592 I HwMultiDisplayManager: onDisplayChanged: 0
12-14 13:34:56.466  1592  1757 I HwActivityStackSupervisorEx: handleVrDisplayChanged displayId = 0
12-14 13:34:56.466  1592  1757 W HwActivityStackSupervisorEx: handleVrDisplayChanged other vr mode displayId: 0
12-14 13:34:56.466  1592  1760 I WindowManager: mAodShowing=false isWindowManagerDrawComplete=false
12-14 13:34:56.473  1592  2801 W ProcBatteryStats: timer is running , not start, name: com.android.phone, uid: 1001, tag: *telephony-radio*
12-14 13:34:56.483  1592  2801 I HwNetworkPolicy: onTransact, code = 12
12-14 13:34:56.504  1592  2803 I WindowManager: notifyAppStopped: AppWindowToken{95e36e9 token=Token{953ec7c ActivityRecord{95e37c9 u0 com.hmsecosystem.calculator/.MainActivity t1076}}}
12-14 13:34:56.514  1592  2803 W ProcBatteryStats: timer is not running , not stop, name: com.android.phone, uid: 1001, tag: *telephony-radio*
12-14 13:34:56.623  1592  1785 I DisplayPowerController: mPowerState.mScreenChangedReason: 2 mPendingRequestLocked.mScreenChangeReason 2
12-14 13:34:56.624  1592  1785 I DisplayPowerController: Animating brightness: target=0, rate=0,brightnessTargetReal=0,AutoBrightness=true
12-14 13:34:56.624  1592  1785 I PowerManagerService: need release DisplaySuspendBlocker
12-14 13:34:56.628  1592  2803 D HwStorageManagerService: setScreenStateFlag
12-14 13:34:56.629   519   622 D vold    : begin lockScreenPrepare
12-14 13:34:56.629   519   622 D vold    : fscrypt_lock_screen_prepare flag is: 1 user_id:0
12-14 13:34:56.642  1592  2803 I HwFingerprintService:  Remaining Num Attempts = 5
12-14 13:34:56.646  1592  2780 I HwPhoneWindowManager: onShowingChangedL: true
12-14 13:34:56.658  1592  2803 D ActivityTaskManager: canShowActivityWhileKeyguardShowing false r=ActivityRecord{95e37c9 u0 com.hmsecosystem.calculator/.MainActivity t1076}
12-14 13:34:56.658  1592  2803 V WindowManager: commitVisibility: AppWindowToken{95e36e9 token=Token{953ec7c ActivityRecord{95e37c9 u0 com.hmsecosystem.calculator/.MainActivity t1076}}}: hidden=true hiddenRequested=true
12-14 13:34:56.662  1592  2803 I WindowManager: Changing focus from Window{94325b9 u0 com.hmsecosystem.calculator/com.hmsecosystem.calculator.MainActivity} to null displayId=0 Callers=com.android.server.wm.RootWindowContainer.updateFocusedWindowLocked:4607492 com.android.server.wm.WindowManagerService.updateFocusedWindowLocked:4604852 com.android.server.wm.AppWindowToken.commitVisibility:3536088 com.android.server.wm.AppWindowToken.setVisibility:3689800 
12-14 13:34:56.662  1592  2803 I HwDisplayContentEx: currentFocus windowstate null
12-14 13:34:56.662  1592  2803 E ZrHung.AppEyeFocusWindow: NFW check!
12-14 13:34:56.664  1592  2780 I ActivityManager: sendIntentSender target:PendingIntentRecord{948e221 com.huawei.powergenie broadcastIntent}, intent:hwFlg=0x10
12-14 13:34:56.665  1592  2803 I WindowManager: mAodShowing=false isWindowManagerDrawComplete=false
12-14 13:34:56.665  1592  2803 I WindowManager: Policy visibility false: Window{8cc4251 u0 AssistPreviewPanel}
12-14 13:34:56.667  1592  2803 I WindowManager: Animation done in AppWindowToken{95e36e9 token=Token{953ec7c ActivityRecord{95e37c9 u0 com.hmsecosystem.calculator/.MainActivity t1076}}} isHidden:true hiddenRequested:true
12-14 13:34:56.667  1592  2803 I WindowManager: Attempted to take screenshot while display was off.
12-14 13:34:56.667  1592  2803 I WindowManager: notifyAppStopped: AppWindowToken{95e36e9 token=Token{953ec7c ActivityRecord{95e37c9 u0 com.hmsecosystem.calculator/.MainActivity t1076}}}
12-14 13:34:56.668  1592  2803 I KeyguardStateMonitor: onPendingLock pendingLock: false
12-14 13:34:56.669  1592  1760 I WindowManager: mAodShowing=false isWindowManagerDrawComplete=false
12-14 13:34:56.675  1592  1759 W UsageStatsService: Event reported without a package name, eventType:17
12-14 13:34:56.675  1592  1759 W UsageStatsService: Event reported without a package name, eventType:17
12-14 13:34:56.675  1592  1592 I HwBatteryService: intent = Intent { act=android.intent.action.SCREEN_OFF flg=0x58200010 }
12-14 13:34:56.676  1592  1759 I StorageManagerService: onKeyguardStateChanged true
12-14 13:34:56.681  1592  2801 I ActivityManager: sendIntentSender target:PendingIntentRecord{948e221 com.huawei.powergenie broadcastIntent}, intent:hwFlg=0x10
12-14 13:34:56.683  1592  2355 I JobScheduler.Time: Add job to TimeTracking: 9304fd9 #1000/919 android/com.android.server.FstrimServiceIdler, delayTime:516672149, deadlineTime:9223372036854775807
12-14 13:34:56.689  1592  2803 I ActivityManager: sendIntentSender target:PendingIntentRecord{948e221 com.huawei.powergenie broadcastIntent}, intent:hwFlg=0x10
12-14 13:34:56.697  1592  2801 I ActivityManager: sendIntentSender target:PendingIntentRecord{948e221 com.huawei.powergenie broadcastIntent}, intent:hwFlg=0x10
12-14 13:34:56.697  1592  2803 E WindowManager: win=Window{94325b9 u0 com.hmsecosystem.calculator/com.hmsecosystem.calculator.MainActivity} destroySurfaces: appStopped=true win.mWindowRemovalAllowed=false win.mRemoveOnExit=false
12-14 13:34:56.698  2913  2913 I HwKeystoreServiceImpl: User lock userId:0
12-14 13:34:56.699  1592  2803 I WindowManager: mAodShowing=false isWindowManagerDrawComplete=false
12-14 13:34:56.700  1592  2803 I HwWindowManagerServiceEx: setLandAnimationInfo : false
12-14 13:34:56.707 27823 27823 I ActivityThread: Handle window ActivityRecord{f2ccde7 token=android.os.BinderProxy@3bca8d1 {com.hmsecosystem.calculator/com.hmsecosystem.calculator.MainActivity}} visibility: false
12-14 13:34:56.709  1592  2428 D HwStorageManagerService: getKeyDesc
12-14 13:34:56.709   519   622 D vold    : begin getKeyDesc
12-14 13:34:56.709  1592  2428 D HwStorageManagerService: getKeyDesc
12-14 13:34:56.709   519   622 D vold    : begin getKeyDesc
12-14 13:34:56.710  1592  2428 D HwStorageManagerService: getPreLoadPolicyFlag
12-14 13:34:56.710   519   622 D vold    : begin getPrepareFlag
12-14 13:34:56.710   519   622 D vold    : e4crypt_get_lock_screen_prepare_flag flag is: 1 user_id:0
12-14 13:34:56.710  1592  3181 I ActivityManager: sendIntentSender target:PendingIntentRecord{948e221 com.huawei.powergenie broadcastIntent}, intent:hwFlg=0x10
12-14 13:34:56.710  1592  2428 D HwStorageManagerService: getPreLoadPolicyFlag
12-14 13:34:56.710   519   622 D vold    : begin getPrepareFlag
12-14 13:34:56.710   519   622 D vold    : e4crypt_get_lock_screen_prepare_flag flag is: 1 user_id:0
12-14 13:34:56.712  1592  2428 D HwStorageManagerService: getPreLoadPolicyFlag
12-14 13:34:56.712   519   622 D vold    : begin getPrepareFlag
12-14 13:34:56.712   519   622 D vold    : e4crypt_get_lock_screen_prepare_flag flag is: 1 user_id:0
12-14 13:34:56.712  1592  2428 D HwStorageManagerService: getPreLoadPolicyFlag
12-14 13:34:56.712   519   622 D vold    : begin getPrepareFlag
12-14 13:34:56.712   519   622 D vold    : e4crypt_get_lock_screen_prepare_flag flag is: 1 user_id:0
12-14 13:34:56.718  1592  2365 I WifiP2pService: InactiveState143467
12-14 13:34:56.718  1592  2365 I WifiP2pService: P2pEnabledState when=55817876 what=143467 arg1=0 arg2=0
12-14 13:34:56.719  1592  2365 I WifiP2pService: DefaultStatewhen=55817876 what=143467 arg1=0 arg2=0
12-14 13:34:56.734  1592  2801 D HwConnectivityServiceEx: set 10323 wlan0 value true
12-14 13:34:56.734  1592  2801 I ConnectivityService: B uid 10323
12-14 13:34:56.738  1592  2780 I StatusBarDisable: setFlags what=3200000 which=1 pkg=com.android.systemui
12-14 13:34:56.738  1592  2780 I StatusBarDisable: disableLocked mBar.disable net1=3200000 net2=0 pkg=com.android.systemui what=3200000
12-14 13:34:56.744  1592  1771 I HWMW_HwMagicWindowManagerService: Handle screen off
12-14 13:34:56.748  1592  2780 V ActivityManager: Successfully start provider ContentProviderRecord{92fcdb0 u0 com.huawei.android.launcher/.LauncherProvider} launchingApp=null caller pid= 2528
12-14 13:34:56.750  1592  2780 I WindowManager: setActivityVisibleInFingerBoost callingPid: 2986
12-14 13:34:56.751  2929  4405 D FaceHidlAdapter: daemon init result val = 0 package = com.android.systemui
12-14 13:34:56.758  2929  4405 D FaceHidlAdapter: daemon init result val = 0 package = com.android.systemui
12-14 13:34:56.760  2913  3295 I KernelQoeChr: KernelQoeChrhandleMessage : msg = 2130903100
12-14 13:34:56.760  2913  3295 I KernelQoeChr: updateScreenState mIsScreenOn:false
12-14 13:34:56.761  2913  3295 I CommBoosterRequest: mModemId = 0slot id = 0
12-14 13:34:56.763  1592  3181 I WindowManager: mAodShowing=false isWindowManagerDrawComplete=false
12-14 13:34:56.765  1592  3181 I WindowManager: dispatchResized : win = Window{8cc7ae1 u0 StatusBar} drawState = DRAW_PENDING
12-14 13:34:56.766  1592  3181 I WindowManager: mAodShowing=false isWindowManagerDrawComplete=false
12-14 13:34:56.768  1592  3181 I WindowManager: Changing focus from null to Window{8cc7ae1 u0 StatusBar} displayId=0 Callers=com.android.server.wm.RootWindowContainer.updateFocusedWindowLocked:4607492 com.android.server.wm.WindowManagerService.updateFocusedWindowLocked:4604852 com.android.server.wm.WindowManagerService.relayoutWindow:4770292 com.android.server.wm.Session.relayout:4773808 
12-14 13:34:56.769  1592  3181 I HwPhoneWindowManager: StatusToSurfaceFlinger Window{8cc7ae1 u0 StatusBar} sideMode = 1 notchMode = 0 dataIn val = 4
12-14 13:34:56.769  1592  3181 I HwDisplayContentEx: currentFocus windowstate not null
12-14 13:34:56.769  1592  3181 E ZrHung.AppEyeFocusWindow: cancel check
12-14 13:34:56.770  1592  3181 I HwDisplayContentEx: trans currentFocus windowstate not null
12-14 13:34:56.770  1592  1757 I StatusBarDisable: setFlags what=0 which=1 pkg=Window{8cc7ae1 u0 StatusBar}
12-14 13:34:56.774  1592  2328 D HwActivityManagerServiceEx: notifyAppToTop pid:2528, enable:1
12-14 13:34:56.774  1592  2328 D HwActivityManagerServiceEx: notifyAppToTop pid:27823, enable:0
12-14 13:34:56.776 27823 27823 D RtgSched: resetRtgSchedHandle failed enable:0
12-14 13:34:56.778  2913  3295 E BoosterUtil: convertSubIdToSlotId failed, subId:0, slotId:-1
12-14 13:34:56.778  2913  3295 E BoosterUtil: getDefaultDataSlotId failed, invalid slotId:-1, subId:0
12-14 13:34:56.782  2913  3295 E BoosterUtil: convertSubIdToSlotId failed, subId:0, slotId:-1
12-14 13:34:56.782  2913  3295 E BoosterUtil: getDefaultDataSlotId failed, invalid slotId:-1, subId:0
12-14 13:34:56.782  2913  3295 E BoosterUtil: convertSubIdToSlotId failed, subId:0, slotId:-1
12-14 13:34:56.782  2913  3295 E BoosterUtil: getDefaultDataSlotId failed, invalid slotId:-1, subId:0
12-14 13:34:56.782  2913  3295 E BoosterGameP: inValidCQI:-1
12-14 13:34:56.783  2913  3295 E BoosterUtil: convertSubIdToSlotId failed, subId:0, slotId:-1
12-14 13:34:56.783  2913  3295 E BoosterUtil: getDefaultDataSlotId failed, invalid slotId:-1, subId:0
12-14 13:34:56.784  2913  3295 E BoosterUtil: convertSubIdToSlotId failed, subId:0, slotId:-1
12-14 13:34:56.784  2913  3295 E BoosterUtil: getDefaultDataSlotId failed, invalid slotId:-1, subId:0
12-14 13:34:56.785  2913  3295 E BoosterUtil: convertSubIdToSlotId failed, subId:0, slotId:-1
12-14 13:34:56.785  2913  3295 E BoosterUtil: getDefaultDataSlotId failed, invalid slotId:-1, subId:0
12-14 13:34:56.786  2913  3295 E BoosterUtil: convertSubIdToSlotId failed, subId:0, slotId:-1
12-14 13:34:56.786  2913  3295 E BoosterUtil: getDefaultDataSlotId failed, invalid slotId:-1, subId:0
12-14 13:34:56.787  2913  3295 E BoosterUtil: convertSubIdToSlotId failed, subId:0, slotId:-1
12-14 13:34:56.787  2913  3295 E BoosterUtil: getDefaultDataSlotId failed, invalid slotId:-1, subId:0
12-14 13:34:56.788  2913  3295 E BoosterUtil: convertSubIdToSlotId failed, subId:0, slotId:-1
12-14 13:34:56.788  2913  3295 E BoosterUtil: getDefaultDataSlotId failed, invalid slotId:-1, subId:0
12-14 13:34:56.789  2913  3295 E BoosterUtil: convertSubIdToSlotId failed, subId:0, slotId:-1
12-14 13:34:56.789  2913  3295 E BoosterUtil: getDefaultDataSlotId failed, invalid slotId:-1, subId:0
12-14 13:34:56.790  2913  3295 E BoosterUtil: convertSubIdToSlotId failed, subId:0, slotId:-1
12-14 13:34:56.790  2913  3295 E BoosterUtil: getDefaultDataSlotId failed, invalid slotId:-1, subId:0
12-14 13:34:56.790  2913  3295 I DeepNoDisturbSM: setScreenState isScreenOn=false
12-14 13:34:56.790  2913  2913 I DeepNoDisturbSM: IdleState processMessage msg.what=EVENT_SCREEN_OFF
12-14 13:34:56.790  2913  2913 I DeepNoDisturbSM: IdleState: default msg.what=11
12-14 13:34:56.791  2913  3295 E BoosterUtil: convertSubIdToSlotId failed, subId:0, slotId:-1
12-14 13:34:56.791  2913  3295 E BoosterUtil: getDefaultDataSlotId failed, invalid slotId:-1, subId:0
12-14 13:34:56.792  1592  2801 I WindowManager: mAodShowing=false isWindowManagerDrawComplete=false
12-14 13:34:56.792  2913  3295 E BoosterUtil: convertSubIdToSlotId failed, subId:0, slotId:-1
12-14 13:34:56.792  2913  3295 E BoosterUtil: getDefaultDataSlotId failed, invalid slotId:-1, subId:0
12-14 13:34:56.793  2913  3295 E BoosterUtil: convertSubIdToSlotId failed, subId:0, slotId:-1
12-14 13:34:56.793  2913  3295 E BoosterUtil: getDefaultDataSlotId failed, invalid slotId:-1, subId:0
12-14 13:34:56.793  2913  3295 I HidataAppQoeP: other status.
12-14 13:34:56.794  2913  3295 E BoosterUtil: convertSubIdToSlotId failed, subId:0, slotId:-1
12-14 13:34:56.794  2913  3295 E BoosterUtil: getDefaultDataSlotId failed, invalid slotId:-1, subId:0
12-14 13:34:56.794  2913  3295 I PreDnsQuery: No need to handled!
12-14 13:34:56.794  2913  3295 I NetworkQoeChr: end qoe report
12-14 13:34:56.795  1592  2333 E WindowManager: win=Window{91eba09 u0 GestureNavBottom} destroySurfaces: appStopped=true win.mWindowRemovalAllowed=false win.mRemoveOnExit=false
12-14 13:34:56.797  1592  2333 I WindowManager: mAodShowing=false isWindowManagerDrawComplete=false
12-14 13:34:56.825  1592  1757 I HwPhoneWindowManager: OverscanTimeout run
12-14 13:34:56.826  1592  3181 W ActivityManager: Receiver with filter android.content.IntentFilter@95bd2f3 already registered for pid 2693, callerPackage is com.huawei.systemmanager
12-14 13:34:56.826  1592  1760 I WindowManager: mAodShowing=false isWindowManagerDrawComplete=false
12-14 13:34:56.826  1592  2780 W ActivityManager: Receiver with filter android.content.IntentFilter@9552409 already registered for pid 2693, callerPackage is com.huawei.systemmanager
12-14 13:34:56.827  1592  2780 W ActivityManager: Receiver with filter android.content.IntentFilter@9552409 already registered for pid 2693, callerPackage is com.huawei.systemmanager
12-14 13:34:56.833  1592  2801 I WindowManager: mAodShowing=false isWindowManagerDrawComplete=false
12-14 13:34:56.839  1592  1760 I WindowManager: mAodShowing=false isWindowManagerDrawComplete=false
12-14 13:34:56.852  1592  3181 I WindowManager: mAodShowing=false isWindowManagerDrawComplete=false
12-14 13:34:56.868  1592  1768 I HwActivityTaskManagerServiceEx: OverscanTimeout run
12-14 13:34:56.883  1592  3181 E WifiPermissionsUtil: getUidPermission is DENIED and permissionType android.permission.ACCESS_FINE_LOCATIONuid 1002
12-14 13:34:56.940  1592  1592 I HwSwingEyeGazeHub: on receive action : android.intent.action.SCREEN_OFF
12-14 13:34:56.940  1592  1592 I HwSwingEyeGazeHub: PowerManagerCallback not registered yet !
12-14 13:34:56.950  1592  1759 I WindowManager: handle SET_LAUNCHER_VISIBLE_IN_FINGER_BOOST isVisible:false isNeedHandleWallpaperScale: true
12-14 13:34:56.951  1592  1759 D WindowManager: setLauncherVisibleInFingerBoost record=ActivityRecord{939b759 u0 com.huawei.android.launcher/.unihome.UniHomeLauncher t1}
12-14 13:34:56.951  1592  1759 I WindowManager: setLauncherVisible setAlpha to 0.0
12-14 13:34:56.951  1592  1759 D WindowManager: setLauncherVisible wallpaperScale=true
12-14 13:34:56.952  1592  1759 D WindowManager: WS setWallpaperScale dw=1176 dh=2400 scaleX=1.1 scaleY=1.1 transX=-58.800014 transY=-120.00003
12-14 13:34:56.968  1592  2333 E WindowManager: win=Window{9293809 u0 GestureNavLeft} destroySurfaces: appStopped=true win.mWindowRemovalAllowed=false win.mRemoveOnExit=false
12-14 13:34:56.969  1592  2333 I WindowManager: mAodShowing=false isWindowManagerDrawComplete=false
12-14 13:34:56.977  1592  2333 E WindowManager: win=Window{9293851 u0 GestureNavRight} destroySurfaces: appStopped=true win.mWindowRemovalAllowed=false win.mRemoveOnExit=false
12-14 13:34:56.979  1592  2333 I WindowManager: mAodShowing=false isWindowManagerDrawComplete=false
12-14 13:34:57.019  1592  3181 D HwConnectivityServiceEx: set 10045 NULL value true
12-14 13:34:57.019  1592  3181 I ConnectivityService: B uid 10045
12-14 13:34:57.019  1592  3181 D HwConnectivityServiceEx: set 10045 wlan0 value true
12-14 13:34:57.019  1592  3181 I ConnectivityService: B uid 10045
12-14 13:34:57.021  1592  3181 I chatty  : uid=1000(system) Binder:1592_16 identical 29 lines
12-14 13:34:57.021  1592  3181 I ConnectivityService: B uid 10045
12-14 13:34:57.022  1592  6583 I ConnectivityService: B uid 10045
12-14 13:34:57.023  1592  6583 I chatty  : uid=1000(system) Binder:1592_1D identical 30 lines
12-14 13:34:57.023  1592  6583 I ConnectivityService: B uid 10045
12-14 13:34:57.031  1592  3181 I ConnectivityService: B uid 10045
12-14 13:34:57.034  1592  3181 I chatty  : uid=1000(system) Binder:1592_16 identical 34 lines
12-14 13:34:57.034  1592  3181 I ConnectivityService: B uid 10045
12-14 13:34:57.034  1592  2780 I ConnectivityService: B uid 10045
12-14 13:34:57.034  1592  3181 I ConnectivityService: B uid 10045
12-14 13:34:57.034  1592  3181 I ConnectivityService: B uid 10045
12-14 13:34:57.034  1592  2780 I ConnectivityService: B uid 10045
12-14 13:34:57.034  1592  2780 I ConnectivityService: B uid 10045
12-14 13:34:57.034  1592  3181 I ConnectivityService: B uid 10045
12-14 13:34:57.034  1592  2780 I ConnectivityService: B uid 10045
12-14 13:34:57.034  1592  2780 I ConnectivityService: B uid 10045
12-14 13:34:57.034  1592  3181 I ConnectivityService: B uid 10045
12-14 13:34:57.035  1592  2780 I ConnectivityService: B uid 10045
12-14 13:34:57.035  1592  3181 I ConnectivityService: B uid 10045
12-14 13:34:57.035  1592  2780 I ConnectivityService: B uid 10045
12-14 13:34:57.035  1592  3181 I ConnectivityService: B uid 10045
12-14 13:34:57.035  1592  2780 I ConnectivityService: B uid 10045
12-14 13:34:57.035  1592  2780 I ConnectivityService: B uid 10045
12-14 13:34:57.035  1592  3181 I ConnectivityService: B uid 10045
12-14 13:34:57.035  1592  2780 I ConnectivityService: B uid 10045
12-14 13:34:57.035  1592  3181 I ConnectivityService: B uid 10045
12-14 13:34:57.035  1592  2780 I ConnectivityService: B uid 10045
12-14 13:34:57.035  1592  3181 I ConnectivityService: B uid 10045
12-14 13:34:57.035  1592  2780 I ConnectivityService: B uid 10045
12-14 13:34:57.035  1592  2780 I ConnectivityService: B uid 10045
12-14 13:34:57.035  1592  3181 I ConnectivityService: B uid 10045
12-14 13:34:57.035  1592  2780 I ConnectivityService: B uid 10045
12-14 13:34:57.035  1592  2780 I ConnectivityService: B uid 10045
12-14 13:34:57.035  1592  3181 I ConnectivityService: B uid 10045
12-14 13:34:57.035  1592  2780 I ConnectivityService: B uid 10045
12-14 13:34:57.035  1592  2780 I chatty  : uid=1000(system) Binder:1592_8 identical 1 line
12-14 13:34:57.035  1592  2780 I ConnectivityService: B uid 10045
12-14 13:34:57.035  1592  3181 I ConnectivityService: B uid 10045
12-14 13:34:57.035  1592  2780 I ConnectivityService: B uid 10045
12-14 13:34:57.035  1592  3181 I ConnectivityService: B uid 10045
12-14 13:34:57.035  1592  2780 I ConnectivityService: B uid 10045
12-14 13:34:57.035  1592  3181 I ConnectivityService: B uid 10045
12-14 13:34:57.035  1592  2780 I ConnectivityService: B uid 10045
12-14 13:34:57.035  1592  2780 I ConnectivityService: B uid 10045
12-14 13:34:57.035  1592  3181 I ConnectivityService: B uid 10045
12-14 13:34:57.035  1592  2780 I ConnectivityService: B uid 10045
12-14 13:34:57.035  1592  3181 I ConnectivityService: B uid 10045
12-14 13:34:57.035  1592  2780 I ConnectivityService: B uid 10045
12-14 13:34:57.035  1592  3181 I ConnectivityService: B uid 10045
12-14 13:34:57.035  1592  2780 I ConnectivityService: B uid 10045
12-14 13:34:57.035  1592  2780 I ConnectivityService: B uid 10045
12-14 13:34:57.035  1592  3181 I ConnectivityService: B uid 10045
12-14 13:34:57.035  1592  2780 I ConnectivityService: B uid 10045
12-14 13:34:57.035  1592  3181 I ConnectivityService: B uid 10045
12-14 13:34:57.035  1592  2780 I ConnectivityService: B uid 10045
12-14 13:34:57.035  1592  3181 I ConnectivityService: B uid 10045
12-14 13:34:57.035  1592  2780 I ConnectivityService: B uid 10045
12-14 13:34:57.036  1592  3181 I ConnectivityService: B uid 10045
12-14 13:34:57.036  1592  2780 I ConnectivityService: B uid 10045
12-14 13:34:57.036  1592  2780 I ConnectivityService: B uid 10045
12-14 13:34:57.036  1592  3181 I ConnectivityService: B uid 10045
12-14 13:34:57.036  1592  2780 I ConnectivityService: B uid 10045
12-14 13:34:57.036  1592  3181 I ConnectivityService: B uid 10045
12-14 13:34:57.036  1592  3181 I chatty  : uid=1000(system) Binder:1592_16 identical 4 lines
12-14 13:34:57.036  1592  3181 I ConnectivityService: B uid 10045
12-14 13:34:57.036  1592  2780 I ConnectivityService: B uid 10045
12-14 13:34:57.037  1592  2780 I chatty  : uid=1000(system) Binder:1592_8 identical 30 lines
12-14 13:34:57.037  1592  2780 I ConnectivityService: B uid 10045
12-14 13:34:57.127  1592  2801 D HwConnectivityServiceEx: set 1000 wlan0 value false
12-14 13:34:57.137  1592  2803 V ActivityManager: Successfully start provider ContentProviderRecord{8f5161b u0 com.huawei.pengine/.android.api.QueryContentProvider} launchingApp=ProcessRecord{956cee1 5539:com.huawei.pengine/u0a113} caller pid= 2907
12-14 13:34:57.147  1592  2780 V ActivityManager: Successfully start provider ContentProviderRecord{94dcc6c u0 com.android.gallery3d/com.huawei.gallery.provider.GalleryProvider} launchingApp=null caller pid= 27273
12-14 13:34:57.160  1592  2780 D HwConnectivityServiceEx: set 10128 wlan0 value true
12-14 13:34:57.160  1592  2780 I ConnectivityService: B uid 10128
12-14 13:34:57.162  1592  2780 I chatty  : uid=1000(system) Binder:1592_8 identical 10 lines
12-14 13:34:57.162  1592  2780 I ConnectivityService: B uid 10128
12-14 13:34:57.163  1592  3181 I ConnectivityService: B uid 10128
12-14 13:34:57.163  1592  6583 I ConnectivityService: B uid 10128
12-14 13:34:57.166  1592  6583 I chatty  : uid=1000(system) Binder:1592_1D identical 11 lines
12-14 13:34:57.166  1592  6583 I ConnectivityService: B uid 10128
12-14 13:34:57.166  1592  2780 I ConnectivityService: B uid 10128
12-14 13:34:57.167  1592  2780 I chatty  : uid=1000(system) Binder:1592_8 identical 2 lines
12-14 13:34:57.167  1592  2780 I ConnectivityService: B uid 10128
12-14 13:34:57.167  1592  3181 I ConnectivityService: B uid 10128
12-14 13:34:57.169  1592  3181 I chatty  : uid=1000(system) Binder:1592_16 identical 2 lines
12-14 13:34:57.171  1592  3181 I ConnectivityService: B uid 10128
12-14 13:34:57.172  1592  2780 V BroadcastQueue: Finished with ordered broadcast BroadcastRecord{95b2ea5 u-1 android.intent.action.SCREEN_OFF}
12-14 13:34:57.172  1592  3181 I ConnectivityService: B uid 10128
12-14 13:34:57.176  1592  3181 I chatty  : uid=1000(system) Binder:1592_16 identical 5 lines
12-14 13:34:57.177  1592  3181 I ConnectivityService: B uid 10128
12-14 13:34:57.177  1592  2803 I ConnectivityService: B uid 10128
12-14 13:34:57.177  1592  6583 I ConnectivityService: B uid 10128
12-14 13:34:57.180  1592  6583 I chatty  : uid=1000(system) Binder:1592_1D identical 6 lines
12-14 13:34:57.180  1592  6583 I ConnectivityService: B uid 10128
12-14 13:34:57.180  1592  2803 I ConnectivityService: B uid 10128
12-14 13:34:57.181  1592  6583 I ConnectivityService: B uid 10128
12-14 13:34:57.182  1592  6583 I chatty  : uid=1000(system) Binder:1592_1D identical 4 lines
12-14 13:34:57.182  1592  6583 I ConnectivityService: B uid 10128
12-14 13:34:57.183  1592  2803 I ConnectivityService: B uid 10128
12-14 13:34:57.186  1592  6583 I ConnectivityService: B uid 10128
12-14 13:34:57.190  1592  6583 I chatty  : uid=1000(system) Binder:1592_1D identical 9 lines
12-14 13:34:57.191  1592  6583 I ConnectivityService: B uid 10128
12-14 13:34:57.191  1592  2803 I ConnectivityService: B uid 10128
12-14 13:34:57.192  1592  6583 I ConnectivityService: B uid 10128
12-14 13:34:57.192  1592  2803 I ConnectivityService: B uid 10128
12-14 13:34:57.193  1592  2803 I chatty  : uid=1000(system) Binder:1592_B identical 3 lines
12-14 13:34:57.194  1592  2803 I ConnectivityService: B uid 10128
12-14 13:34:57.195  1592  6583 I ConnectivityService: B uid 10128
12-14 13:34:57.195  1592  6583 I chatty  : uid=1000(system) Binder:1592_1D identical 1 line
12-14 13:34:57.196  1592  6583 I ConnectivityService: B uid 10128
12-14 13:34:57.196  1592  2803 I ConnectivityService: B uid 10128
12-14 13:34:57.197  1592  2803 I chatty  : uid=1000(system) Binder:1592_B identical 1 line
12-14 13:34:57.197  1592  2803 I ConnectivityService: B uid 10128
12-14 13:34:57.197  1592  6583 I ConnectivityService: B uid 10128
12-14 13:34:57.198  1592  2803 V ActivityManager: Successfully start provider ContentProviderRecord{92affa7 u0 com.huawei.videoeditor/com.huawei.hms.ml.mediacreative.provider.VideoEditorProvider} launchingApp=null caller pid= 2907
12-14 13:34:57.198  1592  6583 I ConnectivityService: B uid 10128
12-14 13:34:57.199  1592  6583 I chatty  : uid=1000(system) Binder:1592_1D identical 3 lines
12-14 13:34:57.200  1592  6583 I ConnectivityService: B uid 10128
12-14 13:34:57.200  1592  3181 I ConnectivityService: B uid 10128
12-14 13:34:57.201  1592  6583 I ConnectivityService: B uid 10128
12-14 13:34:57.205  1592  6583 I chatty  : uid=1000(system) Binder:1592_1D identical 5 lines
12-14 13:34:57.206  1592  6583 I ConnectivityService: B uid 10128
12-14 13:34:57.207  1592  2803 I ConnectivityService: B uid 10128
12-14 13:34:57.208  1592  6583 I ConnectivityService: B uid 10128
12-14 13:34:57.208  1592  6583 I chatty  : uid=1000(system) Binder:1592_1D identical 1 line
12-14 13:34:57.208  1592  6583 I ConnectivityService: B uid 10128
12-14 13:34:57.437  1592  6583 I PowerManagerService: wakeLock.mDisabled:true, mDeviceIdleMode:false, mProcState:20
12-14 13:34:57.444  1592  1592 I RoleManagerService: Granting default permissions...
12-14 13:34:57.444  1592  1756 V RemoteService: ensureBound()
12-14 13:34:57.465  1592  2801 D PackageManager: Replacing preferredadd pref activity com.android.mms/.ui.ComposeMessageActivity from uid 1001
12-14 13:34:57.465  1592  2801 I HwPreferredActivityManager: the filter does not meet the requirement
12-14 13:34:57.466  1592  2801 I PackageManager: Returning preferred activity: com.huawei.android.launcher/com.huawei.android.launcher.unihome.UniHomeLauncher
12-14 13:34:57.467  1592  2801 D PackageManager: Replacing preferredadd pref activity com.android.mms/.ui.ComposeMessageActivity from uid 1001
12-14 13:34:57.467  1592  2801 I HwPreferredActivityManager: the filter does not meet the requirement
12-14 13:34:57.467  1592  2801 I PackageManager: Returning preferred activity: com.huawei.android.launcher/com.huawei.android.launcher.unihome.UniHomeLauncher
12-14 13:34:57.559  1592  3181 D PackageManager: Replacing preferredadd pref activity com.android.mms/.ui.ComposeMessageActivity from uid 10049
12-14 13:34:57.559  1592  3181 I HwPreferredActivityManager: the filter does not meet the requirement
12-14 13:34:57.559  1592  1592 W Looper  : Slow dispatch took 114ms main h=android.app.ActivityThread$H c=android.app.-$$Lambda$LoadedApk$ReceiverDispatcher$Args$_BumDX2UKsnxLVrE6UJsJZkotuA@95abf89 m=0
12-14 13:34:57.560  1592  3181 I PackageManager: Returning preferred activity: com.huawei.android.launcher/com.huawei.android.launcher.unihome.UniHomeLauncher
12-14 13:34:57.563  1592  3181 D PackageManager: Replacing preferredadd pref activity com.android.mms/.ui.ComposeMessageActivity from uid 10049
12-14 13:34:57.564  1592  3181 I HwPreferredActivityManager: the filter does not meet the requirement
12-14 13:34:57.566  1592  3181 I PackageManager: Returning preferred activity: com.huawei.android.launcher/com.huawei.android.launcher.unihome.UniHomeLauncher
12-14 13:34:57.594  1592  6111 I PackageManager: currentPackageName: com.huawei.android.launcher, packageName: com.huawei.android.launcher
12-14 13:34:57.594  1592  6111 I PackageManager: packageName: com.huawei.android.launcher is already default home
12-14 13:34:57.666  1592  3181 I ActivityManager: Process com.android.gallery3d:vision (pid 27273) has died: fore SVC 
12-14 13:34:57.666  1592  2395 W HwAudioServiceEx: SoundEffectState bundle get reserved is invalid
12-14 13:34:57.666  1592  3181 D ActivityManager: cleanUpApplicationRecord app: 27273:com.android.gallery3d:vision/u0a128, bad: false, restarting: false, allowRestart: true
12-14 13:34:57.666  1592  2395 I HwAudioServiceEx: sendAppKilledIntentForKit, isKitPackageOnPause = false, isKitPackageKill = false, isKitPackageOnResume = false
12-14 13:34:57.667  1592  1768 I HwPowerManagerService: appdie release wakelock, pid = 27273, uid = 10128
12-14 13:34:58.214  1592  9914 I ConnectivityService: B uid 10128
12-14 13:34:58.222  1592  6583 I ConnectivityService: B uid 10128
12-14 13:34:58.224  1592  6583 I chatty  : uid=1000(system) Binder:1592_1D identical 6 lines
12-14 13:34:58.224  1592  6583 I ConnectivityService: B uid 10128
12-14 13:34:58.225  1592  3172 I ConnectivityService: B uid 10128
12-14 13:34:58.225  1592  3172 I ConnectivityService: B uid 10128
12-14 13:34:58.225  1592  6583 I ConnectivityService: B uid 10128
12-14 13:34:58.226  1592  3172 I ConnectivityService: B uid 10128
12-14 13:34:58.226  1592  3172 I chatty  : uid=1000(system) Binder:1592_F identical 2 lines
12-14 13:34:58.227  1592  3172 I ConnectivityService: B uid 10128
12-14 13:34:58.227  1592  6583 I ConnectivityService: B uid 10128
12-14 13:34:58.227  1592  3172 I ConnectivityService: B uid 10128
12-14 13:34:58.228  1592  6583 I ConnectivityService: B uid 10128
12-14 13:34:58.228  1592  6583 I chatty  : uid=1000(system) Binder:1592_1D identical 1 line
12-14 13:34:58.228  1592  6583 I ConnectivityService: B uid 10128
12-14 13:34:58.229  1592  3172 I ConnectivityService: B uid 10128
12-14 13:34:58.229  1592  6583 I ConnectivityService: B uid 10128
12-14 13:34:58.246  1592  3172 I ConnectivityService: B uid 10128
12-14 13:34:58.248  1592  2803 I ConnectivityService: B uid 10128
12-14 13:34:58.248  1592  3172 I ConnectivityService: B uid 10128
12-14 13:34:58.249  1592  2803 I ConnectivityService: B uid 10128
12-14 13:34:58.249  1592  2803 I ConnectivityService: B uid 10128
12-14 13:34:58.250  1592  3172 I ConnectivityService: B uid 10128
12-14 13:34:58.250  1592  3172 I chatty  : uid=1000(system) Binder:1592_F identical 1 line
12-14 13:34:58.254  1592  3172 I ConnectivityService: B uid 10128
12-14 13:34:58.254  1592  3181 I ConnectivityService: B uid 10128
