12-14 13:35:04.895  9182 28834 I HwIDCookieManager: [I/HwID_APK_log[6.8.0.332|6.8.0.302] [SDK 6.8.0.301]com.huawei.hwid.core/HwIDCookieManager 9182:3994 CookieUtil.java:39] getCookieId cookie is empty
12-14 13:35:04.895  9182 28834 I HwIDCookieManager: [I/HwID_APK_log[6.8.0.332|6.8.0.302] [SDK 6.8.0.301]com.huawei.hwid.core/HwIDCookieManager 9182:3994 CookieUtil.java:67] parseCookie cookie:
12-14 13:35:04.895 27823 28855 I HiAdSDK.LocationUtils:  loc_tag media allow: true
12-14 13:35:04.895  9182 28834 E UPHttpRequest: [E/HwID_APK_log[6.8.0.332|6.8.0.302] [SDK 6.8.0.301]com.huawei.hwid.core/UPHttpRequest 9182:3994 UPHttpRequest.java:276] getUserInfonot need save session
12-14 13:35:04.895  9182 28834 I HttpRequest: [I/HwID_APK_log[6.8.0.332|6.8.0.302] [SDK 6.8.0.301]com.huawei.hwid.core/HttpRequest 9182:3994 HttpRequest.java:1131] recordRequestTimes
12-14 13:35:04.895  9182 28834 I HttpRequest: [I/HwID_APK_log[6.8.0.332|6.8.0.302] [SDK 6.8.0.301]com.huawei.hwid.core/HttpRequest 9182:3994 HttpRequest.java:1144] recordRequestTimes code 200
12-14 13:35:04.895 27823 28855 I HiAdSDK.LocationUtils:  loc_tag isGpsSwitchOpen locationMode is 3
12-14 13:35:04.895 27823 27990 I HiAdSDK.HiAdTools:  Target provider service's package name is : com.huawei.hwid
12-14 13:35:04.896 15855 15855 I HwLBSService.SensorManager: onSensorChanged, mLightListeners size: 1
12-14 13:35:04.896  9182 28834 I HwIDRestClientCall: [I/HwID_APK_log[6.8.0.332|6.8.0.302] [SDK 6.8.0.301]com.huawei.hwid.core/HwIDRestClientCall 9182:3994 HwIDRestClientCall.java:220] realCall return response
12-14 13:35:04.896  9182 28834 I HwIDRestClientCall: [I/HwID_APK_log[6.8.0.332|6.8.0.302] [SDK 6.8.0.301]com.huawei.hwid.core/HwIDRestClientCall 9182:3994 HwIDRestClientCall.java:137] realCall host:***************rm.hicloud.com OK
12-14 13:35:04.896  9182 28834 I HwIDRestClientCall: [I/HwID_APK_log[6.8.0.332|6.8.0.302] [SDK 6.8.0.301]com.huawei.hwid.core/HwIDRestClientCall 9182:3994 HwIDRestClientCall.java:116] [NetworkRequestCostTime]getUserInfo request success between [20221214133504084:20221214133504853] cost 769ms.
12-14 13:35:04.896  9182 28834 I RequestTask: [I/HwID_APK_log[6.8.0.332|6.8.0.302] [SDK 6.8.0.301]com.huawei.hwid.core/RequestTask 9182:3994 RequestTask.java:394] doRequest requestName:getUserInfo ctrID:16710537040704321783835395334834
12-14 13:35:04.896  9182 28834 I RequestTask: [I/HwID_APK_log[6.8.0.332|6.8.0.302] [SDK 6.8.0.301]com.huawei.hwid.core/RequestTask 9182:3994 RequestTask.java:397] doRequest requestName:getUserInfo round:0 OK
12-14 13:35:04.897  9182 28834 I UPHttpRequest: [I/HwID_APK_log[6.8.0.332|6.8.0.302] [SDK 6.8.0.301]com.huawei.hwid.core/UPHttpRequest 9182:3994 UPHttpRequest.java:358] clientTransactionID = 16710537040704321783835395334834
12-14 13:35:04.897 27823 28855 I HiAdSDK.LocationUtils:  loc_tag isLocationAvailable = false, return null
12-14 13:35:04.899 27823 28855 I HiAdSDK.Decouple.PPSApiServiceManager:  call remote method: reqNativeAd
12-14 13:35:04.899 27823 28855 I HiAdSDK.Monitor_Decouple.PPSApiServiceManager:  inc count: 12
12-14 13:35:04.900  9275 28856 I HiAdKit.PpsCoreService:  isCmdAllowAccess crom: true permitRegion: 1
12-14 13:35:04.900  9275 28856 I HiAdKit.PpsCoreService:  call method: reqNativeAd
12-14 13:35:04.900  9275 28856 I HiAdKit.PpsCoreService:  callerPkg: com.hmsecosystem.calculator
12-14 13:35:04.900 27823 28857 I HiAdSDK.Decouple.PPSApiServiceManager:  call remote method: reqConfig
12-14 13:35:04.900 27823 28857 I HiAdSDK.Monitor_Decouple.PPSApiServiceManager:  inc count: 13
12-14 13:35:04.901  9275 27497 I HiAdKit.PpsCoreService:  isCmdAllowAccess crom: true permitRegion: 1
12-14 13:35:04.901  9275 27497 I HiAdKit.PpsCoreService:  call method: reqConfig
12-14 13:35:04.901  9275 27497 I HiAdKit.PpsCoreService:  callerPkg: com.hmsecosystem.calculator
12-14 13:35:04.901 27823 27823 I HiAdSDK.j:  load banner 
12-14 13:35:04.902 27823 27823 W HiAdSDK.PPSBannerView:  ad is loading now!
12-14 13:35:04.902  1592  3084 D WindowManager: WS setWallpaperScale return, wallpaper no need to recover
12-14 13:35:04.903  2986  2986 I HwViewRootImpl: removeInvalidNode all the node in jank list is out of time
12-14 13:35:04.903  1592  3084 I DeviceIdentifiers: udid has been read success, return!
12-14 13:35:04.903  9275 28859 I HiAdKit.CmdReqNativeAd:  doRequestAd 1671053704903
12-14 13:35:04.904  9182 28834 I AAIDUtils: [I/HwID_APK_log[6.8.0.332|6.8.0.302] [SDK 6.8.0.301]com.huawei.hwid.core/AAIDUtils 9182:3994 AAIDUtils.java:49] queryAAID: e6528
12-14 13:35:04.904  2986  2986 D BaseIconCache: Looper.myLooper():Looper (main, tid 1) {b1e433f},mBgLooper:Looper (launcher-loader, tid 104) {61a040c}
12-14 13:35:04.904  9275 28859 I HiAdKit.SystemUtil:  isDeviceProvisioned: true
12-14 13:35:04.905  9275 28859 I HiAdKit.HiAdTools:  Target provider service's package name is : com.huawei.hwid
12-14 13:35:04.906  2986  2986 D BaseIconCache: Looper.myLooper():Looper (main, tid 1) {b1e433f},mBgLooper:Looper (launcher-loader, tid 104) {61a040c}
12-14 13:35:04.906  9182 12185 I fwkit_AbsContentProvider: [I/fwkit/fwkit_AbsContentProvider 9182:3585 AbsContentProvider.java:54] KitProcessAgentCoreProvider; callerPackage: com.huawei.hwid; method: query; uri: content://com.huawei.hms.runtimekit.kitcontainerservice.KitProcessAgentCoreProvider/com.huawei.hwid.pps.oaid/oaid/query
12-14 13:35:04.906  9182 12185 I HiAdKit.DC.OaidDataProvider:  query code: 1
12-14 13:35:04.906  9182 28834 I OpLogItem: [I/HwID_APK_log[6.8.0.332|6.8.0.302] [SDK 6.8.0.301]com.huawei.hwid.core/OpLogItem 9182:3994 OpLogItem.java:222] networkType:1
12-14 13:35:04.906  2986  2986 D BaseIconCache: Looper.myLooper():Looper (main, tid 1) {b1e433f},mBgLooper:Looper (launcher-loader, tid 104) {61a040c}
12-14 13:35:04.907  9182 28834 I OpLogUtil: [I/HwID_APK_log[6.8.0.332|6.8.0.302] [SDK 6.8.0.301]com.huawei.hwid.core/OpLogUtil 9182:3994 OpLogUtil.java:134] oplog cache2 size is 4
12-14 13:35:04.907  9275 27497 I NetworkSdk_CountryCodeBean: [I/HMSCore/NetworkSdk_CountryCodeBean 9275:3435 SourceFile:1] PPS-Net-pool-thread-20|null|com.huawei.hms.framework.network.grs.local.model.CountryCodeBean|getVendorCountryCode|39|countryCode by ro.hw.country is: cn
12-14 13:35:04.907  2986  2986 D BaseIconCache: Looper.myLooper():Looper (main, tid 1) {b1e433f},mBgLooper:Looper (launcher-loader, tid 104) {61a040c}
12-14 13:35:04.908  9275 28858 I HiAdKit.cc:  multicard device
12-14 13:35:04.908  9182 28834 I OpLogUtil: [I/HwID_APK_log[6.8.0.332|6.8.0.302] [SDK 6.8.0.301]com.huawei.hwid.core/OpLogUtil 9182:3994 OpLogUtil.java:141] DELAY_TIME_MILLIS is 300000
12-14 13:35:04.908  9182 28834 I OpLogUtil: [I/HwID_APK_log[6.8.0.332|6.8.0.302] [SDK 6.8.0.301]com.huawei.hwid.core/OpLogUtil 9182:3994 OpLogUtil.java:365] hasRunnable true
12-14 13:35:04.908  9275 27497 I NetworkSdk_CountryCodeBean: [I/HMSCore/NetworkSdk_CountryCodeBean 9275:3435 SourceFile:1] PPS-Net-pool-thread-20|null|com.huawei.hms.framework.network.grs.local.model.CountryCodeBean|init|15|get issue_country code from VENDOR_COUNTRY
12-14 13:35:04.908  9182 28834 I GetUserInfoRequest: [I/HwID_APK_log[6.8.0.332|6.8.0.302] [SDK 6.8.0.301]com.huawei.hwid.core/GetUserInfoRequest 9182:3994 GetUserInfoRequest.java:368] onRequestSuccess
12-14 13:35:04.908  9182 28834 I LocalRepository: [I/HwID_APK_log[6.8.0.332|6.8.0.302] [SDK 6.8.0.301]com.huawei.hwid.core/LocalRepository 9182:3994 LocalRepository.java:99] bin mInstance=19463664
12-14 13:35:04.908  9182 28834 I GetUserInfoRequest: [I/HwID_APK_log[6.8.0.332|6.8.0.302] [SDK 6.8.0.301]com.huawei.hwid.core/GetUserInfoRequest 9182:3994 GetUserInfoRequest.java:409] SrvDataVersion:1669144634306_rp QueryRangeFlag:1111001000 CliDataRangeFlag:1111001000
12-14 13:35:04.908  9182 28834 I GetUserInfoRequest: [I/HwID_APK_log[6.8.0.332|6.8.0.302] [SDK 6.8.0.301]com.huawei.hwid.core/GetUserInfoRequest 9182:3994 GetUserInfoRequest.java:434] updateHwAccountInfo start.
12-14 13:35:04.908  9182 28834 I HwIDMemCache: [I/HwID_APK_log[6.8.0.332|6.8.0.302] [SDK 6.8.0.301]com.huawei.hwid.core/HwIDMemCache 9182:3994 HwIDMemCache.java:604] saveUserInfo
12-14 13:35:04.908  9182 28834 I HwIDMemCache: [I/HwID_APK_log[6.8.0.332|6.8.0.302] [SDK 6.8.0.301]com.huawei.hwid.core/HwIDMemCache 9182:3994 HwIDMemCache.java:574] setLoginUserName
12-14 13:35:04.908  9182 28834 I HwIDMemCache: [I/HwID_APK_log[6.8.0.332|6.8.0.302] [SDK 6.8.0.301]com.huawei.hwid.core/HwIDMemCache 9182:3994 HwIDMemCache.java:507] setIsoCountryCode
12-14 13:35:04.908  9182 28834 I HwIDMemCache: [I/HwID_APK_log[6.8.0.332|6.8.0.302] [SDK 6.8.0.301]com.huawei.hwid.core/HwIDMemCache 9182:3994 HwIDMemCache.java:530] setServiceCountryCode
12-14 13:35:04.908  9182 28834 I HwIDMemCache: [I/HwID_APK_log[6.8.0.332|6.8.0.302] [SDK 6.8.0.301]com.huawei.hwid.core/HwIDMemCache 9182:3994 HwIDMemCache.java:553] setFamilyGroupFlag 0
12-14 13:35:04.908  9182 28834 I HwIDMemCache: [I/HwID_APK_log[6.8.0.332|6.8.0.302] [SDK 6.8.0.301]com.huawei.hwid.core/HwIDMemCache 9182:3994 HwIDMemCache.java:766] setUserInfoResponse
12-14 13:35:04.908  9182 28834 I SiteCountryDataManager: [I/HwID_APK_log[6.8.0.332|6.8.0.302] [SDK 6.8.0.301]com.huawei.hwid.core/SiteCountryDataManager 9182:3994 SiteCountryDataManager.java:1110] Enter saveGlobalDataToDb
12-14 13:35:04.909  9182 28834 I GetUserInfoRequest: [I/HwID_APK_log[6.8.0.332|6.8.0.302] [SDK 6.8.0.301]com.huawei.hwid.core/GetUserInfoRequest 9182:3994 GetUserInfoRequest.java:409] SrvDataVersion:1669144634306_rp QueryRangeFlag:1111001000 CliDataRangeFlag:1111001000
12-14 13:35:04.909  9182 28834 I PersistentPreferenceDataHelper: [I/HwID_APK_log[6.8.0.332|6.8.0.302] [SDK 6.8.0.301]com.huawei.hwid.core/PersistentPreferenceDataHelper 9182:3994 PersistentPreferenceDataHelper.java:391] saveLong2File,keyName:lastUserInfoModified
12-14 13:35:04.909  9182 28834 I PersistentPreferenceDataHelper: [I/HwID_APK_log[6.8.0.332|6.8.0.302] [SDK 6.8.0.301]com.huawei.hwid.core/PersistentPreferenceDataHelper 9182:3994 PersistentPreferenceDataHelper.java:404] in persistent ,directory save
12-14 13:35:04.909  9182 28834 I PersistentPreferenceDataHelper: [I/HwID_APK_log[6.8.0.332|6.8.0.302] [SDK 6.8.0.301]com.huawei.hwid.core/PersistentPreferenceDataHelper 9182:3994 PersistentPreferenceDataHelper.java:723] saveLong2FileOnCurProcessor,fileType:12,keyName:lastUserInfoModified
12-14 13:35:04.910  9182 28860 I ThreadPool: [I/HwID_APK_log[6.8.0.332|6.8.0.302] [SDK 6.8.0.301]com.huawei.hwid.core/ThreadPool 9182:4005 CustomThreadPoolExecutor.java:140] thread dump:poolName:Hwid-Database-Pool activeCount:1 completedTaskCount:10 taskCount:11 corePoolSize:1 largestPoolSize:1 maximumPoolSize:2 queueSize:0 
12-14 13:35:04.910  9275 27497 I HiAdKit.SystemUtil:  isDeviceProvisioned: true
12-14 13:35:04.910  9182 28860 I SiteCountryDataManager: start parseGlobalSync isUIThread:true 3AD7D67247431476DCB51A5149211E3C13E1
12-14 13:35:04.910  9182 28860 I SiteCountryDataManager: [I/HwID_APK_log[6.8.0.332|6.8.0.302] [SDK 6.8.0.301]com.huawei.hwid.core/SiteCountryDataManager 9182:4005 SiteCountryDataManager.java:3166] HMS Core Apk start parseGlobalSync isUIThread:true 3AD7D67247431476DCB51A5149211E3C13E1
12-14 13:35:04.910  9182 28860 I CommonUtils: [I/HwID_APK_log[6.8.0.332|6.8.0.302] [SDK 6.8.0.301]com.huawei.hwid.core/CommonUtils 9182:4005 CommonUtils.java:201] isPhoneStillInLockMode is already false
12-14 13:35:04.910  9182 28860 I SiteCountryDataManager: [I/HwID_APK_log[6.8.0.332|6.8.0.302] [SDK 6.8.0.301]com.huawei.hwid.core/SiteCountryDataManager 9182:4005 SiteCountryDataManager.java:3176] start parseGlobalSync has over:
12-14 13:35:04.910  9182 28860 I SiteCountryDataManager: start parseGlobalSync isUIThread:true CBBC5C44695DCBCB23500738FB2A60839A44
12-14 13:35:04.910  9275 27497 I HiAdKit.HiAdTools:  Target provider service's package name is : com.huawei.hwid
12-14 13:35:04.910  9182 28860 I SiteCountryDataManager: [I/HwID_APK_log[6.8.0.332|6.8.0.302] [SDK 6.8.0.301]com.huawei.hwid.core/SiteCountryDataManager 9182:4005 SiteCountryDataManager.java:3166] HMS Core Apk start parseGlobalSync isUIThread:true CBBC5C44695DCBCB23500738FB2A60839A44
12-14 13:35:04.910  9182 28860 I CommonUtils: [I/HwID_APK_log[6.8.0.332|6.8.0.302] [SDK 6.8.0.301]com.huawei.hwid.core/CommonUtils 9182:4005 CommonUtils.java:201] isPhoneStillInLockMode is already false
12-14 13:35:04.910  9182 28860 I SiteCountryDataManager: [I/HwID_APK_log[6.8.0.332|6.8.0.302] [SDK 6.8.0.301]com.huawei.hwid.core/SiteCountryDataManager 9182:4005 SiteCountryDataManager.java:3176] start parseGlobalSync has over:
12-14 13:35:04.910  9182 28860 I SiteCountryDataManager: start parseGlobalSync isUIThread:true F80D715A19EB9968B9AC3AD5E2CFE1E97B34
12-14 13:35:04.910  9182 28860 I SiteCountryDataManager: [I/HwID_APK_log[6.8.0.332|6.8.0.302] [SDK 6.8.0.301]com.huawei.hwid.core/SiteCountryDataManager 9182:4005 SiteCountryDataManager.java:3166] HMS Core Apk start parseGlobalSync isUIThread:true F80D715A19EB9968B9AC3AD5E2CFE1E97B34
12-14 13:35:04.910  9182 28860 I CommonUtils: [I/HwID_APK_log[6.8.0.332|6.8.0.302] [SDK 6.8.0.301]com.huawei.hwid.core/CommonUtils 9182:4005 CommonUtils.java:201] isPhoneStillInLockMode is already false
12-14 13:35:04.910  9182 28860 I SiteCountryDataManager: [I/HwID_APK_log[6.8.0.332|6.8.0.302] [SDK 6.8.0.301]com.huawei.hwid.core/SiteCountryDataManager 9182:4005 SiteCountryDataManager.java:3176] start parseGlobalSync has over:
12-14 13:35:04.910  9182 28860 I SiteCountryDataManager: start parseGlobalSync isUIThread:true 8BE3A0D7887AC13274733ED29D1D504B1AD7
12-14 13:35:04.910  9182 28860 I SiteCountryDataManager: [I/HwID_APK_log[6.8.0.332|6.8.0.302] [SDK 6.8.0.301]com.huawei.hwid.core/SiteCountryDataManager 9182:4005 SiteCountryDataManager.java:3166] HMS Core Apk start parseGlobalSync isUIThread:true 8BE3A0D7887AC13274733ED29D1D504B1AD7
12-14 13:35:04.911  9182 28860 I CommonUtils: [I/HwID_APK_log[6.8.0.332|6.8.0.302] [SDK 6.8.0.301]com.huawei.hwid.core/CommonUtils 9182:4005 CommonUtils.java:201] isPhoneStillInLockMode is already false
12-14 13:35:04.911  9182 28860 I SiteCountryDataManager: [I/HwID_APK_log[6.8.0.332|6.8.0.302] [SDK 6.8.0.301]com.huawei.hwid.core/SiteCountryDataManager 9182:4005 SiteCountryDataManager.java:3176] start parseGlobalSync has over:
12-14 13:35:04.911  9182 28860 I HwIDMemCache: [I/HwID_APK_log[6.8.0.332|6.8.0.302] [SDK 6.8.0.301]com.huawei.hwid.core/HwIDMemCache 9182:4005 HwIDMemCache.java:1145] saveGlobalData
12-14 13:35:04.911  9182 28860 I HwIDMemCache: [I/HwID_APK_log[6.8.0.332|6.8.0.302] [SDK 6.8.0.301]com.huawei.hwid.core/HwIDMemCache 9182:4005 HwIDMemCache.java:1159] saveCasServerDomain
12-14 13:35:04.911  9182 28860 I HwIDMemCache: [I/HwID_APK_log[6.8.0.332|6.8.0.302] [SDK 6.8.0.301]com.huawei.hwid.core/HwIDMemCache 9182:4005 HwIDMemCache.java:1166] saveServiceCountryAddressDomain
12-14 13:35:04.911  9182 28860 I HwIDMemCache: [I/HwID_APK_log[6.8.0.332|6.8.0.302] [SDK 6.8.0.301]com.huawei.hwid.core/HwIDMemCache 9182:4005 HwIDMemCache.java:1174] saveServiceCountrySiteId
12-14 13:35:04.911  9182 28860 I ThreadPool: [I/HwID_APK_log[6.8.0.332|6.8.0.302] [SDK 6.8.0.301]com.huawei.hwid.core/ThreadPool 9182:4005 CustomThreadPoolExecutor.java:188] afterExecute, time costs:1ms
12-14 13:35:04.911  9182 28860 I ThreadPool: [I/HwID_APK_log[6.8.0.332|6.8.0.302] [SDK 6.8.0.301]com.huawei.hwid.core/ThreadPool 9182:4005 CustomThreadPoolExecutor.java:140] thread dump:poolName:Hwid-Database-Pool activeCount:1 completedTaskCount:10 taskCount:11 corePoolSize:1 largestPoolSize:1 maximumPoolSize:2 queueSize:0 
12-14 13:35:04.911  9182 12185 I fwkit_AbsContentProvider: [I/fwkit/fwkit_AbsContentProvider 9182:3585 AbsContentProvider.java:54] KitProcessAgentCoreProvider; callerPackage: com.huawei.hwid; method: query; uri: content://com.huawei.hms.runtimekit.kitcontainerservice.KitProcessAgentCoreProvider/com.huawei.hwid.pps.oaid/oaid/query
12-14 13:35:04.911  9182 12185 I HiAdKit.DC.OaidDataProvider:  query code: 1
12-14 13:35:04.913  9182 28834 I PropertyUtils: [I/HwID_APK_log[6.8.0.332|6.8.0.302] [SDK 6.8.0.301]com.huawei.hwid.core/PropertyUtils 9182:3994 PropertyUtils.java:232] isPhoneStillInLockMode is already false
12-14 13:35:04.913  9182 28834 I SceneRuleManager: [I/HwID_APK_log[6.8.0.332|6.8.0.302] [SDK 6.8.0.301]com.huawei.hwid.core/SceneRuleManager 9182:3994 SceneRuleManager.java:71] asyncCheckSceneSupport 1,isForceQueryFromCore:false
12-14 13:35:04.913  9182 28834 I SceneRuleInfo: [I/HwID_APK_log[6.8.0.332|6.8.0.302] [SDK 6.8.0.301]com.huawei.hwid.core/SceneRuleInfo 9182:3994 SceneRuleInfo.java:117] asyncCheckSceneSupport sceneId:1:true
12-14 13:35:04.913  9182 28834 I SceneRuleManager: [I/HwID_APK_log[6.8.0.332|6.8.0.302] [SDK 6.8.0.301]com.huawei.hwid.core/SceneRuleManager 9182:3994 SceneRuleManager.java:79] asyncCheckSceneSupport sceneId:1:true
12-14 13:35:04.918  1592  3181 V ActivityManager: Successfully start provider ContentProviderRecord{8f16532 u0 com.huawei.hwid/com.huawei.openalliance.ad.ppskit.provider.ApiProvider} launchingApp=null caller pid= 27823
12-14 13:35:04.919  9275 28725 I HiAdKit.InnerApiProvider:  query Location switch
12-14 13:35:04.919  1592  2802 V ActivityManager: Successfully start provider ContentProviderRecord{8f16532 u0 com.huawei.hwid/com.huawei.openalliance.ad.ppskit.provider.ApiProvider} launchingApp=null caller pid= 27823
12-14 13:35:04.920  9275 28858 I HiAdKit.AdInfoUtil:  query ua once 2 week
12-14 13:35:04.924  1592  6111 I DeviceIdentifiers: udid has been read success, return!
12-14 13:35:04.926   767 11189 W uniperf server: EnterActionProc DoParse failed, cmdId=13262
12-14 13:35:04.927   767 11189 D uniperf hal: do UniPerfEvent failed, cmdId=13262, ret=2
12-14 13:35:04.927  9182 28834 I ThreadPool: [I/HwID_APK_log[6.8.0.332|6.8.0.302] [SDK 6.8.0.301]com.huawei.hwid.core/ThreadPool 9182:3994 CustomThreadPoolExecutor.java:188] afterExecute, time costs:868ms
12-14 13:35:04.927  9182 28834 I ThreadPool: [I/HwID_APK_log[6.8.0.332|6.8.0.302] [SDK 6.8.0.301]com.huawei.hwid.core/ThreadPool 9182:3994 CustomThreadPoolExecutor.java:140] thread dump:poolName:Hwid-Single-RequestAgent-Pool activeCount:1 completedTaskCount:4 taskCount:6 corePoolSize:0 largestPoolSize:1 maximumPoolSize:1 queueSize:1 
12-14 13:35:04.927  9182  9182 I RequestTask: [I/HwID_APK_log[6.8.0.332|6.8.0.302] [SDK 6.8.0.301]com.huawei.hwid.core/RequestTask 9182:1 RequestTask.java:460] onPostExecute isStInvalid false isOPLogRequest false
12-14 13:35:04.928  9182  9182 I RequestTask: [I/HwID_APK_log[6.8.0.332|6.8.0.302] [SDK 6.8.0.301]com.huawei.hwid.core/RequestTask 9182:1 RequestTask.java:428] onCallback
12-14 13:35:04.928  9182  9182 I GetUserInfoRequest: [I/HwID_APK_log[6.8.0.332|6.8.0.302] [SDK 6.8.0.301]com.huawei.hwid.core/GetUserInfoRequest 9182:1 GetUserInfoRequest.java:354] Get result successfully.
12-14 13:35:04.928  9182 28834 I RequestTask: [I/HwID_APK_log[6.8.0.332|6.8.0.302] [SDK 6.8.0.301]com.huawei.hwid.core/RequestTask 9182:3994 RequestTask.java:350] initHwAccount
12-14 13:35:04.928  9182  9972 I GetUserInfo: [I/HwID_APK_log[6.8.0.332|6.8.0.302] [SDK 6.8.0.301]com.huawei.hwid.core/GetUserInfo 9182:3453 GetUserInfo.java:697] GetUserInfo disposeRequestMessage backend
12-14 13:35:04.928  9182  9972 I HttpStatusCode: [I/HwID_APK_log[6.8.0.332|6.8.0.302] [SDK 6.8.0.301]com.huawei.hwid.core/HttpStatusCode 9182:3453 HttpStatusCodeUtil.java:90] bundle or errorCode is null
12-14 13:35:04.928  9182 28834 I RequestTask: [I/HwID_APK_log[6.8.0.332|6.8.0.302] [SDK 6.8.0.301]com.huawei.hwid.core/RequestTask 9182:3994 RequestTask.java:298] requestName:getUserInfo doInBackground....
12-14 13:35:04.928  9182  9972 I RequestCallback: [I/HwID_APK_log[6.8.0.332|6.8.0.302] [SDK 6.8.0.301]com.huawei.hwid.core/RequestCallback 9182:3453 RequestCallback.java:103] disposeRequestMessage requestName:getUserInfo responseCode:200 resultCode:0 errCode:0
12-14 13:35:04.930  9182  9972 I GetUserInfo: [I/HwID_APK_log[6.8.0.332|6.8.0.302] [SDK 6.8.0.301]com.huawei.hwid.core/GetUserInfo 9182:3453 GetUserInfo.java:303] handleGetUserInfoSuccess start.
12-14 13:35:04.930  9275 28858 I HiAdKit.DeviceUtil:  getHMVerion, ver= 2.0.0
12-14 13:35:04.931  9182  9972 I GetUserInfo: [I/HwID_APK_log[6.8.0.332|6.8.0.302] [SDK 6.8.0.301]com.huawei.hwid.core/GetUserInfo 9182:3453 GetUserInfo.java:311] GetUserInfoCallback onSuccess getAccountType 1 userAccountInfos size 6
12-14 13:35:04.931  9182  9972 I GetUserInfo: [I/HwID_APK_log[6.8.0.332|6.8.0.302] [SDK 6.8.0.301]com.huawei.hwid.core/GetUserInfo 9182:3453 GetUserInfo.java:419] findSameType:true hwAccount.getAccountType() 1
12-14 13:35:04.932  9182  9972 I GetUserInfo: [I/HwID_APK_log[6.8.0.332|6.8.0.302] [SDK 6.8.0.301]com.huawei.hwid.core/GetUserInfo 9182:3453 GetUserInfo.java:315] findSameType:true
12-14 13:35:04.932  9182  9972 I BaseUtil: [I/HwID_APK_log[6.8.0.332|6.8.0.302] [SDK 6.8.0.301]com.huawei.hwid.core/BaseUtil 9182:3453 BaseUtil.java:2739] enter isNeedOpenChildMode
12-14 13:35:04.932  9182  9972 I LocalRepository: [I/HwID_APK_log[6.8.0.332|6.8.0.302] [SDK 6.8.0.301]com.huawei.hwid.core/LocalRepository 9182:3453 LocalRepository.java:99] bin mInstance=19463664
12-14 13:35:04.932  9182  9972 I LocalRepository: [I/HwID_APK_log[6.8.0.332|6.8.0.302] [SDK 6.8.0.301]com.huawei.hwid.core/LocalRepository 9182:3453 LocalRepository.java:122] mUserInfo.hashCode249759485
12-14 13:35:04.932  9182  9972 I Util    : [I/HwID_APK_log[6.8.0.332|6.8.0.302] [SDK 6.8.0.301]com.huawei.hwid.core/Util 9182:3453 Util.java:51] deep copy object success.
12-14 13:35:04.933  9182  9972 I RomUtil : [I/HwID_APK_log[6.8.0.332|6.8.0.302] [SDK 6.8.0.301]com.huawei.hwid.core/RomUtil 9182:3453 RomUtil.java:187] isHuawei true
12-14 13:35:04.933  9182  9972 I BaseUtil: [I/HwID_APK_log[6.8.0.332|6.8.0.302] [SDK 6.8.0.301]com.huawei.hwid.core/BaseUtil 9182:3453 BaseUtil.java:2751] guardian account is null: true
12-14 13:35:04.933  9182  9972 I BaseUtil: [I/HwID_APK_log[6.8.0.332|6.8.0.302] [SDK 6.8.0.301]com.huawei.hwid.core/BaseUtil 9182:3453 BaseUtil.java:2752] is chinaROM: true
12-14 13:35:04.933  9182  9972 I BaseUtil: [I/HwID_APK_log[6.8.0.332|6.8.0.302] [SDK 6.8.0.301]com.huawei.hwid.core/BaseUtil 9182:3453 BaseUtil.java:2753] is huaweiROM: true
12-14 13:35:04.933  9182  9972 I BaseUtil: [I/HwID_APK_log[6.8.0.332|6.8.0.302] [SDK 6.8.0.301]com.huawei.hwid.core/BaseUtil 9182:3453 BaseUtil.java:2754] is child account: false
12-14 13:35:04.934  9182  9972 I BaseUtil: [I/HwID_APK_log[6.8.0.332|6.8.0.302] [SDK 6.8.0.301]com.huawei.hwid.core/BaseUtil 9182:3453 BaseUtil.java:2771] getOpenChildModeFromConfiguration
12-14 13:35:04.934  9182  9972 I BaseUtil: [I/HwID_APK_log[6.8.0.332|6.8.0.302] [SDK 6.8.0.301]com.huawei.hwid.core/BaseUtil 9182:3453 BaseUtil.java:2773] OpenChildMode: ERROR
12-14 13:35:04.934  9182  9972 I HwAccount: [I/HwID_APK_log[6.8.0.332|6.8.0.302] [SDK 6.8.0.301]com.huawei.hwid.core/HwAccount 9182:3453 HwAccount.java:837] childMode is: 0
12-14 13:35:04.935  9182  9972 I GetUserInfo: [I/HwID_APK_log[6.8.0.332|6.8.0.302] [SDK 6.8.0.301]com.huawei.hwid.core/GetUserInfo 9182:3453 GetUserInfo.java:340] getUseCaseCallback().onSuccess updateDb false Hwid-Core-Pool8
12-14 13:35:04.935  9182  9809 I UseCaseThreadPoolScheduler: [I/HwID_APK_log[6.8.0.332|6.8.0.302] [SDK 6.8.0.301]com.huawei.hwid.core/UseCaseThreadPoolScheduler 9182:3367 UseCaseThreadPoolScheduler.java:77] notifyResponse for findbugs should be delete
12-14 13:35:04.935  9182  9809 I GetUserInfoAIDLTask: [I/HwID_APK_log[6.8.0.332|6.8.0.302] [SDK 6.8.0.301]com.huawei.hwid.core/GetUserInfoAIDLTask 9182:3367 GetUserInfoAIDLTask.java:88] onSuccess
12-14 13:35:04.935  9182  9809 I GetUserInfoAIDLTask: [I/HwID_APK_log[6.8.0.332|6.8.0.302] [SDK 6.8.0.301]com.huawei.hwid.core/GetUserInfoAIDLTask 9182:3367 GetUserInfoAIDLTask.java:124] doReturnUserInfo
12-14 13:35:04.935  9182  9809 E BaseUtil: [E/HwID_APK_log[6.8.0.332|6.8.0.302] [SDK 6.8.0.301]com.huawei.hwid.core/BaseUtil 9182:3367 BaseUtil.java:3303] oriurl is empty
12-14 13:35:04.938  9182  9809 E InnerSdkTask: [E/HwID_APK_log[6.8.0.332|6.8.0.302] [SDK 6.8.0.301]com.huawei.hwid.core/InnerSdkTask 9182:3367 InnerSdkTask.java:629] getUserInfo|getIntentResult retCode is 0
12-14 13:35:04.939  9182  9809 I fwkit_msg_request_proxy: [I/fwkit/fwkit_msg_request_proxy 9182:3367 AIDLRequestLocalProxy.java:130] AidlCallback callback
12-14 13:35:04.939  9182  9809 I fwkit_msg_request_proxy: [I/fwkit/fwkit_msg_request_proxy 9182:3367 AIDLRequestLocalProxy.java:170] AidlCallback callback requestId:7f1c7c61-a6c6-4262-834d-630d29eca702, uri:hwid.Request
12-14 13:35:04.940  9182  9809 I fwkit_msg_arw: [I/fwkit/fwkit_msg_arw 9182:3367 AIDLResponseWrapper.java:56] callJson start
12-14 13:35:04.940  9182  9809 W fwkit_kams: [W/fwkit/fwkit_kams 9182:3367 KAMSServiceController.java:368] [intentResolver] failed! kit comp not found from intent!
12-14 13:35:04.940  9182  9809 E fwkit_msg_arw: [E/fwkit/fwkit_msg_arw 9182:3367 AIDLResponseWrapper.java:108] GetIntent error_code:1301
12-14 13:35:04.941  9182  9809 I AIDLResponseImpl: [I/HMSCore/AIDLResponseImpl 9182:3367 SourceFile:10] Response, uri: hwid.Request, statusCode: 1, errorCode: 1230
12-14 13:35:04.941 27003 27022 I HmsClient: [I/baseinner/HmsClient 27003:3666 IPCCallback.java:10] getResult, statusCode:0
12-14 13:35:04.941 27003 27022 I HmsClient: [I/baseinner/HmsClient 27003:3666 Binder.java:1028] in asnyc callback.
12-14 13:35:04.941  9182 28816 I fwkit_HmsProfiler: [I/fwkit/fwkit_HmsProfiler 9182:3987 HmsProfiler.java:553] traceApiEvent input : com.huawei.hwid
12-14 13:35:04.941  9275 27629 I HiAdKit.HiAdTools:  Target provider service's package name is : com.huawei.hwid
12-14 13:35:04.942  9182 28834 I AccountTools: [I/HwID_APK_log[6.8.0.332|6.8.0.302] [SDK 6.8.0.301]com.huawei.hwid.core/AccountTools 9182:3994 AccountTools.java:400] isBackEnd:false isTokenValidLocal:true
12-14 13:35:04.943 27003 28822 I HmsClient: [I/baseinner/HmsClient 27003:3782 HmsClient.java:1] baseCallBack.onComplete
12-14 13:35:04.943 27003 28822 I HmsClient: [I/baseinner/HmsClient 27003:3782 HmsClient.java:1] receive msg status_code:1, error_code1230, api_name:hwid.Request, app_id:10132067|, pkg_name:com.huawei.hwid, session_id:*, transaction_id:666c34dc-f5e6-4433-880d-aa8bc6081916, resolution:null
12-14 13:35:04.943 27003 28822 I TaskApiCall: [I/baseinner/TaskApiCall 27003:3782 HmsClient.java:23] SDK Base inner onResponse: URI:hwid.Request , transactionId 666c34dc-f5e6-4433-880d-aa8bc6081916
12-14 13:35:04.943 27003 28822 I AccountApiCallback: [I/Account_SDK_log[6.5.0.302]/AccountApiCallback 27003:3782 AccountApiCallback.java:1] TaskApiCall response error code: 1230
12-14 13:35:04.943  9182  9972 I ThreadPool: [I/HwID_APK_log[6.8.0.332|6.8.0.302] [SDK 6.8.0.301]com.huawei.hwid.core/ThreadPool 9182:3453 CustomThreadPoolExecutor.java:188] afterExecute, time costs:15ms
12-14 13:35:04.943  9182  9972 I ThreadPool: [I/HwID_APK_log[6.8.0.332|6.8.0.302] [SDK 6.8.0.301]com.huawei.hwid.core/ThreadPool 9182:3453 CustomThreadPoolExecutor.java:140] thread dump:poolName:Hwid-Core-Pool activeCount:1 completedTaskCount:22 taskCount:23 corePoolSize:16 largestPoolSize:16 maximumPoolSize:16 queueSize:0 
12-14 13:35:04.944  1592  2340 I InputReader: Reconfiguring input devices.  changes=0x00000010
12-14 13:35:04.944 27003 28822 I RequestManager: [I/baseinner/RequestManager 27003:3782 HmsClient.java:3] removeReqByTransId
12-14 13:35:04.944  1592  1592 D HwBastetService: BroadcastReceiver android.intent.action.PACKAGE_CHANGED
12-14 13:35:04.944  1592 28613 W SecurityProfileService: verifyPackage must return for huawei policy not found: getPolicy err for SignatureInvalidException, apkPath: /data/app/com.hmsecosystem.calculator-VHH-CzkYeZJCAnh9vWr0oQ==/base.apk
12-14 13:35:04.945  1082  1110 I bastetd : [IBastetService ] onTransact# BnBastetService::onTransact, code=29, flags=17
12-14 13:35:04.945 27003 28159 I AccountApiCallback: [I/Account_SDK_log[6.5.0.302]/AccountApiCallback 27003:3764 AccountApiCallback.java:7] mAPIName: getUserInfo|onComplete.|start time: 1671053704012|duration time:933
12-14 13:35:04.946 27003 27003 I hms_pay : [I/IAP_APK[6.8.0.351]/hms_pay 27003:1 LogUtil.java:4] hms_pay    getUserInfo Success
12-14 13:35:04.946  9182 28834 E APKAccountManager: [E/HwID_APK_log[6.8.0.332|6.8.0.302] [SDK 6.8.0.301]com.huawei.hwid.core/APKAccountManager 9182:3994 APKAccountManager.java:372] getUserData data is empty
12-14 13:35:04.946  9182 28834 I HwIDCommonUtils: [I/HwID_APK_log[6.8.0.332|6.8.0.302] [SDK 6.8.0.301]com.huawei.hwid.core/HwIDCommonUtils 9182:3994 HwIDCommonUtils.java:60] isAsciiString empty string
12-14 13:35:04.946  9182 28834 I AccountTools: [I/HwID_APK_log[6.8.0.332|6.8.0.302] [SDK 6.8.0.301]com.huawei.hwid.core/AccountTools 9182:3994 AccountTools.java:292] bindFlag:(-1)
12-14 13:35:04.946  9182 28834 I AccountTools: [I/HwID_APK_log[6.8.0.332|6.8.0.302] [SDK 6.8.0.301]com.huawei.hwid.core/AccountTools 9182:3994 AccountTools.java:387] localTokenValid:true needCheckDevice:true
12-14 13:35:04.946  9182 28834 I NetUtil : [I/HwID_APK_log[6.8.0.332|6.8.0.302] [SDK 6.8.0.301]com.huawei.hwid.core/NetUtil 9182:3994 NetUtil.java:29] enter networkIsAvaiable
12-14 13:35:04.946 27003 27003 I hms_pay : [I/IAP_APK[6.8.0.351]/hms_pay 27003:1 LogUtil.java:4] AgreementHelper    in isCountryConsistent, countries -> signCountry = , currentCountry = GB
12-14 13:35:04.947  6677  6677 E NfcNci  : NfcUtils error: APP do not have nfc permission
12-14 13:35:04.947  6677  6677 I chatty  : uid=1027(nfc) com.android.nfc identical 1 line
12-14 13:35:04.947  6677  6677 E NfcNci  : NfcUtils error: APP do not have nfc permission
12-14 13:35:04.947 27003 27003 I hms_pay : [I/IAP_APK[6.8.0.351]/hms_pay 27003:1 LogUtil.java:4] CounterCache    start syncData
12-14 13:35:04.947 27003 27003 I hms_pay : [I/IAP_APK[6.8.0.351]/hms_pay 27003:1 LogUtil.java:4] HiAnalyticsUtil    clearHiAnalyticsCache
12-14 13:35:04.948  9182 12185 I FormalHASDK: HiAnalyticsInstance==> onReport(type). TAG:HmsProfiler, TYPE:1
12-14 13:35:04.948  9182 28834 I RequestTask: [I/HwID_APK_log[6.8.0.332|6.8.0.302] [SDK 6.8.0.301]com.huawei.hwid.core/RequestTask 9182:3994 RequestTask.java:329] setRequestSiteId
12-14 13:35:04.948  9182 28834 I HttpRequest: [I/HwID_APK_log[6.8.0.332|6.8.0.302] [SDK 6.8.0.301]com.huawei.hwid.core/HttpRequest 9182:3994 HttpRequest.java:719] setGlobalSiteId init with siteDomain.
12-14 13:35:04.948  9182 28834 I SiteCountryDataManager: [I/HwID_APK_log[6.8.0.332|6.8.0.302] [SDK 6.8.0.301]com.huawei.hwid.core/SiteCountryDataManager 9182:3994 SiteCountryDataManager.java:3117] isSupportTransferKey: false
12-14 13:35:04.948  9182 28834 I HttpRequest: [I/HwID_APK_log[6.8.0.332|6.8.0.302] [SDK 6.8.0.301]com.huawei.hwid.core/HttpRequest 9182:3994 HttpRequest.java:726] requestName:getUserInfo isAntiPlaintext:false
12-14 13:35:04.949  9182 28834 I RequestTask: [I/HwID_APK_log[6.8.0.332|6.8.0.302] [SDK 6.8.0.301]com.huawei.hwid.core/RequestTask 9182:3994 RequestTask.java:346] request siteId:7
12-14 13:35:04.949  9182 28834 I RequestTask: [I/HwID_APK_log[6.8.0.332|6.8.0.302] [SDK 6.8.0.301]com.huawei.hwid.core/RequestTask 9182:3994 RequestTask.java:389] doRequest requestName:getUserInfo round:0
12-14 13:35:04.949  9182 28834 I SecureRandomFactory: [I/HwID_APK_log[6.8.0.332|6.8.0.302] [SDK 6.8.0.301]com.huawei.hwid.core/SecureRandomFactory 9182:3994 SecureRandomFactory.java:27] getSecureRandom
12-14 13:35:04.950  9182 28807 W FormalHASDK: ReportTask==> events size is empty
12-14 13:35:04.950  9182 28834 I HwIDRestClientCall: [I/HwID_APK_log[6.8.0.332|6.8.0.302] [SDK 6.8.0.301]com.huawei.hwid.core/HwIDRestClientCall 9182:3994 HwIDRestClientCall.java:107] UPHttpRequest execute start.
12-14 13:35:04.950  9182 28834 I HwIDRestClientCall: [I/HwID_APK_log[6.8.0.332|6.8.0.302] [SDK 6.8.0.301]com.huawei.hwid.core/HwIDRestClientCall 9182:3994 HwIDRestClientCall.java:134] realCall host:***************rm.hicloud.com
12-14 13:35:04.950  9182 28834 I LanguageUtil: [I/HwID_APK_log[6.8.0.332|6.8.0.302] [SDK 6.8.0.301]com.huawei.hwid.core/LanguageUtil 9182:3994 LanguageUtil.java:35] languageStr:en
12-14 13:35:04.951  9182 28834 I RomUtil : [I/HwID_APK_log[6.8.0.332|6.8.0.302] [SDK 6.8.0.301]com.huawei.hwid.core/RomUtil 9182:3994 RomUtil.java:85] regionStr:us
12-14 13:35:04.951  9182 28834 I fwkit_NetInitThread: [I/fwkit/fwkit_NetInitThread 9182:3994 ShareNetworkKit.java:46] The context of network sdk register successfully
12-14 13:35:04.951  9275 28792 I HiAdKit.AdInfoUtil:  getAgCountryCodeFromAg
12-14 13:35:04.951  1592  3181 I HwAudioService: now type = -1,reportForegroundAppType = 28,pkg = null,systemload = -1VOIP_OPTIMIZE_IN_GAMEMODEfalse
12-14 13:35:04.952  9275 28797 I HiAdKit.HiAdTools:  Target provider service's package name is : com.huawei.hwid
12-14 13:35:04.953  9275 15510 I HiAdKit.InnerApiProvider:  query Location switch
12-14 13:35:04.953  9275 27497 I HiAdKit.DeviceUtil:  getHMVerion, ver= 2.0.0
12-14 13:35:04.954  1592  2780 V ActivityManager: Successfully start provider ContentProviderRecord{94f1648 u0 com.huawei.hwid/com.huawei.hms.fwkit.provider.HMSFrameworkProvider} launchingApp=null caller pid= 9275
12-14 13:35:04.955  9275 27497 I HiAdKit.SystemUtil:  isDeviceProvisioned: true
12-14 13:35:04.955  9275 28865 I HomeCountryImpl: homeCountry from cache
12-14 13:35:04.955  9275 28865 I HomeCountryImpl: current homeCountry is valid
12-14 13:35:04.955  9275 27497 I HiAdKit.HiAdTools:  Target provider service's package name is : com.huawei.hwid
12-14 13:35:04.951  9182 28834 I UPHttpRequest: [I/HwID_APK_log[6.8.0.332|6.8.0.302] [SDK 6.8.0.301]com.huawei.hwid.core/UPHttpRequest 9182:3994 UPHttpRequest.java:163] requestName:getUserInfo begin to headerPutCookie
12-14 13:35:04.956  1592  1757 W Settings: Setting device_provisioned has moved from android.provider.Settings.Secure to android.provider.Settings.Global.
12-14 13:35:04.956  9182 12185 I fwkit_AbsContentProvider: [I/fwkit/fwkit_AbsContentProvider 9182:3585 AbsContentProvider.java:54] KitProcessAgentCoreProvider; callerPackage: com.huawei.hwid; method: query; uri: content://com.huawei.hms.runtimekit.kitcontainerservice.KitProcessAgentCoreProvider/com.huawei.hwid.pps.oaid/oaid/query
12-14 13:35:04.957  9182 12185 I HiAdKit.DC.OaidDataProvider:  query code: 1
12-14 13:35:04.958  9275 28859 W HiAdKit.ra:  can not set app info:com.hmsecosystem.calculator
12-14 13:35:04.958  9182 28834 I HwIDCookieManager: [I/HwID_APK_log[6.8.0.332|6.8.0.302] [SDK 6.8.0.301]com.huawei.hwid.core/HwIDCookieManager 9182:3994 HwIDCookieManager.java:103] getCookie is not null
12-14 13:35:04.962  9275 28859 I HiAdKit.LocationUtils:  loc_tag isGpsSwitchOpen locationMode is 3
12-14 13:35:04.963  9182 11002 I fwkit_AbsContentProvider: [I/fwkit/fwkit_AbsContentProvider 9182:3548 AbsContentProvider.java:54] KitProcessAgentCoreProvider; callerPackage: com.huawei.hwid; method: query; uri: content://com.huawei.hms.runtimekit.kitcontainerservice.KitProcessAgentCoreProvider/com.huawei.hms.ads/dc
12-14 13:35:04.963  9182 11002 I HiAdKit.DC.DcProvider:  match code: 1
12-14 13:35:04.963  9182 11002 I HiAdKit.DC.DcProvider:  call cmd: 1
12-14 13:35:04.963  9275 28859 I HiAdKit.v:  prep req info
12-14 13:35:04.964  9182 28834 I HwIDCookieManager: [I/HwID_APK_log[6.8.0.332|6.8.0.302] [SDK 6.8.0.301]com.huawei.hwid.core/HwIDCookieManager 9182:3994 HwIDCookieManager.java:105] getCookie is not expire
12-14 13:35:04.964  9182 28834 I UPHttpRequest: [I/HwID_APK_log[6.8.0.332|6.8.0.302] [SDK 6.8.0.301]com.huawei.hwid.core/UPHttpRequest 9182:3994 UPHttpRequest.java:174] requestName:getUserInfo cookie lastKey:81
12-14 13:35:04.964  9182 11002 I HiAdKit.DC.DcJobService:  job exist
12-14 13:35:04.964  9182 28834 I SecureRandomFactory: [I/HwID_APK_log[6.8.0.332|6.8.0.302] [SDK 6.8.0.301]com.huawei.hwid.core/SecureRandomFactory 9182:3994 SecureRandomFactory.java:27] getSecureRandom
12-14 13:35:04.964  9182 28834 I HwIDRestClientCall: [I/HwID_APK_log[6.8.0.332|6.8.0.302] [SDK 6.8.0.301]com.huawei.hwid.core/HwIDRestClientCall 9182:3994 HwIDRestClientCall.java:262] HwIDResetClientManager init mConnectionTimeOut:5000
12-14 13:35:04.965  9182 28834 I fwkit_NetInitThread: [I/fwkit/fwkit_NetInitThread 9182:3994 ShareNetworkKit.java:46] The context of network sdk register successfully
12-14 13:35:04.965  1592 28613 W SecurityProfileService: Policy not found: getPolicy err for SignatureInvalidException
12-14 13:35:04.966  9182 28483 I HiAdKit.DC.AppDataCollectionManager:  rptDCLD, state: -1
12-14 13:35:04.966  9182 27493 I HiAdKit.DC.DcUtil:  last AIL time: 1671035976610
12-14 13:35:04.966  9182 28482 I HiAdKit.DC.DcUtil:  Clct AppData mode:1
12-14 13:35:04.966  9182 27493 I HiAdKit.DC.DcUtil:  The reporting ints list interval is less than one day
12-14 13:35:04.966  9182 28482 I HiAdKit.DC.DcUtil:  usage ct:3
12-14 13:35:04.966  9182 28482 I HiAdKit.DC.DcUtil:  last AUD time: 1671039950824
12-14 13:35:04.966  9182 28482 I HiAdKit.DC.DcUtil:  The reporting interval is less than 12 h
12-14 13:35:04.967  9182 28483 I HiAdKit.DC.DcUtil:  state: -1, last DCLD time: 1671053579546
12-14 13:35:04.967  9182 28483 I HiAdKit.DC.DcUtil:  cannot rpt devCntList, connection type: -1, interval is less than 1 hour
12-14 13:35:04.967  9275 27497 I HiAdKit.SystemUtil:  isDeviceProvisioned: true
12-14 13:35:04.967  9275 28797 I HiAdKit.SafetyDetectUtil:  c class is available
12-14 13:35:04.967  9275 28797 I HiAdKit.SafetyDetectUtil:  e class is available
12-14 13:35:04.968  9275 27497 I HiAdKit.HttpCall:  oobe: false
12-14 13:35:04.968  9275 28792 I HiAdKit.pw:  The reporting interval is less than one hour
12-14 13:35:04.968  9275 28797 I HiAdKit.HiAdTools:  Target provider service's package name is : com.huawei.hwid
12-14 13:35:04.968  9275 28792 I HiAdKit.UserDetectService:  Init user detect, target app: com.hmsecosystem.calculator
12-14 13:35:04.969  9275 27497 I NetworkSdk_CountryCodeBean: [I/HMSCore/NetworkSdk_CountryCodeBean 9275:3435 SourceFile:1] PPS-Net-pool-thread-20|null|com.huawei.hms.framework.network.grs.local.model.CountryCodeBean|getVendorCountryCode|39|countryCode by ro.hw.country is: cn
12-14 13:35:04.970  9275 27497 I NetworkSdk_CountryCodeBean: [I/HMSCore/NetworkSdk_CountryCodeBean 9275:3435 SourceFile:1] PPS-Net-pool-thread-20|null|com.huawei.hms.framework.network.grs.local.model.CountryCodeBean|init|15|get issue_country code from VENDOR_COUNTRY
12-14 13:35:04.970  9275 27497 I HiAdKit.AccessMethod.Builder:  countryCode:CN
12-14 13:35:04.971  9182 28834 I NetworkSdk_OkRequestTask: [I/HMSCore/NetworkSdk_OkRequestTask 9182:3994 SourceFile:1] Hwid-Single-RequestAgent-Pool3|null|com.huawei.hms.network.embedded.l5|execute|288|the request has used the okhttp! 
12-14 13:35:04.971   682  1292 W /system/bin/netd: A binder object at 0x771381a600 is being transacted on, however, this object is in the same process as its proxy. Transacting with this binder is expensive compared to just calling the corresponding functionality in the same process.
12-14 13:35:04.971   682  1292 I PreDnsController: canPreDnsQuery,persist.sys.predns is false!
12-14 13:35:04.971  9275 28859 I HiAdKit.DeviceManager:  isDroi:false
12-14 13:35:04.971  9275 28792 I HiAdKit.HiAdRequestDataLogger:  upper thread name: PPS-Net-pool-thread-20 request data: {"app":{"pkgname":"com.hmsecosystem.calculator","verCode":"1"},"appSdkVerCode":"130456302","appSdkVersion":"13.4.56.302","device":{"agCountryCode":"GB","brand":"HUAWEI","dpi":0,"emuiSdkInt":25,"emuiVer":"EmotionUI_11.0.0","ext":{},"height":0,"hmSdkInt":3,"hmVer":"2.0.0","hmftype":1,"isChinaROM":false,"language":"en","localeCountry":"US","maker":"HUAWEI","model":"LIO-AL00","os":"harmonyos,android","pxratio":0.0,"reqSource":0,"roLocale":"ZH-HANS-CN","roLocaleCountry":"CN","sdkType":4,"type":4,"vendor":"ALL","vendorCountry":"CN","verCodeOfAG":"120601303","verCodeOfHms":"60800332","verCodeOfHsf":"110106301","version":"10","width":0},"oaid":"******","routerCountry":"CN","sdkVerCode":"30458304","sdkversion":"3.4.58.304","serverStore":"******","slotid":"x2324cxyzs","udid":"******","version":"3.4"} 
12-14 13:35:04.971  1592 28613 I SecurityProfileUtils: Single watcher thread pool and queue is full.
12-14 13:35:04.972  1592 28613 D SecurityProfile_Permission: Permission reason is unchecked app type.
12-14 13:35:04.972  9182 12185 I fwkit_AbsContentProvider: [I/fwkit/fwkit_AbsContentProvider 9182:3585 AbsContentProvider.java:54] KitProcessAgentCoreProvider; callerPackage: com.huawei.hwid; method: query; uri: content://com.huawei.hms.runtimekit.kitcontainerservice.KitProcessAgentCoreProvider/com.huawei.hms.ads/dc
12-14 13:35:04.973  9182 12185 I HiAdKit.DC.DcProvider:  match code: 1
12-14 13:35:04.973  9182 12185 I HiAdKit.DC.DcProvider:  call cmd: 3
12-14 13:35:04.973  1592  1592 D HwConnectivityManagerImpl: getNetworkPolicyFlag flagStr null
12-14 13:35:04.974  9275 27629 W NetworkSdk_GrsApi: [W/HMSCore/NetworkSdk_GrsApi 9275:3441 SourceFile:1] PPS-Cal-pool-thread-21|null|com.huawei.hms.framework.network.grs.GrsApi|grsSdkInit|4|GrsApi.grsSdkInit is @Deprecated,  And Only Application Can Call Once
12-14 13:35:04.974  9275 27629 I NetworkSdk_e: [I/HMSCore/NetworkSdk_e 9275:3441 SourceFile:1] PPS-Cal-pool-thread-21|null|com.huawei.hms.framework.network.grs.h.e|a|30|isSpExpire false.
12-14 13:35:04.975  9275 27629 I NetworkSdk_a: [I/HMSCore/NetworkSdk_a 9275:3441 SourceFile:1] PPS-Cal-pool-thread-21|null|com.huawei.hms.framework.network.grs.a|a|20|GrsClientManager.getUrlsLocal: Get URL from GRS Server Cache
12-14 13:35:04.975  9275 27629 I NetworkSdk_a: [I/HMSCore/NetworkSdk_a 9275:3441 SourceFile:1] PPS-Cal-pool-thread-21|null|com.huawei.hms.framework.network.grs.a|a|54|GrsClientManager.synGetGrsUrl: Return [com.huawei.cloud.pps.kit][sdkServerBaseUrl] Url: h*t*s*/*s*k*e*v*r*d*c*.*p*d*a*k*l*u*.*n
12-14 13:35:04.977  9275 28859 I NetworkSdk_CountryCodeBean: [I/HMSCore/NetworkSdk_CountryCodeBean 9275:3535 SourceFile:1] PPS-Net-pool-thread-23|null|com.huawei.hms.framework.network.grs.local.model.CountryCodeBean|getVendorCountryCode|39|countryCode by ro.hw.country is: cn
12-14 13:35:04.977  9275 28859 I NetworkSdk_CountryCodeBean: [I/HMSCore/NetworkSdk_CountryCodeBean 9275:3535 SourceFile:1] PPS-Net-pool-thread-23|null|com.huawei.hms.framework.network.grs.local.model.CountryCodeBean|init|15|get issue_country code from VENDOR_COUNTRY
12-14 13:35:04.978  9275 28797 I HiAdKit.KitStatisticsReport:  do not report kit daily active
12-14 13:35:04.979  9275 28859 E HiAdKit.AdInfoUtil:  get ScreenReader status error, setting not found.
12-14 13:35:04.979  9275 28859 I HiAdKit.v:  got npa according to consent result status: -1
12-14 13:35:04.980  9275 28859 I NetworkSdk_CountryCodeBean: [I/HMSCore/NetworkSdk_CountryCodeBean 9275:3535 SourceFile:1] PPS-Net-pool-thread-23|null|com.huawei.hms.framework.network.grs.local.model.CountryCodeBean|getVendorCountryCode|39|countryCode by ro.hw.country is: cn
12-14 13:35:04.980  9275 28859 I NetworkSdk_CountryCodeBean: [I/HMSCore/NetworkSdk_CountryCodeBean 9275:3535 SourceFile:1] PPS-Net-pool-thread-23|null|com.huawei.hms.framework.network.grs.local.model.CountryCodeBean|init|15|get issue_country code from VENDOR_COUNTRY
12-14 13:35:04.981  9275 28859 I HiAdKit.DeviceUtil:  loc_tag isGpsSwitchOpen locationMode is 3
12-14 13:35:04.981  2986  2986 I HwLauncher: Model onPackageChanged packageName = com.hmsecosystem.calculator user = UserHandle{0}
12-14 13:35:04.981  9275 28859 I HiAdKit.LocationUtils:  loc_tag isGpsSwitchOpen locationMode is 3
12-14 13:35:04.982  9275 28859 I HiAdKit.v:  do ad req
12-14 13:35:04.982  2986  2986 I HwLauncher: PowerSaveLauncherModel onPackageChanged packageName = com.hmsecosystem.calculator user = UserHandle{0}
12-14 13:35:04.982  2986  2986 E HwLauncher: PowerSaveLauncherModel onPackageChanged: not inPowerSaveLauncher 
12-14 13:35:04.982  2986  2986 I HwLauncher: StreetModeLauncherModel onPackageChanged packageName = com.hmsecosystem.calculator,user = UserHandle{0}
12-14 13:35:04.982  2986  2986 E HwLauncher: StreetModeLauncherModel onPackageChanged: not inStreetModeLauncher 
12-14 13:35:04.982  2986  3229 I HwResourcesImpl: remove icon, packageName = com.hmsecosystem.calculator
12-14 13:35:04.982  2986  3229 I Icon_Cache: removeByPackageName: key = 2131230988#com.hmsecosystem.calculator
12-14 13:35:04.983  9182 27493 I HiAdKit.DC.DcUtil:  last SAB time: 1670998357008
12-14 13:35:04.983  9182 27493 I HiAdKit.DC.DcUtil:  cannot SAB
12-14 13:35:04.984  9275 28859 I HiAdKit.SystemUtil:  isDeviceProvisioned: true
12-14 13:35:04.984  9275 28859 I HiAdKit.HiAdTools:  Target provider service's package name is : com.huawei.hwid
12-14 13:35:04.985  9182 12185 I fwkit_AbsContentProvider: [I/fwkit/fwkit_AbsContentProvider 9182:3585 AbsContentProvider.java:54] KitProcessAgentCoreProvider; callerPackage: com.huawei.hwid; method: query; uri: content://com.huawei.hms.runtimekit.kitcontainerservice.KitProcessAgentCoreProvider/com.huawei.hwid.pps.oaid/oaid/query
12-14 13:35:04.985  9182 12185 I HiAdKit.DC.OaidDataProvider:  query code: 1
12-14 13:35:04.987  9275 28859 I HiAdKit.SystemUtil:  isDeviceProvisioned: true
12-14 13:35:04.987  9275 28859 I HiAdKit.HttpCall:  oobe: false
12-14 13:35:04.988  9275 28859 I NetworkSdk_CountryCodeBean: [I/HMSCore/NetworkSdk_CountryCodeBean 9275:3535 SourceFile:1] PPS-Net-pool-thread-23|null|com.huawei.hms.framework.network.grs.local.model.CountryCodeBean|getVendorCountryCode|39|countryCode by ro.hw.country is: cn
12-14 13:35:04.988  9275 28859 I NetworkSdk_CountryCodeBean: [I/HMSCore/NetworkSdk_CountryCodeBean 9275:3535 SourceFile:1] PPS-Net-pool-thread-23|null|com.huawei.hms.framework.network.grs.local.model.CountryCodeBean|init|15|get issue_country code from VENDOR_COUNTRY
12-14 13:35:04.988  9275 28859 I HiAdKit.AccessMethod.Builder:  countryCode:CN
12-14 13:35:04.990  9275 28792 W NetworkSdk_GrsApi: [W/HMSCore/NetworkSdk_GrsApi 9275:3530 SourceFile:1] PPS-Cal-pool-thread-24|null|com.huawei.hms.framework.network.grs.GrsApi|grsSdkInit|4|GrsApi.grsSdkInit is @Deprecated,  And Only Application Can Call Once
12-14 13:35:04.990  9275 28792 I NetworkSdk_e: [I/HMSCore/NetworkSdk_e 9275:3530 SourceFile:1] PPS-Cal-pool-thread-24|null|com.huawei.hms.framework.network.grs.h.e|a|30|isSpExpire false.
12-14 13:35:04.990  9275 28792 I NetworkSdk_a: [I/HMSCore/NetworkSdk_a 9275:3530 SourceFile:1] PPS-Cal-pool-thread-24|null|com.huawei.hms.framework.network.grs.a|a|20|GrsClientManager.getUrlsLocal: Get URL from GRS Server Cache
12-14 13:35:04.990  9275 28792 I NetworkSdk_a: [I/HMSCore/NetworkSdk_a 9275:3530 SourceFile:1] PPS-Cal-pool-thread-24|null|com.huawei.hms.framework.network.grs.a|a|54|GrsClientManager.synGetGrsUrl: Return [com.huawei.cloud.pps.kit][adxBaseUrl] Url: h*t*s*/*a*x*d*c*.*p*d*a*k*l*u*.*n
12-14 13:35:04.991  9275 28797 I HiAdKit.HiAdRequestDataLogger:  upper thread name: PPS-Net-pool-thread-23 request data: {"rtenv":1,"appsdkversion":"13.4.56.302","app":{"ext":{"faSupport":0},"mediaGpsOn":0,"name":"My Calculator","pkgname":"com.hmsecosystem.calculator","sign":"c8c4fe9444bfe8eec9b0a842b3afe05a2cfc1284e17894594a36e514f0fcdf16","systemFlag":0,"version":"1.0"},"clientAdRequestId":"82ecb10d-e910-4b60-ba58-658f0187e8e7","device":{"aaid":"******","adsLoc":1,"agCountryCode":"GB","agcAaid":"fb4******faa","arEngineVer":"100000149","brand":"HUAWEI","buildVersion":"LIO-AL00 11.0.0.185(C00E180R5P11)","clientTime":"2022-12-14 13:35:04.974-0800","dpi":480,"emuiVer":"EmotionUI_11.0.0","ext":{"aVideoCodec":["avc","hevc"],"bootMark":"374b25f7-9cbd-4039-a01d-954742d89509","updateMark":"1669144277.100000000"},"freeDiskSize":192719253504,"freeSdcardSize":192698281984,"gpsOn":1,"height":2400,"hmSdkInt":3,"hmVer":"2.0.0","hmftype":1,"hmsGpsOn":1,"isChinaROM":true,"isTrackingEnabled":"1","language":"en","localeCountry":"US","maker":"HUAWEI","model":"LIO-AL00","oaid":"a0c******70e","os":"harmonyos,android","pxratio":3.0,"reqSource":0,"roLocale":"ZH-HANS-CN","roLocaleCountry":"CN","routerCountry":"CN","sdkType":4,"totalDiskSize":245515681792,"totalSdcardSize":245494710272,"type":4,"udid":"146******194","useragent":"Mozilla/5.0 (Linux; Android 10; LIO-AL00 Build/HUAWEILIO-AL00; wv) AppleWebKit/537.36 (KHTML, like Gecko) Version/4.0 Chrome/78.0.3904.108 Mobile Safari/537.36","uuid":"e32******fd6","vendor":"ALL","vendorCountry":"CN","verCodeOfAG":"120601303","verCodeOfHms":"60800332","verCodeOfHsf":"110106301","version":"10","width":1176,"xrKitVer":"110000302"},"geo":"******","multislot":[{"h":150,"w":960,"adtype":8,"bsrSet":1,"height":2400,"isSmart":0,"slotid":"x2324cxyzs","test":0,"width":1176}],"network":{"cellInfo":"******","type":2},"parentCtrlUser":-1,"pdToOther":0,"reqPurpose":1,"scrnReadStat":-1,"sdkversion":"3.4.58.304","tag":{"hw_d005":"96","hw_d004":"192698281984","hw_m001":"0","hw_d007":"0.46800897,8.599503,4.3222904","hw_d006":"2","hw_u002":"1","hw_d009":"-50","hw_d008":"U29maWFwdA==","hw_d001":"256G","hw_d003":"192719253504","hw_d002":"8G"},"version":"3.4"} 
12-14 13:35:04.991   682  1292 W /system/bin/netd: A binder object at 0x771381a600 is being transacted on, however, this object is in the same process as its proxy. Transacting with this binder is expensive compared to just calling the corresponding functionality in the same process.
12-14 13:35:04.991   682  1292 I PreDnsController: canPreDnsQuery,persist.sys.predns is false!
12-14 13:35:05.009  2986  2986 D BaseIconCache: Looper.myLooper():Looper (main, tid 1) {b1e433f},mBgLooper:Looper (launcher-loader, tid 104) {61a040c}
12-14 13:35:05.009  2986  2986 D BaseIconCache: Looper.myLooper():Looper (main, tid 1) {b1e433f},mBgLooper:Looper (launcher-loader, tid 104) {61a040c}
12-14 13:35:05.016  2970  2970 I SmsApplication: updatedNeeded = true for userId = 0
12-14 13:35:05.025  1592  3181 D PackageManager: Replacing preferredadd pref activity com.android.mms/.ui.ComposeMessageActivity from uid 1001
12-14 13:35:05.025  1592  3181 I HwPreferredActivityManager: the filter does not meet the requirement
