12-14 13:35:03.792  1592  1759 W UsageStatsService: Event reported without a package name, eventType:18
12-14 13:35:03.792  1592  1759 I StorageManagerService: onKeyguardStateChanged false
12-14 13:35:03.797  1592  2803 I StatusBarDisable: setFlags what=0 which=1 pkg=com.android.systemui
12-14 13:35:03.797  1592  2803 I StatusBarDisable: disableLocked mBar.disable net1=0 net2=0 pkg=com.android.systemui what=0
12-14 13:35:03.799  1592  3172 I HwNetworkPolicy: onTransact, code = 12
12-14 13:35:03.804  1592  3172 V ActivityManager: Successfully start provider ContentProviderRecord{94f170e u0 com.huawei.hwid/com.huawei.hms.runtimekit.stubexplicit.HwIDProvider} launchingApp=null caller pid= 27003
12-14 13:35:03.817  1592  3172 I HwAlarmManagerService: SmartHeartBeat:setAlarmsPending, pkgList=[]
12-14 13:35:03.820  2913  2913 I HwKeystoreServiceImpl: User unlock userId:0
12-14 13:35:03.829  2913  3295 E BoosterUtil: convertSubIdToSlotId failed, subId:0, slotId:-1
12-14 13:35:03.829  2913  3295 E BoosterUtil: getDefaultDataSlotId failed, invalid slotId:-1, subId:0
12-14 13:35:03.832  2913  3295 E BoosterUtil: convertSubIdToSlotId failed, subId:0, slotId:-1
12-14 13:35:03.832  2913  3295 E BoosterUtil: getDefaultDataSlotId failed, invalid slotId:-1, subId:0
12-14 13:35:03.833  2913  3295 E BoosterUtil: convertSubIdToSlotId failed, subId:0, slotId:-1
12-14 13:35:03.833  2913  3295 E BoosterUtil: getDefaultDataSlotId failed, invalid slotId:-1, subId:0
12-14 13:35:03.834  2913  3295 E BoosterUtil: convertSubIdToSlotId failed, subId:0, slotId:-1
12-14 13:35:03.834  2913  3295 E BoosterUtil: getDefaultDataSlotId failed, invalid slotId:-1, subId:0
12-14 13:35:03.835  1592  3172 I ActivityManager: App 10334/com.android.chrome targets O+, restricted
12-14 13:35:03.835  1592  3172 W BroadcastQueue: Background execution not allowed: receiving Intent { act=android.intent.action.USER_PRESENT flg=0x24000010 (has extras) } to com.android.chrome/org.chromium.chrome.browser.sharing.click_to_call.ClickToCallMessageHandler$PhoneUnlockedReceiver
12-14 13:35:03.837  2913  3295 E BoosterUtil: convertSubIdToSlotId failed, subId:0, slotId:-1
12-14 13:35:03.837  2913  3295 E BoosterUtil: getDefaultDataSlotId failed, invalid slotId:-1, subId:0
12-14 13:35:03.838  1592  2780 I JobScheduler: CANCEL: 9304f0e #u0a387/2071862118 com.hmsecosystem.calculator/com.onesignal.SyncJobService, reason:cancel() called by app, callingUid=10387 uid=10387 jobId=2071862118
12-14 13:35:03.838  2913  3295 E BoosterUtil: convertSubIdToSlotId failed, subId:0, slotId:-1
12-14 13:35:03.838  2913  3295 E BoosterUtil: getDefaultDataSlotId failed, invalid slotId:-1, subId:0
12-14 13:35:03.839  2913  2913 I HwKeystoreServiceImpl: User unlock userId:128
12-14 13:35:03.839  1592  1774 I ActivityManager: App 10168/com.dianping.v1 targets O+, restricted
12-14 13:35:03.839  1592  1774 W BroadcastQueue: Background execution not allowed: receiving Intent { act=android.intent.action.USER_PRESENT flg=0x24000010 (has extras) } to com.dianping.v1/com.dianping.base.push.pushservice.PhoneStatusReceiver
12-14 13:35:03.839  1592  1774 I ActivityManager: App 10385/com.dropbox.twa targets O+, restricted
12-14 13:35:03.839  1592  1774 W BroadcastQueue: Background execution not allowed: receiving Intent { act=android.intent.action.USER_PRESENT flg=0x24000010 (has extras) } to com.dropbox.twa/org.chromium.chrome.browser.sharing.click_to_call.ClickToCallMessageHandler$PhoneUnlockedReceiver
12-14 13:35:03.840  2913  3295 E BoosterUtil: convertSubIdToSlotId failed, subId:0, slotId:-1
12-14 13:35:03.840  2913  3295 E BoosterUtil: getDefaultDataSlotId failed, invalid slotId:-1, subId:0
12-14 13:35:03.842  1592  1774 I ActivityManager: App 10376/com.duolingo.twa targets O+, restricted
12-14 13:35:03.842  2913  3295 E BoosterUtil: convertSubIdToSlotId failed, subId:0, slotId:-1
12-14 13:35:03.842  2913  3295 E BoosterUtil: getDefaultDataSlotId failed, invalid slotId:-1, subId:0
12-14 13:35:03.842  1592  1774 W BroadcastQueue: Background execution not allowed: receiving Intent { act=android.intent.action.USER_PRESENT flg=0x24000010 (has extras) } to com.duolingo.twa/org.chromium.chrome.browser.sharing.click_to_call.ClickToCallMessageHandler$PhoneUnlockedReceiver
12-14 13:35:03.842  2913  3295 I PreDnsQuery: No need to handled!
12-14 13:35:03.843  1592  1774 I ActivityManager: App 10323/com.iflytek.inputmethod targets O+, restricted
12-14 13:35:03.843  1592  1774 W BroadcastQueue: Background execution not allowed: receiving Intent { act=android.intent.action.USER_PRESENT flg=0x24000010 (has extras) } to com.iflytek.inputmethod/.multiprocess.AssistReceiver
12-14 13:35:03.845  1592  1774 I ActivityManager: App 10377/com.mcdonalds.my.twa targets O+, restricted
12-14 13:35:03.845  1592  1774 W BroadcastQueue: Background execution not allowed: receiving Intent { act=android.intent.action.USER_PRESENT flg=0x24000010 (has extras) } to com.mcdonalds.my.twa/org.chromium.chrome.browser.sharing.click_to_call.ClickToCallMessageHandler$PhoneUnlockedReceiver
12-14 13:35:03.845  1592  1774 I ActivityManager: App 10378/com.paypal.twa targets O+, restricted
12-14 13:35:03.845  1592  2275 D HwConnectivityServiceEx: set 10387 wlan0 value false
12-14 13:35:03.845  1592  1774 W BroadcastQueue: Background execution not allowed: receiving Intent { act=android.intent.action.USER_PRESENT flg=0x24000010 (has extras) } to com.paypal.twa/org.chromium.chrome.browser.sharing.click_to_call.ClickToCallMessageHandler$PhoneUnlockedReceiver
12-14 13:35:03.845  1592  1774 I ActivityManager: App 10379/com.shazam.twa targets O+, restricted
12-14 13:35:03.845  1592  1774 W BroadcastQueue: Background execution not allowed: receiving Intent { act=android.intent.action.USER_PRESENT flg=0x24000010 (has extras) } to com.shazam.twa/org.chromium.chrome.browser.sharing.click_to_call.ClickToCallMessageHandler$PhoneUnlockedReceiver
12-14 13:35:03.845  1592  1774 I ActivityManager: App 10331/org.chromium.chrome targets O+, restricted
12-14 13:35:03.845  1592  1774 W BroadcastQueue: Background execution not allowed: receiving Intent { act=android.intent.action.USER_PRESENT flg=0x24000010 (has extras) } to org.chromium.chrome/.browser.sharing.click_to_call.ClickToCallMessageHandler$PhoneUnlockedReceiver
12-14 13:35:03.845  1592  1774 V BroadcastQueue: Finished with ordered broadcast BroadcastRecord{9079871 u0 android.intent.action.USER_PRESENT}
12-14 13:35:03.845  1592  2780 I JobScheduler.Time: realNextDelayExpiredElapsedMillis: 515015335 mNextDelayExpiredElapsedMillis:515015335
12-14 13:35:03.858  1592  1768 I HwAudioServiceEx: ComponentInfo : className = com.hmsecosystem.calculator.MainActivity, flag = onResume, isHomeActivity = , isTop = true
12-14 13:35:03.858  1592  2395 W HwAudioServiceEx: SoundEffectState bundle get reserved is invalid
12-14 13:35:03.858  1592  2395 I HwAudioServiceEx: sendAppKilledIntentForKit, isKitPackageOnPause = false, isKitPackageKill = false, isKitPackageOnResume = false
12-14 13:35:03.859  2913  3295 I HidataAppQoeP: foregroundUidAdd uid: 10387 name: com.hmsecosystem.calculator activity state: true
12-14 13:35:03.863  2913  3295 E BoosterUtil: convertSubIdToSlotId failed, subId:0, slotId:-1
12-14 13:35:03.863  2913  3295 E BoosterUtil: getDefaultDataSlotId failed, invalid slotId:-1, subId:0
--------- beginning of main
12-14 13:35:03.863  2913  3295 I ConnCureStateMonitor: handleMessage: msg[2]
12-14 13:35:03.863  2913  5245 D LteRecoveryEngine: UnRecoverState processMessage UPDATE_FOREGRAND_UID_VALUE
12-14 13:35:03.863  2913  3295 I HwPacketFilterBypass: handleActivityUidStateChanged uid:10387 -1 foreground:1
12-14 13:35:03.863  2913  3295 I NetworkQoeChr: checkForegroundApp timer end
12-14 13:35:03.863  2913  3295 I NetworkQoe: setNetworkQoeEnable:true,status=32,mNetworkQoeConditions=222
12-14 13:35:03.863  2913  3295 E NetworkQoe: sendModemParaCollecEnable invalid defaultDataSlotId=-1
12-14 13:35:03.863  2913  3295 I NetworkQoe: sendWifiParaCollecEnable:isEnable = true
12-14 13:35:03.864  9182 11002 I chatty  : uid=10073(com.huawei.hwid) Binder:9182_7 expire 6 lines
12-14 13:35:03.864  1592  2780 D wifiserviceimpl: netmask =16777215
12-14 13:35:03.864  1592  1592 W system_server: resources.arsc in APK '/data/app/com.apkpure.aegon-kG44mj_NTRcAJXseWqjTXQ==/base.apk' is compressed.
12-14 13:35:03.864  1592  3172 I SensorService: enableSensor handle:1, packageName:com.appsflyer.internal.AFa1dSDK, opPackageName:com.hmsecosystem.calculator , rate=10000000
12-14 13:35:03.864  2913  5216 I Collector: HandleRawWifiInfo: flag:0, netId:0!
12-14 13:35:03.864  2913  5216 I Collector: HandleRawWifiInfo: flag:0, netId:0!
12-14 13:35:03.864  2913  3295 I OllieMsgCenter: publishEvt what:2130771969
12-14 13:35:03.864  2913  3295 I OllieMsgCenter: publishEvt what:2130771985
12-14 13:35:03.864  2940  3836 I SensorState: sensor:1 name:mag-akm09911 enable:true uid:10387
12-14 13:35:03.864  2940  3836 I PGServer: report state:4 event type:1 pid:1 uid:10387 pkg:null to pid: 1592
12-14 13:35:03.864 27823 28765 I HMSSDK_HMSPackageManager: quit checkHmsIsSpoof cached state: SUCCESS
12-14 13:35:03.864  2940  3836 I SensorState: addSensor,mHandles:{0=1, 1=1}
12-14 13:35:03.864  1592  2780 D HwConnectivityManagerImpl: startappqoednscollection action =0timer =1000
12-14 13:35:03.865  1086  1086 I Sensors@1.2-impl: activate-1 enabled-1 fwkOals-1 camOals-0 fwkOcolor-0 camOcolor-0 fwkOtof-0 camOtof-0
12-14 13:35:03.865  1086  1086 I Sensors@1.2-impl: GetTotalOpenCnt: The sensor haven't open
12-14 13:35:03.865  1086  1086 I Sensors@1.2-impl: IsOpenNeedUpdate: service: 1592, sensor: 1, open: 1, openCnt: 0
12-14 13:35:03.865  1086  1086 I SensorHub: Activate, handle: 1, enabled:1, err: 0
12-14 13:35:03.866 27823 28007 D SensorManager: 0x78a8678910 addFd fd=143
12-14 13:35:03.866  2940  4036 I PG_ash  : current visiblePkgs:[com.hmsecosystem.calculator]
12-14 13:35:03.866  1086  1086 E Sensors@1.2-impl: Sensors::batch: sensorHandle: 5, samplingPeriodNs: 2000000, maxReportLatencyNs: 0
12-14 13:35:03.866  1086  1086 I Sensors@1.2-impl: IsConfigParamNeedUpdate: service: 1592, sensor: 5, first set config, create it
12-14 13:35:03.866  1086  1086 I Sensors@1.2-impl: SetReportConfig: the sensor not find, create it
12-14 13:35:03.866  1086  1086 I Sensors@1.2-impl: GetSensorConfig: sensor: 5, Can't get param
12-14 13:35:03.866  1086  1086 I Sensors@1.2-impl: GetSensorConfig: sensor: 5, Can't get param
12-14 13:35:03.866  1086  1086 I Sensors@1.2-impl: JudgeOptimizeConfig: sensor: 5, oldPeriod: 0, initPeroid: 2000000
12-14 13:35:03.866  1086  1086 I Sensors@1.2-impl: SetOptimizeConfig: sensor: 5 first setconfig, create it
12-14 13:35:03.866  1086  1086 I Sensors@1.2-impl: GetSampleFifoConfig: sensor: 5, period: 2000000, reportDelay: 0
12-14 13:35:03.866  1086  1086 I SensorHub: batch called handle:5 sampleNs:2000000 latencyNs:0
12-14 13:35:03.866  1086  1086 I SensorHub: in Batch, handle = 5, flags = 0, periodNs = 2000000, timeout = 0
12-14 13:35:03.866  2913  3295 E BoosterUtil: convertSubIdToSlotId failed, subId:0, slotId:-1
12-14 13:35:03.866  2913  3295 E BoosterUtil: getDefaultDataSlotId failed, invalid slotId:-1, subId:0
12-14 13:35:03.866  2913  3295 E BroadcastProxy: isDataOn failed, invalid slotId=-1
12-14 13:35:03.867  2940  3836 I SensorState: sensor:5 name:gyroscope enable:true uid:10387
12-14 13:35:03.867  2940  3836 I PGServer: report state:4 event type:1 pid:5 uid:10387 pkg:null to pid: 1592
12-14 13:35:03.867  2940  3836 I SensorState: addSensor,mHandles:{0=1, 1=1, 5=1}
12-14 13:35:03.867  1592  3172 I SensorService: enableSensor handle:5, packageName:com.appsflyer.internal.AFa1dSDK, opPackageName:com.hmsecosystem.calculator , rate=2000000
12-14 13:35:03.867  1086  1086 I Sensors@1.2-impl: activate-5 enabled-1 fwkOals-1 camOals-0 fwkOcolor-0 camOcolor-0 fwkOtof-0 camOtof-0
12-14 13:35:03.867  1086  1086 I Sensors@1.2-impl: GetTotalOpenCnt: The sensor haven't open
12-14 13:35:03.867  1086  1086 I Sensors@1.2-impl: IsOpenNeedUpdate: service: 1592, sensor: 5, open: 1, openCnt: 0
12-14 13:35:03.867  1086  1086 I SensorHub: Activate, handle: 5, enabled:1, err: 0
12-14 13:35:03.868 27823 28766 I HMSSDK_HMSPackageManager: Enter getHMSPackageNameForMultiService
12-14 13:35:03.868 27823 28765 I HMSSDK_HMSPackageManager: Enter getHMSPackageNameForMultiService
12-14 13:35:03.868  1592  9914 I WindowManager: Changing focus from null to Window{94325b9 u0 com.hmsecosystem.calculator/com.hmsecosystem.calculator.MainActivity} displayId=0 Callers=com.android.server.wm.RootWindowContainer.updateFocusedWindowLocked:4607492 com.android.server.wm.WindowManagerService.updateFocusedWindowLocked:4604852 com.android.server.wm.WindowManagerService.relayoutWindow:4770292 com.android.server.wm.Session.relayout:4773808 
12-14 13:35:03.868  1592  9914 I HwSwingMotionGestureHub: current app:com.hmsecosystem.calculator,appType:-1
12-14 13:35:03.869  1592  9914 I HwPhoneWindowManager: StatusToSurfaceFlinger Window{94325b9 u0 com.hmsecosystem.calculator/com.hmsecosystem.calculator.MainActivity} sideMode = 1 notchMode = 0 dataIn val = 4
12-14 13:35:03.869  1592  9914 V HwPhoneWindowManager: updateSystemUiColorLw window=Window{94325b9 u0 com.hmsecosystem.calculator/com.hmsecosystem.calculator.MainActivity},EmuiStyle=0,StatusBarColor=0xff00574b,NavigationBarColor=0xfffcfcfc, mForceNotchStatusBar=false
12-14 13:35:03.869   780  1789 D SurfaceFlingerEx: surfaceStatus: = 4
12-14 13:35:03.869   780  1789 I RoundCornerDisplay: [OnSurfaceStatusChanged]hidestatus is not changed: new = 0, old = 0
12-14 13:35:03.869   780  1789 I RoundCornerDisplay: [OnSurfaceStatusChanged]sideRegionStatus is not changed: sideRegionStatus = 1, m_sideRegionMode = 0
12-14 13:35:03.869  1592  9914 I HwDisplayContentEx: currentFocus windowstate not null
12-14 13:35:03.869  1592  9914 E ZrHung.AppEyeFocusWindow: cancel check
12-14 13:35:03.869  1592  1757 D HwPhoneWindowManager: Transact:setSystemUIColor to status bar service
12-14 13:35:03.869  1592  9914 D ZrHung.AppEyeFocusWindow: FocusWindowErrorScene cancelCheckFreezeScreen
12-14 13:35:03.869  1592  9914 I HwDisplayContentEx: trans currentFocus windowstate not null
12-14 13:35:03.869  1592  9914 D ZrHung.AppEyeTransparentWindow: TransparentWindow mHungConfigStatus = 0,mHungConfigEnable = 1
12-14 13:35:03.869  2528  6295 I HwCommandQueue: updateBarBgColor
12-14 13:35:03.869  2528  6295 D HwCommandQueue: CommandQueue, setBarBackgroundColor
12-14 13:35:03.870  1592  1757 I StatusBarDisable: setFlags what=0 which=1 pkg=Window{94325b9 u0 com.hmsecosystem.calculator/com.hmsecosystem.calculator.MainActivity}
12-14 13:35:03.870 27823 28765 I HMSSDK_HuaweiMobileServicesUtil: connect versionCode:60800332
12-14 13:35:03.871 27823 27963 D mali_winsys: EGLint new_window_surface(egl_winsys_display *, void *, EGLSurface, EGLConfig, egl_winsys_surface **, EGLBoolean) returns 0x3000
12-14 13:35:03.871  1592  2328 D HwActivityManagerServiceEx: notifyAppToTop pid:27823, enable:1
12-14 13:35:03.871  1592  2328 D HwActivityManagerServiceEx: notifyAppToTop pid:2528, enable:0
12-14 13:35:03.872  2913  3295 E BoosterUtil: convertSubIdToSlotId failed, subId:0, slotId:-1
12-14 13:35:03.872  2913  3295 E BoosterUtil: getDefaultDataSlotId failed, invalid slotId:-1, subId:0
12-14 13:35:03.872  2913  3295 E BroadcastProxy: isDataOn failed, invalid slotId=-1
12-14 13:35:03.872  2913  3295 I SpeedTestNotifier: Speed test app is back Activity
12-14 13:35:03.872 27823 28765 I HMSSDK_HMSPackageManager: Enter getHMSPackageName
12-14 13:35:03.872  1592  9914 I JobScheduler: pending queue: 1 jobs.
12-14 13:35:03.872  1592  9914 I JobScheduler: About to run job on context 0, job: JobStatus{93c6609 #u0a387/2 com.hmsecosystem.calculator/androidx.work.impl.background.systemjob.SystemJobService u=0 s=10387 READY}
12-14 13:35:03.872  2913  3295 I SmartDualCardConfig: getAppType,pkgName=com.hmsecosystem.calculator,appType=-1
12-14 13:35:03.872  2913  3295 E SmartDualCardConfig: isAppInBlackList false,items==null
12-14 13:35:03.872  2913  3295 I SmartDualCardConfig: isAppInWhiteList false,uid=10387
12-14 13:35:03.873  2913  3295 E ScgQuickAddManager: the compName is :com.hmsecosystem.calculator
12-14 13:35:03.873  2913  3295 D ForegroundDataOpt: is APK changed:false uid:10387 mBgLimitLevel:0
12-14 13:35:03.873  2913  3295 I NetworkQoe: onAppStateChanged: mForeAppUid=10387, packageName:com.hmsecosystem.calculator
12-14 13:35:03.873  1592  1592 W system_server: resources.arsc in APK '/data/app/com.iflytek.inputmethod-5beC9L6i1ez3wZ1kofwRTg==/base.apk' is compressed.
12-14 13:35:03.876  2913  3295 E BoosterUtil: convertSubIdToSlotId failed, subId:0, slotId:-1
12-14 13:35:03.876  2913  3295 E BoosterUtil: getDefaultDataSlotId failed, invalid slotId:-1, subId:0
12-14 13:35:03.876  2913  3295 E BroadcastProxy: isDataOn failed, invalid slotId=-1
12-14 13:35:03.876  2913  3295 I OllieMsgCenter: publishEvt what:2134966274
12-14 13:35:03.877  9182 28772 I chatty  : uid=10073(com.huawei.hwid) aidl_request_po expire 30 lines
12-14 13:35:03.878 27823 28765 I HMSSDK_HMSPackageManager: current versionCode:60800332, minimum version requirements: 30000100
12-14 13:35:03.878 27823 27823 I HwViewRootImpl: removeInvalidNode all the node in jank list is out of time
12-14 13:35:03.878 27823 28765 I HMSSDK_HMSPackageManager: Enter getHMSPackageName
12-14 13:35:03.879 27823 27823 I HiAdSDK.PPSNativeViewViewMonitor:  receive screen state: android.intent.action.USER_PRESENT
12-14 13:35:03.879 27823 27823 I HiAdSDK.PPSNativeViewViewMonitor:  receive screen state: android.intent.action.USER_PRESENT
12-14 13:35:03.879 27823 27823 I HiAdSDK.PPSBannerViewViewMonitor:  receive screen state: android.intent.action.USER_PRESENT
12-14 13:35:03.880 27823 27823 I HiAdSDK.PPSBannerViewViewMonitor:  onViewShown
12-14 13:35:03.880 27823 27823 I HiAdSDK.PPSBannerView:  start refreshAd ad will be refreshed in 60
12-14 13:35:03.880 27823 27823 D DecorView: showOrHideHighlightView: hasFocus=true; winMode=1; isMrgNull=true
12-14 13:35:03.881 27823 27823 W InputMethodManager: startInputReason = 1
12-14 13:35:03.881  2528  2528 D RtgSchedIpcFile: setCommandByIoctl failed ret:-1, cmdid:21, errno:101
12-14 13:35:03.881  2528  2528 D RtgSchedIpcFile: setCommandByIoctl failed ret:-1, cmdid:24, errno:100
12-14 13:35:03.881  2528  2528 D RtgSched: resetRtgSchedHandle failed enable:0
12-14 13:35:03.882 27823 28765 I HMSSDK_HMSPackageManager: Enter getHMSPackageName
12-14 13:35:03.882  2913  3295 E BoosterUtil: convertSubIdToSlotId failed, subId:0, slotId:-1
12-14 13:35:03.883  2913  3295 E BoosterUtil: getDefaultDataSlotId failed, invalid slotId:-1, subId:0
12-14 13:35:03.883  2913  3295 I NetworkQoe: setAppQoeModemId Invalid slotId:-1
12-14 13:35:03.883  2913  3295 D DsduChr : uid=10387, isTrafficFree=false, isUsingFreeTraffic=false
12-14 13:35:03.883  1592  2780 D HwInputMethodManagerService: isSecMethodUsing = false
12-14 13:35:03.884 27823 28765 I HMSSDK_HMSPackageManager: MinApkVersion is disabled.
12-14 13:35:03.885  1592  1760 I WindowManager: removeIfPossible: Window{8f1f5b9 u0 SnapshotStartingWindow for taskId=1076} callers=com.android.server.wm.WindowState.removeIfPossible:782692 com.android.server.wm.WindowManagerService.removeWindow:858852 com.android.server.wm.TaskSnapshotSurface.remove:7177992 com.android.server.wm.AppWindowToken.lambda$removeStartingWindow$3:10611920 android.os.Handler.handleCallback:5385648 
12-14 13:35:03.887  1592  1760 I WindowManager: Not removing Window{8f1f5b9 u0 SnapshotStartingWindow for taskId=1076 EXITING} due to exit animation 
12-14 13:35:03.888  1592  1592 D HwGameAssistantController: isGameForeground? false
12-14 13:35:03.888  1592  2365 I WifiP2pService: InactiveState143468
12-14 13:35:03.888  1592  2365 V HwWifiServiceFactory: get AllImpl object = com.android.server.wifi.HwWifiServiceFactoryImpl@92cbabd
12-14 13:35:03.888  1592  1592 I FingerViewControllerTag: current package is null
12-14 13:35:03.888  1592  2365 V HwWifiServiceFactory: get AllImpl object = com.android.server.wifi.HwWifiServiceFactoryImpl@92cbabd
12-14 13:35:03.888  1592  2365 I WifiP2pService: P2pEnabledState when=55825046 what=143468 arg1=0 arg2=0
12-14 13:35:03.888  1142  1142 I vendor.huawei.hardware.biometrics.fingerprint@2.2-service: BiometricsFingerprint::sendCmdToHal 63 
12-14 13:35:03.888  1142  1142 I UdFingerprintDevice: UdFingerprintDevice::sendCmdToHal 203 
12-14 13:35:03.888  1592  2365 I WifiP2pService: DefaultStatewhen=55825046 what=143468 arg1=0 arg2=0
12-14 13:35:03.888  1142  1142 I ud_fpc_fingerprint_hal: fwk_call sendCmdToHal: 203, fp_process_screen_on_unlock_data
12-14 13:35:03.888  1142  1142 I UdFingerprintDevice: UdFingerprintDevice::sendCmdToHal ret 0 
12-14 13:35:03.888  9182 28777 I chatty  : uid=10073(com.huawei.hwid) Core-Connect-32 expire 26 lines
12-14 13:35:03.888 27823 28765 D OneSignal: registerUserTask calling readyToUpdate
12-14 13:35:03.888  1592  1592 I HwFpServiceToHalUtils: sendCommandToHal: result0, command: 63
12-14 13:35:03.891  9182 28778 I chatty  : uid=10073(com.huawei.hwid) GetCountryCode- expire 2 lines
12-14 13:35:03.892  9182  9945 I chatty  : uid=10073(com.huawei.hwid) Core-Tracker-1 expire 6 lines
12-14 13:35:03.892  9182 28781 I chatty  : uid=10073(com.huawei.hwid) Hwid-Tracker-Po expire 9 lines
12-14 13:35:03.894 27003 28783 I chatty  : uid=10073(com.huawei.hwid) aidl_request_po expire 30 lines
12-14 13:35:03.897 27823 27823 D HiAnalyticsSDK: ActivityStatCommander=> isEnterDelayed = true, no override screen event...
12-14 13:35:03.897 27823 27823 D HiAnalyticsSDK: ActivityStatCommander=> onScreenEnterSend
12-14 13:35:03.897  9182  9206 I chatty  : uid=10073(com.huawei.hwid) Core-LogWrite expire 2 lines
12-14 13:35:03.898  9182 12185 I chatty  : uid=10073(com.huawei.hwid) Binder:9182_8 expire 20 lines
12-14 13:35:03.900 27823 28186 D HiAnalyticsSDK: EventAdapterMission=> EventAdapterTask is running
12-14 13:35:03.900  1592  3172 V ActivityTaskManager: Activity idle: Token{953ec7c ActivityRecord{95e37c9 u0 com.hmsecosystem.calculator/.MainActivity t1076}}
12-14 13:35:03.900 27823 28556 I HMSSDK_c: secretKeyCache not empty.
12-14 13:35:03.901 27823 28556 I HMSSDK_c: The local secret is already in separate file mode.
12-14 13:35:03.901  1592  2328 W AwareLog: AwareMem_MemoryUtils: invalid swappiness value
12-14 13:35:03.901  9182  9182 I chatty  : uid=10073 com.huawei.hwid.core expire 4 lines
12-14 13:35:03.901  1592  1592 D WifiService: onReceive, action:android.intent.action.USER_PRESENT
12-14 13:35:03.901  1592  1592 I HwPCUtils#HwPCManagerService: receive: action isandroid.intent.action.USER_PRESENT,mRestartAppsWhenUnlocked is false
12-14 13:35:03.901  1592  1592 I HwPCUtils#HwPCManagerService: receive: action isandroid.intent.action.USER_PRESENT, MSG_SET_FOCUS_DISPLAY
12-14 13:35:03.902  9182 28785 I chatty  : uid=10073(com.huawei.hwid) Core-AuthSrv-12 expire 44 lines
12-14 13:35:03.904  1592  1592 D HwGameAssistantController: isGameForeground? false
12-14 13:35:03.907 27823 28556 I HMSSDK_HMSPackageManager: Enter getHMSPackageNameForMultiService
12-14 13:35:03.909  1592  2780 I WindowManager: dispatchResized : win = Window{8cc7ae1 u0 StatusBar} drawState = HAS_DRAWN
12-14 13:35:03.909  1592  2780 I WindowManager: New wallpaper target: Window{8cc42e1 u0 com.android.systemui.HwImageWallpaper} prevTarget: null
12-14 13:35:03.910 27823 28556 I HMSSDK_HMSBIInitializer: Builder->biInitFlag :true
12-14 13:35:03.913  1592  3084 V ActivityManager: Successfully start provider ContentProviderRecord{93cb8e1 u0 com.iflytek.inputmethod/.remote.config.MainConfigProvider} launchingApp=null caller pid= 29844
12-14 13:35:03.915   780  1789 W BufferQueueProducer: [StatusBar#0]:1403: disconnect: not connected (req=1)
12-14 13:35:03.915  2528  2992 W libEGL  : EGLNativeWindowType 0x78629f31d0 disconnect failed
12-14 13:35:03.915  2528  2992 D mali_winsys: EGLint new_window_surface(egl_winsys_display *, void *, EGLSurface, EGLConfig, egl_winsys_surface **, EGLBoolean) returns 0x3000
12-14 13:35:03.917  1592  3084 D HwConnectivityServiceEx: set 10323 wlan0 value true
12-14 13:35:03.917  1592  3084 I ConnectivityService: B uid 10323
12-14 13:35:03.920  9275  9275 I chatty  : uid=10073 com.huawei.hwid.persistent expire 1 line
12-14 13:35:03.921 27823 28766 I HMSSDK_HMSPackageManager: Enter getHMSPackageNameForMultiService
12-14 13:35:03.921  9182  9927 I chatty  : uid=10073(com.huawei.hwid) Hwid-Core-Pool6 expire 21 lines
12-14 13:35:03.921  2940  3836 I AppManager: dependence has been existed:27823 -> 9275
12-14 13:35:03.922 27823 27927 I WM-WorkerWrapper: Worker result FAILURE for Work [ id=2ef95afb-7d8b-4ed9-af39-4f984ae8a1a3, tags={ com.onesignal.OSNotificationRestoreWorkManager$NotificationRestoreWorker } ]
12-14 13:35:03.922 27823 28766 I FormalHASDK: hmsSdk=> onEvent. TAG: _hms_config_tag, TYPE: 0, eventId : HMS_SDK_KIT_API_CALLED
12-14 13:35:03.922 27823 28766 I FormalHASDK: hmsSdk=> onEvent. TAG: _hms_config_tag, TYPE: 1, eventId : HMS_SDK_KIT_API_CALLED
12-14 13:35:03.923 27823 28766 I FormalHASDK: hmsSdk=> onEvent. TAG: _hms_config_tag, TYPE: 0, eventId : HMS_SDK_BASE_API_CALLED
12-14 13:35:03.923 27823 28766 I FormalHASDK: hmsSdk=> onEvent. TAG: _hms_config_tag, TYPE: 1, eventId : HMS_SDK_BASE_API_CALLED
12-14 13:35:03.925 27823 27962 I HMSSDK_HMSPackageManager: Enter getHMSPackageNameForMultiService
12-14 13:35:03.926 27823 27962 I HMSSDK_HuaweiApi: No setInnerHms, hms pkg name is com.huawei.hwid
12-14 13:35:03.926 27823 27962 I HMSSDK_HuaweiApi: sendRequest
12-14 13:35:03.926 27823 27962 I HMSSDK_HuaweiApi: isConnected:true.
12-14 13:35:03.926  1592  3172 I PackageManager: Package:com.android.vending matchFactoryOnly ps is empty
12-14 13:35:03.927 27823 27962 I HMSSDK_BaseHmsClient: getAdapter:isInner:false, mInnerBinderAdapter:null, mOuterBinderAdapter:com.huawei.hms.adapter.OuterBinderAdapter@b9957e9
12-14 13:35:03.927 27823 28009 W GooglePlayServicesUtil: com.hmsecosystem.calculator requires the Google Play Store, but it is missing.
12-14 13:35:03.927 27823 27962 I HMSSDK_RequestManager: addToConnectedReqMap
12-14 13:35:03.927 27823 27962 I HMSSDK_HmsClient: post msg api_name:push.gettoken, app_id:106055673|, pkg_name:com.hmsecosystem.calculator, sdk_version:60500300, session_id:*, transaction_id:106055673ttoken20221214133503922187519, kitSdkVersion:60300305, apiLevel:1
12-14 13:35:03.927 27823 27962 I HMSSDK_HmsClient: Activity is null for 106055673
12-14 13:35:03.927 27823 27962 I HMSSDK_BaseAdapter: In constructor, WeakReference is java.lang.ref.WeakReference@128fdf0
12-14 13:35:03.928  9275 28792 I chatty  : uid=10073(com.huawei.hwid) PPS-Cal-pool-th expire 2 lines
12-14 13:35:03.928 27823 27962 I HMSSDK_BaseAdapter: in baseRequest + uri is :push.gettoken, transactionId is : 106055673ttoken20221214133503922187519
12-14 13:35:03.928 27823 27962 I FormalHASDK: hmsSdk=> onEvent. TAG: _hms_config_tag, TYPE: 0, eventId : HMS_SDK_BASE_CALL_AIDL
12-14 13:35:03.928 27823 27962 I FormalHASDK: hmsSdk=> onEvent. TAG: _hms_config_tag, TYPE: 1, eventId : HMS_SDK_BASE_CALL_AIDL
12-14 13:35:03.928  9275 27496 I chatty  : uid=10073(com.huawei.hwid) PPS-FileLog-poo expire 1 line
12-14 13:35:03.929  9182 28794 I chatty  : uid=10073(com.huawei.hwid) Core-AuthSrv-13 expire 5 lines
12-14 13:35:03.930 27823 27962 I HMSSDK_PendingResultImpl: init uri:push.gettoken
12-14 13:35:03.930 27823 27823 D PPSSerivceConnection: onServiceConnected
12-14 13:35:03.930 27823 27962 I HMSSDK_PendingResultImpl: setResultCallback
12-14 13:35:03.933  9182 28796 I chatty  : uid=10073(com.huawei.hwid) Core-Connect-33 expire 26 lines
12-14 13:35:03.934  1592  9914 I JobScheduler: Completed JobStatus{93c6609 #u0a387/2 com.hmsecosystem.calculator/androidx.work.impl.background.systemjob.SystemJobService u=0 s=10387 READY}, reschedule=false
12-14 13:35:03.934 27823 28795 D PPSSerivceConnection: onServiceConnected 1671053703934
12-14 13:35:03.935 27823 28556 D HiAnalyticsSDK: RecordMission=> record event size: 1
12-14 13:35:03.936  9275 15510 I chatty  : uid=10073(com.huawei.hwid) Binder:9275_6 expire 5 lines
12-14 13:35:03.936 27003 28131 I chatty  : uid=10073(com.huawei.hwid) HuaweiApiManage expire 1 line
12-14 13:35:03.937  9275 28797 I chatty  : uid=10073(com.huawei.hwid) PPS-Cal-pool-th expire 1 line
12-14 13:35:03.937  1592  3172 V ActivityManager: Successfully start provider ContentProviderRecord{94f166c u0 com.huawei.hwid/com.huawei.hms.fwkit.kams.provideragent.StubContentProvider} launchingApp=null caller pid= 9275
12-14 13:35:03.940  9182 28800 I chatty  : uid=10073(com.huawei.hwid) aidl_request_po expire 4 lines
12-14 13:35:03.946  9182 28804 I chatty  : uid=10073(com.huawei.hwid) GetCountryCode- expire 2 lines
12-14 13:35:03.947 27003 27033 I chatty  : uid=10073(com.huawei.hwid) Binder:27003_3 expire 2 lines
12-14 13:35:03.947  9182 28803 I chatty  : uid=10073(com.huawei.hwid) hms-trace-threa expire 2 lines
12-14 13:35:03.949  9182 28799 I chatty  : uid=10073(com.huawei.hwid) Core-Connect-34 expire 4 lines
12-14 13:35:03.949 27003 28805 I chatty  : uid=10073(com.huawei.hwid) BaseInner-5 expire 5 lines
12-14 13:35:03.949 27823 27844 I stem.calculato: Background concurrent copying GC freed 39346(2434KB) AllocSpace objects, 17(788KB) LOS objects, 49% free, 7535KB/14MB, paused 1.575ms total 103.704ms
12-14 13:35:03.949  9182 28799 I chatty  : uid=10073(com.huawei.hwid) Core-Connect-34 expire 22 lines
12-14 13:35:03.951 27823 27989 I HiAdSDK.HiAdTools:  current connected service pkg: com.huawei.hwid
12-14 13:35:03.951 27823 27986 I HiAdSDK.HiAdTools:  current connected service pkg: com.huawei.hwid
12-14 13:35:03.951 27823 27990 I HiAdSDK.HiAdTools:  current connected service pkg: com.huawei.hwid
12-14 13:35:03.951 27823 27986 I HiAdSDK.HiAdTools:  current connected service pkg: com.huawei.hwid
12-14 13:35:03.951 27823 27989 I HiAdSDK.HiAdTools:  current connected service pkg: com.huawei.hwid
12-14 13:35:03.951  9182 28800 I chatty  : uid=10073(com.huawei.hwid) aidl_request_po expire 13 lines
12-14 13:35:03.951 27823 27990 I HiAdSDK.HiAdTools:  current connected service pkg: com.huawei.hwid
12-14 13:35:03.953 27003 28159 I chatty  : uid=10073(com.huawei.hwid) HwID-Inner-SDK- expire 25 lines
12-14 13:35:03.955  9182 12185 I chatty  : uid=10073(com.huawei.hwid) Binder:9182_8 expire 12 lines
12-14 13:35:03.956  1592  9914 D HwConnectivityServiceEx: set 10073 wlan0 value false
12-14 13:35:03.959  9182 28807 I chatty  : uid=10073(com.huawei.hwid) HASDK-OnReport- expire 4 lines
12-14 13:35:03.960  9182 28809 I chatty  : uid=10073(com.huawei.hwid) aidl_request_po expire 33 lines
12-14 13:35:03.960  9182 28808 I chatty  : uid=10073(com.huawei.hwid) Push-IO-pool-th expire 1 line
12-14 13:35:03.962  5060 28810 I PushLog110006306: [IO-pool-thread-16-1129]Request, URI: pushcore.gettoken, clientId: {packageName: com.huawei.hms.push, sdkVersion: 10000000, originPackageName: com.hmsecosystem.calculator, originAppId: 106055673, originHostAppId: 106055673, originSdkVersion: 60500300}
12-14 13:35:03.962  5060 28810 I PushLog110006306: [IO-pool-thread-16-1129]GetTokenRequest: com.huawei.android.pushagent.core.support.entity.TokenReq{ pkgName: com.hmsecosystem.calculator,subjectId: null,isMultiSender: false},userId:0,transactionId:106055673ttoken20221214133503922187519
12-14 13:35:03.962  5060 28810 I PushLog110006306: [IO-pool-thread-16-1129]process cmdid to send to pushSrv:48, subCmdId:FF
12-14 13:35:03.963  5060 28810 I PushLog110006306: [IO-pool-thread-16-1129]send msg to remote srv success
12-14 13:35:03.963  5060 28810 I PushLog110006306: [IO-pool-thread-16-1129]enter AlarmTools:setExactAlarm(intent:Intent { act=com.huawei.android.push.intent.RESPONSE_FAIL pkg=android (has extras) } interval:30000ms
12-14 13:35:03.963  5060 28810 I PushLog110006306: [IO-pool-thread-16-1129]setExactAlarm expectTriggerTime:1671053733963
12-14 13:35:03.964  5060 28810 I PushLog110006306: [IO-pool-thread-16-1129] get charging true
12-14 13:35:03.965  5060 28810 I PushLog110006306: [IO-pool-thread-16-1129]config still valid, need not query TRS
12-14 13:35:03.967  5060 28810 I PushLog110006306: [IO-pool-thread-16-1129]GetTokenRequest: this package: com.hmsecosystem.calculator have already registered from db
12-14 13:35:03.968  5060 28810 I PushLog110006306: [IO-pool-thread-16-1129]Response, uri: pushcore.gettoken, statusCode: 0
12-14 13:35:03.969  9182 28811 I chatty  : uid=10073(com.huawei.hwid) Push-IO-pool-th expire 5 lines
12-14 13:35:03.970  9182 28781 I chatty  : uid=10073(com.huawei.hwid) Hwid-Tracker-Po expire 4 lines
12-14 13:35:03.971   682   682 I netd    : trafficSwapActiveStatsMap() <0.43ms>
12-14 13:35:03.972  9182 28812 I chatty  : uid=10073(com.huawei.hwid) hms-trace-threa expire 2 lines
12-14 13:35:03.973   682   682 I netd    : trafficSwapActiveStatsMap() <0.54ms>
12-14 13:35:03.974 27823 27913 I HMSSDK_PendingResultImpl: setResult:0
12-14 13:35:03.975  9182  9182 I chatty  : uid=10073 com.huawei.hwid.core expire 4 lines
12-14 13:35:03.975 27823 27823 I FormalHASDK: hmsSdk=> onEvent. TAG: _hms_config_tag, TYPE: 0, eventId : HMS_SDK_BASE_CALL_AIDL
12-14 13:35:03.975 27823 27823 I FormalHASDK: hmsSdk=> onEvent. TAG: _hms_config_tag, TYPE: 1, eventId : HMS_SDK_BASE_CALL_AIDL
12-14 13:35:03.975 27823 27823 I HMSSDK_BaseAdapter: api is: push.gettoken, resolution: null, status_code: 0
12-14 13:35:03.976 27823 27823 I HMSSDK_BaseAdapter: baseCallBack.onComplete
12-14 13:35:03.976 27823 27823 I HMSSDK_HmsClient: receive msg status_code:0, error_code:0, api_name:push.gettoken, app_id:106055673|, pkg_name:com.hmsecosystem.calculator, session_id:*, transaction_id:106055673ttoken20221214133503922187519, resolution:null
12-14 13:35:03.976 27823 27823 I FormalHASDK: hmsSdk=> onEvent. TAG: _hms_config_tag, TYPE: 0, eventId : HMS_SDK_BASE_API_CALLED
12-14 13:35:03.976 27823 27823 I FormalHASDK: hmsSdk=> onEvent. TAG: _hms_config_tag, TYPE: 1, eventId : HMS_SDK_BASE_API_CALLED
12-14 13:35:03.976 27823 27823 I HMSSDK_TaskApiCall: doExecute, uri:push.gettoken, errorCode:0, transactionId:106055673ttoken20221214133503922187519
12-14 13:35:03.978  9182 28815 I chatty  : uid=10073(com.huawei.hwid) Core-AuthSrv-14 expire 44 lines
12-14 13:35:03.978  9182 28816 I chatty  : uid=10073(com.huawei.hwid) hms-trace-threa expire 2 lines
12-14 13:35:03.978 27823 27913 I HMSSDK_PendingResultImpl: setResult:0
12-14 13:35:03.979 27003 28760 I chatty  : uid=10073(com.huawei.hwid) Pay-Message-4 expire 7 lines
12-14 13:35:03.980 27003 28818 I chatty  : uid=10073(com.huawei.hwid) Pay-Message-5 expire 16 lines
12-14 13:35:03.982 27823 27823 I SecurityComp10105310: BaseKeyUtil: exportRootKey: sha256
12-14 13:35:03.983 27003 28131 I chatty  : uid=10073(com.huawei.hwid) HuaweiApiManage expire 1 line
12-14 13:35:03.990  9182  9800 I chatty  : uid=10073(com.huawei.hwid) Hwid-Core-Pool1 expire 6 lines
12-14 13:35:03.991  9182 28819 I chatty  : uid=10073(com.huawei.hwid) Core-Connect-35 expire 20 lines
12-14 13:35:03.995  9182 28819 I fwkit_kams_stubmanager: [I/fwkit/fwkit_kams_stubmanager 9182:3988 StubManagerService.java:449] getStubProcessNameByComponent: ComponentInfo{ name: null, packageName: com.huawei.hms.account, processName: com.huawei.hms.account.core } isComponent: false
12-14 13:35:03.995  9182 28819 I fwkit_kams_scheduler: [I/fwkit/fwkit_kams_scheduler 9182:3988 ProcessScheduler.java:411] getStubProcessNameByComponent: RemoteConfig assign: com.huawei.hwid.core
12-14 13:35:03.995  9182 28819 I fwkit_kams: [I/fwkit/fwkit_kams 9182:3988 KAMSServiceController.java:1227] [getKcsForAIDLRequest] Assign com.huawei.hwid.core for hwid|com.huawei.hms.account|com.huawei.hms.account.core cost 1ms
12-14 13:35:03.995  9182 28820 I ScopeManager: [I/HMSCore/ScopeManager 9182:3989 SourceFile:1] getAppScope, appID:10132067
12-14 13:35:03.995  9182 28819 I fwkit_kams_stubmanager: [I/fwkit/fwkit_kams_stubmanager 9182:3988 StubManagerService.java:449] getStubProcessNameByComponent: ComponentInfo{ name: null, packageName: com.huawei.hms.account, processName: null } isComponent: false
12-14 13:35:03.995  9182 28819 I fwkit_kams_scheduler: [I/fwkit/fwkit_kams_scheduler 9182:3988 ProcessScheduler.java:411] getStubProcessNameByComponent: RemoteConfig assign: com.huawei.hwid.container2
12-14 13:35:03.995  9182 28819 I fwkit_msg_request_proxy: [I/fwkit/fwkit_msg_request_proxy 9182:3988 AIDLRequestLocalProxy.java:118] onRequest mRequestId: 1969bccf-66a8-4a8a-aba2-a4f73f66f66a,mUri: hwid.Request
12-14 13:35:03.996  9182 28821 I fwkit_msg_invoke_remote: [I/fwkit/fwkit_msg_invoke_remote 9182:3990 AIDLInvokeRemote.java:129] execute requestId:1969bccf-66a8-4a8a-aba2-a4f73f66f66a uri:hwid.Request transactionId:4035a4c5-c968-4b93-a6b7-87806de30ad7
12-14 13:35:03.996  9182 28821 I fwkit_msg_fr: [I/fwkit/fwkit_msg_fr 9182:3990 FinderRemote.java:92] findRequest uri: hwid.Request apiLevel: 14
12-14 13:35:03.996  9182 28821 I fwkit_kac_kitloader: [I/fwkit/fwkit_kac_kitloader 9182:3990 KitLoaderManager.java:215] hwid_60800302 already exits, no need to reload, cost :0 ms
12-14 13:35:03.996  9182 28821 I fwkit_msg_aidl_request: [I/fwkit/fwkit_msg_aidl_request 9182:3990 AIDLRequest.java:125] execute, uri: hwid.Request transactionId: 4035a4c5-c968-4b93-a6b7-87806de30ad7
12-14 13:35:03.996  9182 28821 I CommonUtils: [I/HwID_APK_log[6.8.0.332|6.8.0.302] [SDK 6.8.0.301]com.huawei.hwid.core/CommonUtils 9182:3990 CommonUtils.java:201] isPhoneStillInLockMode is already false
12-14 13:35:03.997  9182 28821 I SiteCountryDataManager: start parseGlobalSync isUIThread:false D12E03C2E2827AEB65ACE9800FF33C324EF1
12-14 13:35:03.997  9182 28821 I SiteCountryDataManager: [I/HwID_APK_log[6.8.0.332|6.8.0.302] [SDK 6.8.0.301]com.huawei.hwid.core/SiteCountryDataManager 9182:3990 SiteCountryDataManager.java:3166] HMS Core Apk start parseGlobalSync isUIThread:false D12E03C2E2827AEB65ACE9800FF33C324EF1
12-14 13:35:03.997  9182 28821 I CommonUtils: [I/HwID_APK_log[6.8.0.332|6.8.0.302] [SDK 6.8.0.301]com.huawei.hwid.core/CommonUtils 9182:3990 CommonUtils.java:201] isPhoneStillInLockMode is already false
12-14 13:35:03.997  9182 28821 I SiteCountryDataManager: [I/HwID_APK_log[6.8.0.332|6.8.0.302] [SDK 6.8.0.301]com.huawei.hwid.core/SiteCountryDataManager 9182:3990 SiteCountryDataManager.java:3176] start parseGlobalSync has over:
12-14 13:35:03.997  9182 28821 I InnerSdkRequest: [I/HwID_APK_log[6.8.0.332|6.8.0.302] [SDK 6.8.0.301]com.huawei.hwid.core/InnerSdkRequest 9182:3990 InnerSdkRequest.java:106] InnerSdkRequest start. api is getServiceToken
12-14 13:35:03.997  9182 28821 E InnerSdkTask: [E/HwID_APK_log[6.8.0.332|6.8.0.302] [SDK 6.8.0.301]com.huawei.hwid.core/InnerSdkTask 9182:3990 InnerSdkTask.java:538] getServiceToken|start doTask
12-14 13:35:03.998  9182 28821 I SecureRandomFactory: [I/HwID_APK_log[6.8.0.332|6.8.0.302] [SDK 6.8.0.301]com.huawei.hwid.core/SecureRandomFactory 9182:3990 SecureRandomFactory.java:27] getSecureRandom
12-14 13:35:03.998  1592  1760 I WindowManager: Exit animation finished in Window{8f1f5b9 u0 SnapshotStartingWindow for taskId=1076 EXITING}: remove=true
12-14 13:35:03.998  1592  1760 E WindowManager: win=Window{8f1f5b9 u0 SnapshotStartingWindow for taskId=1076 EXITING} destroySurfaces: appStopped=false win.mWindowRemovalAllowed=true win.mRemoveOnExit=true
12-14 13:35:03.999  1592  1760 I WindowManager: postWindowRemoveCleanupLocked: Window{8f1f5b9 u0 SnapshotStartingWindow for taskId=1076}
12-14 13:35:03.999  1592  1760 I WindowManager: Removing Window{8f1f5b9 u0 SnapshotStartingWindow for taskId=1076} from AppWindowToken{95e36e9 token=Token{953ec7c ActivityRecord{95e37c9 u0 com.hmsecosystem.calculator/.MainActivity t1076}}}
12-14 13:35:04.001  9182 28821 I HwAccount: [I/HwID_APK_log[6.8.0.332|6.8.0.302] [SDK 6.8.0.301]com.huawei.hwid.core/HwAccount 9182:3990 HwAccount.java:540] getRealNameVerifyflag-1
12-14 13:35:04.001  9182 28821 I GetServiceTokenAIDLTask: [I/HwID_APK_log[6.8.0.332|6.8.0.302] [SDK 6.8.0.301]com.huawei.hwid.core/GetServiceTokenAIDLTask 9182:3990 GetServiceTokenAIDLTask.java:97] hwAccount is not null.
12-14 13:35:04.001  9182 28821 I GetServiceTokenAIDLTask: [I/HwID_APK_log[6.8.0.332|6.8.0.302] [SDK 6.8.0.301]com.huawei.hwid.core/GetServiceTokenAIDLTask 9182:3990 GetServiceTokenAIDLTask.java:157] handleExistenceAccount ==
12-14 13:35:04.001  9182 28821 I CalibrateDataUtil: [I/HwID_APK_log[6.8.0.332|6.8.0.302] [SDK 6.8.0.301]com.huawei.hwid.core/CalibrateDataUtil 9182:3990 CalibrateDataUtil.java:25] checkAndCalibrateData
12-14 13:35:04.002  9182 28820 I PermissionCheckUtil: [I/HwID_APK_log[6.8.0.332|6.8.0.302] [SDK 6.8.0.301]com.huawei.hwid.core/PermissionCheckUtil 9182:3989 PermissionCheckUtil.java:88] onResult
12-14 13:35:04.002  9182 28821 I CalibrateDataUtil: [I/HwID_APK_log[6.8.0.332|6.8.0.302] [SDK 6.8.0.301]com.huawei.hwid.core/CalibrateDataUtil 9182:3990 CalibrateDataUtil.java:31] siteId is ok.
12-14 13:35:04.002  9182 28820 I PermissionCheckUtil: [I/HwID_APK_log[6.8.0.332|6.8.0.302] [SDK 6.8.0.301]com.huawei.hwid.core/PermissionCheckUtil 9182:3989 PermissionCheckUtil.java:95] rtnCode = 0
12-14 13:35:04.002  9182 28820 I PermissionCheckUtil: [I/HwID_APK_log[6.8.0.332|6.8.0.302] [SDK 6.8.0.301]com.huawei.hwid.core/PermissionCheckUtil 9182:3989 PermissionCheckUtil.java:102] permissionsBundleList Size:155
12-14 13:35:04.003  9182 28820 I InnerServiceClientImpl: [I/HMSCore/InnerServiceClientImpl 9182:3989 SourceFile:1] Enter unBind inner service
12-14 13:35:04.003  9182 28821 E InnerSdkTask: [E/HwID_APK_log[6.8.0.332|6.8.0.302] [SDK 6.8.0.301]com.huawei.hwid.core/InnerSdkTask 9182:3990 InnerSdkTask.java:564] getServiceToken|getIntentResult retCode is 0
12-14 13:35:04.004  9182 28821 I fwkit_msg_request_proxy: [I/fwkit/fwkit_msg_request_proxy 9182:3990 AIDLRequestLocalProxy.java:130] AidlCallback callback
12-14 13:35:04.004  9182  9800 I PermissionCheckUtil: [I/HwID_APK_log[6.8.0.332|6.8.0.302] [SDK 6.8.0.301]com.huawei.hwid.core/PermissionCheckUtil 9182:3362 PermissionCheckUtil.java:113] checkPermission awaitValue:true
12-14 13:35:04.004  9182 28821 I fwkit_msg_request_proxy: [I/fwkit/fwkit_msg_request_proxy 9182:3990 AIDLRequestLocalProxy.java:170] AidlCallback callback requestId:1969bccf-66a8-4a8a-aba2-a4f73f66f66a, uri:hwid.Request
12-14 13:35:04.005  9182 28821 I fwkit_msg_arw: [I/fwkit/fwkit_msg_arw 9182:3990 AIDLResponseWrapper.java:56] callJson start
12-14 13:35:04.005  9182 28821 E fwkit_msg_arw: [E/fwkit/fwkit_msg_arw 9182:3990 AIDLResponseWrapper.java:61] intent is null
12-14 13:35:04.005  9182 28803 I fwkit_HmsProfiler: [I/fwkit/fwkit_HmsProfiler 9182:3977 HmsProfiler.java:553] traceApiEvent input : com.huawei.hwid
12-14 13:35:04.005  9182 28821 I AIDLResponseImpl: [I/HMSCore/AIDLResponseImpl 9182:3990 SourceFile:10] Response, uri: hwid.Request, statusCode: 0, errorCode: 0
12-14 13:35:04.005  9182  9800 I PermissionCheckUtil: [I/HwID_APK_log[6.8.0.332|6.8.0.302] [SDK 6.8.0.301]com.huawei.hwid.core/PermissionCheckUtil 9182:3362 PermissionCheckUtil.java:133] permissionUri is empty.
12-14 13:35:04.005  9182  9800 I PermissionCheckUtil: [I/HwID_APK_log[6.8.0.332|6.8.0.302] [SDK 6.8.0.301]com.huawei.hwid.core/PermissionCheckUtil 9182:3362 PermissionCheckUtil.java:133] permissionUri is empty.
12-14 13:35:04.006 27003 27022 I HmsClient: [I/baseinner/HmsClient 27003:3666 IPCCallback.java:10] getResult, statusCode:0
12-14 13:35:04.006 27003 27022 I HmsClient: [I/baseinner/HmsClient 27003:3666 Binder.java:1028] in asnyc callback.
12-14 13:35:04.006  9182 28821 I fwkit_msg_aidl_request: [I/fwkit/fwkit_msg_aidl_request 9182:3990 AIDLRequest.java:144] onRequest end, uri: hwid.Request transactionId: 4035a4c5-c968-4b93-a6b7-87806de30ad7 elapsedTime: 9
12-14 13:35:04.006 16867 16908 I TimeEat_PoolMonitor: 1300001310|R|I|haf-def-1-main, state{[20, 5, 3], poolSize=1, activeCount=0, runNum=0, waitNum=(0, 0, 0)}, stage{interval=254013, cmpNum=1, avgRunTime=0, maxRunTime=0}, total{taskCmpNum=56, avgRunTime=0, maxRunTime=5}
12-14 13:35:04.006  9182  9800 I [HUAWEIID]HwIDJsonResponse: [I/HwID_APK_log[6.8.0.332|6.8.0.302] [SDK 6.8.0.301]com.huawei.hwid.core/[HUAWEIID]HwIDJsonResponse 9182:3362 HwIDJsonResponse.java:32] callResponse start.
12-14 13:35:04.006  9182 28781 I RomUtil : [I/HwID_APK_log[6.8.0.332|6.8.0.302] [SDK 6.8.0.301]com.huawei.hwid.core/RomUtil 9182:3969 RomUtil.java:187] isHuawei true
12-14 13:35:04.006  9182  9800 I [HUAWEIID]HwIDJsonResponse: [I/HwID_APK_log[6.8.0.332|6.8.0.302] [SDK 6.8.0.301]com.huawei.hwid.core/[HUAWEIID]HwIDJsonResponse 9182:3362 HwIDJsonResponse.java:54] setResponseStatus.
12-14 13:35:04.006  9182 28781 I d       : [I/HwID_APK_log[6.8.0.332|6.8.0.302] [SDK 6.8.0.301]com.huawei.hwid.core/d 9182:3969 AnaHelper.java:65] Analytics Status = 0
12-14 13:35:04.006 27003 28822 I HmsClient: [I/baseinner/HmsClient 27003:3782 HmsClient.java:1] baseCallBack.onComplete
12-14 13:35:04.006  9182 28781 I ThreadPool: [I/HwID_APK_log[6.8.0.332|6.8.0.302] [SDK 6.8.0.301]com.huawei.hwid.core/ThreadPool 9182:3969 CustomThreadPoolExecutor.java:188] afterExecute, time costs:0ms
12-14 13:35:04.006  9182 28781 I ThreadPool: [I/HwID_APK_log[6.8.0.332|6.8.0.302] [SDK 6.8.0.301]com.huawei.hwid.core/ThreadPool 9182:3969 CustomThreadPoolExecutor.java:140] thread dump:poolName:Hwid-Tracker-Pool activeCount:1 completedTaskCount:24 taskCount:25 corePoolSize:1 largestPoolSize:1 maximumPoolSize:1 queueSize:0 
12-14 13:35:04.006 27003 28822 I HmsClient: [I/baseinner/HmsClient 27003:3782 HmsClient.java:1] receive msg status_code:0, error_code0, api_name:hwid.Request, app_id:10132067|, pkg_name:com.huawei.hwid, session_id:*, transaction_id:4035a4c5-c968-4b93-a6b7-87806de30ad7, resolution:null
12-14 13:35:04.007 27003 28822 I TaskApiCall: [I/baseinner/TaskApiCall 27003:3782 HmsClient.java:15] SDK Base inner onResponse: URI:hwid.Request , transactionId 4035a4c5-c968-4b93-a6b7-87806de30ad7
12-14 13:35:04.007 27003 28822 I AccountApiCallback: [I/Account_SDK_log[6.5.0.302]/AccountApiCallback 27003:3782 AccountApiCallback.java:1] TaskApiCall response error code: 0
12-14 13:35:04.007  9182  9800 I CloudAccountInnerStub: [I/HwID_APK_log[6.8.0.332|6.8.0.302] [SDK 6.8.0.301]com.huawei.hwid.core/CloudAccountInnerStub 9182:3362 CloudAccountInnerStub.java:739] SignInResponse callJson.
12-14 13:35:04.007  9182  9800 I CloudAccountInnerStub: [I/HwID_APK_log[6.8.0.332|6.8.0.302] [SDK 6.8.0.301]com.huawei.hwid.core/CloudAccountInnerStub 9182:3362 CloudAccountInnerStub.java:750] SignInResponse retcode:0
12-14 13:35:04.007  9182  9800 E InnerSdkTask: [E/HwID_APK_log[6.8.0.332|6.8.0.302] [SDK 6.8.0.301]com.huawei.hwid.core/InnerSdkTask 9182:3362 InnerSdkTask.java:822] signIn|getIntentResult retCode is 0
12-14 13:35:04.009 27003 28822 I RequestManager: [I/baseinner/RequestManager 27003:3782 HmsClient.java:2] removeReqByTransId
12-14 13:35:04.009 27003 28161 I AccountApiCallback: [I/Account_SDK_log[6.5.0.302]/AccountApiCallback 27003:3765 AccountApiCallback.java:7] mAPIName: getServiceToken|onComplete.|start time: 1671053703982|duration time:27
12-14 13:35:04.009  9182  9800 I fwkit_msg_request_proxy: [I/fwkit/fwkit_msg_request_proxy 9182:3362 AIDLRequestLocalProxy.java:130] AidlCallback callback
12-14 13:35:04.009 27003 28161 I hms_pay : [I/IAP_APK[6.8.0.351]/hms_pay 27003:3765 LogUtil.java:4] AccountManager    getServiceTokenInfoonResult, i: 0
12-14 13:35:04.009  9182  9800 I fwkit_msg_request_proxy: [I/fwkit/fwkit_msg_request_proxy 9182:3362 AIDLRequestLocalProxy.java:170] AidlCallback callback requestId:386996cd-947d-44f8-b379-b20127c17a69, uri:hwid.Request
12-14 13:35:04.010  9182  9800 I fwkit_msg_arw: [I/fwkit/fwkit_msg_arw 9182:3362 AIDLResponseWrapper.java:56] callJson start
12-14 13:35:04.010 27003 28161 I hms_pay : [I/IAP_APK[6.8.0.351]/hms_pay 27003:3765 LogUtil.java:4] AccountManager    begin to get usrinfo contains phone, useCache:false
12-14 13:35:04.010 27003 28161 I AccountKitInnerApiImpl: [I/Account_SDK_log[6.5.0.302]/AccountKitInnerApiImpl 27003:3765 AccountKitInnerApiImpl.java:1] Api: getUserInfo | Thread: HwID-Inner-SDK-264017005 | kitName: iap
12-14 13:35:04.010 27003 28161 I PropertyUtils: [I/Account_SDK_log[6.5.0.302]/PropertyUtils 27003:3765 PropertyUtils.java:4] isPhoneStillInLockMode is already false
12-14 13:35:04.010  9182 28812 I fwkit_HmsProfiler: [I/fwkit/fwkit_HmsProfiler 9182:3984 HmsProfiler.java:553] traceApiEvent input : com.huawei.hwid
12-14 13:35:04.010 27003 28161 W AccountKitInnerApiImpl: [W/Account_SDK_log[6.5.0.302]/AccountKitInnerApiImpl 27003:3765 AccountKitInnerApiImpl.java:4] Calling package name of context is not null. Calling package name:com.huawei.hms.iap
12-14 13:35:04.010  9182  9800 I AIDLResponseImpl: [I/HMSCore/AIDLResponseImpl 9182:3362 SourceFile:10] Response, uri: hwid.Request, statusCode: 0, errorCode: 0
12-14 13:35:04.010 27003 27022 I HmsClient: [I/baseinner/HmsClient 27003:3666 IPCCallback.java:10] getResult, statusCode:0
12-14 13:35:04.011 27003 27022 I HmsClient: [I/baseinner/HmsClient 27003:3666 Binder.java:1028] in asnyc callback.
12-14 13:35:04.011  9182  9800 I ThreadPool: [I/HwID_APK_log[6.8.0.332|6.8.0.302] [SDK 6.8.0.301]com.huawei.hwid.core/ThreadPool 9182:3362 CustomThreadPoolExecutor.java:188] afterExecute, time costs:21ms
12-14 13:35:04.011 27003 28762 I HmsClient: [I/baseinner/HmsClient 27003:3776 HmsClient.java:1] baseCallBack.onComplete
12-14 13:35:04.011 27003 28762 I HmsClient: [I/baseinner/HmsClient 27003:3776 HmsClient.java:1] receive msg status_code:0, error_code0, api_name:hwid.Request, app_id:10132067|, pkg_name:com.huawei.hwid, session_id:*, transaction_id:26f9714e-bcf6-496c-b6c1-e8d143fe97b3, resolution:null
12-14 13:35:04.011 27003 28762 I TaskApiCall: [I/baseinner/TaskApiCall 27003:3776 HmsClient.java:23] SDK Base inner onResponse: URI:hwid.Request , transactionId 26f9714e-bcf6-496c-b6c1-e8d143fe97b3
