12-14 13:34:58.258  1592  2803 I ConnectivityService: B uid 10128
12-14 13:34:58.258  1592  3181 I ConnectivityService: B uid 10128
12-14 13:34:58.258  1592  3181 I ConnectivityService: B uid 10128
12-14 13:34:58.259  1592  6583 I ConnectivityService: B uid 10128
12-14 13:34:58.260  1592  6583 I ConnectivityService: B uid 10128
12-14 13:34:58.260  1592  3172 I ConnectivityService: B uid 10128
12-14 13:34:58.261  1592  3181 I ConnectivityService: B uid 10128
12-14 13:34:58.262  1592  3181 I ConnectivityService: B uid 10128
12-14 13:34:58.263  1592  6583 I ConnectivityService: B uid 10128
12-14 13:34:58.263  1592  3181 I ConnectivityService: B uid 10128
12-14 13:34:58.267  1592  3181 I ConnectivityService: B uid 10128
12-14 13:34:58.269  1592  3172 I ConnectivityService: B uid 10128
12-14 13:34:58.270  1592  3172 I ConnectivityService: B uid 10128
12-14 13:34:58.270  1592  9914 I ConnectivityService: B uid 10128
12-14 13:34:58.274  1592  9914 I chatty  : uid=1000(system) Binder:1592_1F identical 5 lines
12-14 13:34:58.274  1592  9914 I ConnectivityService: B uid 10128
12-14 13:34:58.409  1592  2305 I ActivityManager: sendIntentSender target:PendingIntentRecord{92fce8d com.android.providers.contacts broadcastIntent}, intent:flg=0x4 hwFlg=0x810
12-14 13:34:58.411  1592  1774 I ActivityManager: App 10004/com.android.providers.contacts targets O+, restricted
12-14 13:34:58.417  1592  9914 V BroadcastQueue: Finished with ordered broadcast BroadcastRecord{93297a9 u0 null}
12-14 13:34:58.419  1592  2305 I ActivityManager: sendIntentSender target:PendingIntentRecord{930f6f9 com.tencent.mm broadcastIntent}, intent:flg=0x4 hwFlg=0x810
12-14 13:34:58.426  1592  2803 I NetworkStats: openSessionForUsageStats, pid = 9386, pkg = com.tencent.mm
12-14 13:34:58.426  1592  2803 I NetworkStats: openSessionInternal, pid = 9386 pkg = com.tencent.mm
12-14 13:34:58.427  1592  1592 I JobScheduler.Time: realNextDelayExpiredElapsedMillis: 515015335 mNextDelayExpiredElapsedMillis:515015335
12-14 13:34:58.427  1592  2803 I NetworkStats: performPollLocked, pid = 1592
12-14 13:34:58.428  1592  1592 I JobScheduler: pending queue: 1 jobs.
12-14 13:34:58.429  1592  1592 I JobScheduler: About to run job on context 0, job: JobStatus{9304f2b #u0a387/1 com.hmsecosystem.calculator/androidx.work.impl.background.systemjob.SystemJobService u=0 s=10387 TIME=-24ms:none NET READY}
12-14 13:34:58.435 27823 27823 D HwCustConnectivityManagerImpl: isBlockNetworkRequestByNonAis, INVALID_SUBSCRIPTION_ID
12-14 13:34:58.437  1592  3172 I ConnectivityService: requestNetwork for uid/pid:10387/27823 NetworkRequest [ TRACK_DEFAULT id=193, [ Capabilities: INTERNET&NOT_RESTRICTED&TRUSTED Uid: 10387 DNN:  SSCMODE: 0 SNSSAI:  PduSessionType: 0 RouteBitmap: 0] ]
12-14 13:34:58.438  1592  2374 I ConnectivityService: rematching NetworkAgentInfo [WIFI () - 108]
12-14 13:34:58.438  1592  2374 I ConnectivityService: NetworkAgentInfo [WIFI () - 108] NC 36
12-14 13:34:58.438  1592  2374 I ConnectivityService: NetworkAgentInfo [WIFI () - 108] NC 9
12-14 13:34:58.438  1592  2374 I ConnectivityService: NetworkAgentInfo [WIFI () - 108] NC 10
12-14 13:34:58.438  1592  2374 I ConnectivityService: NetworkAgentInfo [WIFI () - 108] NC 29
12-14 13:34:58.438  1592  2374 I ConnectivityService: NetworkAgentInfo [WIFI () - 108] NC 18
12-14 13:34:58.438  1592  2374 I ConnectivityService: NetworkAgentInfo [WIFI () - 108] NC 96
12-14 13:34:58.439  1592  2374 I ConnectivityService: NetworkAgentInfo [WIFI () - 108] NC 26
12-14 13:34:58.439  1592  2374 I ConnectivityService: NetworkAgentInfo [WIFI () - 108] NC 167
12-14 13:34:58.439  1592  2374 I ConnectivityService: NetworkAgentInfo [WIFI () - 108] NC 126
12-14 13:34:58.439  1592  2374 I ConnectivityService: NetworkAgentInfo [WIFI () - 108] NC 11
12-14 13:34:58.439  1592  2374 I ConnectivityService: NetworkAgentInfo [WIFI () - 108] NC 15
12-14 13:34:58.439  1592  2374 I ConnectivityService: NetworkAgentInfo [WIFI () - 108] NC 12
12-14 13:34:58.439  1592  2374 I ConnectivityService: NetworkAgentInfo [WIFI () - 108] NC 38
12-14 13:34:58.439  1592  2374 I ConnectivityService: NetworkAgentInfo [WIFI () - 108] NC 1
12-14 13:34:58.439  1592  2374 I ConnectivityService: NetworkAgentInfo [WIFI () - 108] NC 40
12-14 13:34:58.439  1592  2374 I ConnectivityService: CS = 0, NS = 60
12-14 13:34:58.439  1592  2374 I ConnectivityService: rematch for NetworkAgentInfo [WIFI () - 108]
12-14 13:34:58.439  1592  2374 I ConnectivityService: NetworkAgentInfo [WIFI () - 108] NC 124
12-14 13:34:58.439  1592  2374 I ConnectivityService: NetworkAgentInfo [WIFI () - 108] NC 4
12-14 13:34:58.441  1592  2803 I HwNetworkStatsServiceEx: hwRecordUidAndProcSnapshotLocked currentTime = 1671053693744
12-14 13:34:58.443  1592  2803 I HwNetworkManagementService: request swap success.
12-14 13:34:58.445  1592  2803 I HwNetworkStatsServiceEx: hwMaybeUidAndProcPersistLocked currentTime = 1671053693744
12-14 13:34:58.447  1592  2803 I NetworkStatsCollection: getSummary, uid = 1000stats size = 8
12-14 13:34:58.447  1592  2803 I NetworkStatsCollection: getSummary, uid = 1000stats size = 8
12-14 13:34:58.448  1592  2803 I NetworkStatsCollection: getSummary, uid = 1000stats size = 111
12-14 13:34:58.448  1592  6107 D HwConnectivityServiceEx: set 10387 wlan0 value false
12-14 13:34:58.448  1592  2803 I NetworkStatsCollection: getSummary, uid = 1000stats size = 8
12-14 13:34:58.450  1592  2803 I NetworkStatsCollection: getSummary, uid = 1000stats size = 8
12-14 13:34:58.450  1592  2803 I NetworkStatsCollection: getSummary, uid = 1000stats size = 111
12-14 13:34:58.470  1592  2803 I NetworkStats: getSummaryForAllUid, uid = 10231
12-14 13:34:58.470  1592  2803 I NetworkStatsCollection: getSummary, uid = 10231stats size = 476
12-14 13:34:58.471  1592  9914 V BroadcastQueue: Finished with ordered broadcast BroadcastRecord{932978f u0 com.tencent.mm.TrafficStatsReceiver}
12-14 13:34:58.474  1592  2803 I NetworkStats: openSessionForUsageStats, pid = 9386, pkg = com.tencent.mm
12-14 13:34:58.475  1592  6107 I NetworkStats: getSummaryForAllUid, uid = 10231
12-14 13:34:58.475  1592  6107 I NetworkStatsCollection: getSummary, uid = 10231stats size = 476
12-14 13:34:58.511  1592  1771 I RoleUserState: Wrote roles.xml successfully
12-14 13:34:58.533  1592  2803 I JobScheduler.Time: Add job to TimeTracking: 9304f0e #u0a387/2071862118 com.hmsecosystem.calculator/com.onesignal.SyncJobService, delayTime:514903999, deadlineTime:9223372036854775807
12-14 13:34:58.540  1592  2803 I JobScheduler.Time: realNextDelayExpiredElapsedMillis: 514903999 mNextDelayExpiredElapsedMillis:514903999
12-14 13:34:58.558  1592  2374 I ConnectivityService: releasing NetworkRequest [ TRACK_DEFAULT id=193, [ Capabilities: INTERNET&NOT_RESTRICTED&TRUSTED Uid: 10387 DNN:  SSCMODE: 0 SNSSAI:  PduSessionType: 0 RouteBitmap: 0] ] (release request)
12-14 13:34:58.559  1592  2374 I ConnectivityService:  Removing from current network NetworkAgentInfo [WIFI () - 108], leaving 44 requests.
12-14 13:34:58.567  1592  2803 I JobScheduler: Completed JobStatus{9304f2b #u0a387/1 com.hmsecosystem.calculator/androidx.work.impl.background.systemjob.SystemJobService u=0 s=10387 TIME=-163ms:none NET READY}, reschedule=false
12-14 13:34:58.635  1592  1757 I PickUpWakeScreenManager: onDeviceDataChanged
12-14 13:34:58.635  1592  1757 I PickUpWakeScreenManager: wakeUpWaitForProximity start
12-14 13:34:58.635  1592  1757 I HwPowerManagerService: UL_Power Waking up from sleep (uid 1000)...
12-14 13:34:58.636  1592  1757 I HwPowerManagerService: Finger or PickUp wake up screen opPackageName: android
12-14 13:34:58.637  1592  1757 I HwPowerManagerService: setColorTemperatureAccordingToSetting new from displayengine.
12-14 13:34:58.637  1592  1757 W HwPowerManagerService: ColorTemperature read from setting failed, and set default values
12-14 13:34:58.640  1592  1757 I PowerManagerService: need acquire DisplaySuspendBlocker
12-14 13:34:58.640  1592  1785 I DisplayPowerController: LightSensorEnable change false -> true
12-14 13:34:58.640  2528  2760 D PerformanceTime: Time 1. start auth --- 55819798324295
12-14 13:34:58.640  2528  2760 D auth receiver: huawei.android.security.facerecognition.FaceRecognizeManagerImpl$ServiceHolder$1@45e8380
12-14 13:34:58.646  1592  1785 I DisplayPowerController: ScreenState change 0 -> 1
12-14 13:34:58.653  1592  1785 W HwAodManagerService: setPowerState new mPowerState = 101, powerState = 0 , mFingerStatus = 0
12-14 13:34:58.653  1592  1785 I DisplayPowerController: mPowerState.mScreenChangedReason: 65638 mPendingRequestLocked.mScreenChangeReason 65638
12-14 13:34:58.654  1592  1785 I WindowManager: UL_Power Screen turning on...
12-14 13:34:58.654  1592  1785 I WindowManager: UL_Power screen Turning On begin...
12-14 13:34:58.654  1592  1785 I HwProximitySensorDetector: HwBrightnessProximity updateWakeupFromSleep,isWakeupFromSleep=true
12-14 13:34:58.657  1592  3173 I WindowManager: UL_Power mKeyguardDelegate.ShowListener.onDrawn.
12-14 13:34:58.665  2929  4414 D FaceHidlAdapter: daemon setSecureFaceMode result val = 0
12-14 13:34:58.685  1592  1757 I PickUpWakeScreenManager: proximity sensor registered.
12-14 13:34:58.685  1592  1757 I AOD_HwPWM: startAodService mAodSwitch=0 mAODState=103 aodState=102 mIsFingerprintEnabledBySettings=false mFingerprintType=1
12-14 13:34:58.685  1592  1757 I AOD_HwPWM: startAodService audio enabled
12-14 13:34:58.685  1592  1757 W AOD_HwPWM:  handleAodState aodState:102
12-14 13:34:58.685  1592  1785 I HwBrightnessSceneController: updateLightSensorEnabled LightSensorEnabled=true
12-14 13:34:58.685  1592  1785 I DisplayPowerController: Animating brightness: target=0, rate=0,brightnessTargetReal=0,AutoBrightness=true
12-14 13:34:58.685  1592  1785 V DisplayPowerController: Brightness [0] reason changing to: '0', previous reason: 'screen_off'.
12-14 13:34:58.686  1592  1757 W HwAodManagerService: setPowerState new mPowerState = 101, powerState = 102 , mFingerStatus = 0
12-14 13:34:58.687  1592  2780 W ProcBatteryStats: timer is running , not start, name: com.android.phone, uid: 1001, tag: *telephony-radio*
12-14 13:34:58.690  1592  1759 V LocalDisplayAdapter: getDisplayDeviceInfoLocked called,1176x2400, 1176x2400displayCutout DisplayCutout{insets=Rect(0, 72 - 0, 0) waterfall=Insets{left=0, top=0, right=0, bottom=0} boundingRect={Bounds=[Rect(0, 0 - 0, 0), Rect(354, 0 - 822, 72), Rect(0, 0 - 0, 0), Rect(0, 0 - 0, 0)]}}
12-14 13:34:58.690  1592  1759 I DisplayManagerService: Display device changed state: "Built-in screen", ON
12-14 13:34:58.693  1592  1760 I WindowManager: mAodShowing=false isWindowManagerDrawComplete=false
12-14 13:34:58.694  1592  1592 I HwMultiDisplayManager: onDisplayChanged: 0
12-14 13:34:58.694  1592  1760 D LogicalDisplay: configureDisplayLocked mTempLayerStackRect=Rect(0, 0 - 1176, 2400) mTempDisplayRect=Rect(0, 0 - 1176, 2400) orientation = 0
12-14 13:34:58.694  1592  1760 I DisplayDevice: setProjectionLocked displayId 0 orientation(0->0) LayerStackRect(Rect(0, 0 - 1176, 2400)->Rect(0, 0 - 1176, 2400)) DisplayRect(Rect(0, 0 - 1176, 2400)->Rect(0, 0 - 1176, 2400))
12-14 13:34:58.695  1592  1760 I DisplayDevice: isNeedRefreshOrientaion orientation 0
12-14 13:34:58.697  1592  3173 W ProcBatteryStats: timer is not running , not stop, name: com.android.phone, uid: 1001, tag: *telephony-radio*
12-14 13:34:58.697  1592  3430 W HwAodManagerService: Aod Service is not start, can't pause. mState:3 mPowerState:102
12-14 13:34:58.698  1592  1757 W ContextImpl: Calling a method in the system process without a qualified user: android.app.ContextImpl.startService:2951640 com.android.server.policy.HwPhoneWindowManager.handleAodState:2351468 com.android.server.policy.HwPhoneWindowManager.startAodService:2514384 android.os.Handler.handleCallback:5385648 android.os.Handler.dispatchMessage:5516000 
12-14 13:34:58.698  1592  1757 W AOD_HwPWM:  startAodService end success.
12-14 13:34:58.699  1592  1760 I WindowManager: mAodShowing=false isWindowManagerDrawComplete=false
12-14 13:34:58.700  1592  1760 I WindowManager: dispatchResized : win = Window{8cc7ae1 u0 StatusBar} drawState = DRAW_PENDING
12-14 13:34:58.701  1592  1757 I HwActivityStackSupervisorEx: handleVrDisplayChanged displayId = 0
12-14 13:34:58.701  1592  1757 W HwActivityStackSupervisorEx: handleVrDisplayChanged other vr mode displayId: 0
12-14 13:34:58.702  1592  1760 I WindowManager: mAodShowing=false isWindowManagerDrawComplete=false
12-14 13:34:58.709  1592  3173 W ProcBatteryStats: timer is running , not start, name: com.android.phone, uid: 1001, tag: *telephony-radio*
12-14 13:34:58.718  1592  3173 W ProcBatteryStats: timer is running , not start, name: com.android.phone, uid: 1001, tag: RILJ_ACK_WL
12-14 13:34:58.723  1592  6107 W ProcBatteryStats: timer is running , not start, name: com.huawei.ims, uid: 1001, tag: RILJ_IMS
12-14 13:34:58.729  1592  6107 I WindowManager: mAodShowing=false isWindowManagerDrawComplete=false
12-14 13:34:58.750  1592  6107 W ProcBatteryStats: timer is not running , not stop, name: com.huawei.ims, uid: 1001, tag: RILJ_IMS
12-14 13:34:58.755  1592  3084 W ProcBatteryStats: timer is not running , not stop, name: com.android.phone, uid: 1001, tag: *telephony-radio*
12-14 13:34:58.756  1592  3173 V BroadcastQueue: Finished with ordered broadcast BroadcastRecord{9329727 u0 huawei.intent.action.IMS_SERVICE_STATE_CHANGED}
12-14 13:34:58.757  2913  3295 I BoosterTelephonyCollector: handleDsdsStateChanged:dsds state= 0
12-14 13:34:58.758  2913  3295 E BoosterUtil: convertSubIdToSlotId failed, subId:0, slotId:-1
12-14 13:34:58.758  2913  3295 E BoosterUtil: getDefaultDataSlotId failed, invalid slotId:-1, subId:0
12-14 13:34:58.766  1592  6107 V BroadcastQueue: Finished with ordered broadcast BroadcastRecord{938cf41 u0 huawei.intent.action.IMS_SERVICE_STATE_CHANGED}
12-14 13:34:58.768  1592  1757 I PickUpWakeScreenManager: onSensorChanged distance=5.0, isPositive = false,sensorEnabled=true
12-14 13:34:58.768  1592  1757 I PickUpWakeScreenManager: stopWakeUpReady isTurnOn = true
12-14 13:34:58.768  1592  1592 W UsageStatsService: Event reported without a package name, eventType:15
12-14 13:34:58.768  1592  1592 W UsageStatsService: Event reported without a package name, eventType:15
12-14 13:34:58.768  1592  1785 I DisplayPowerController: mPowerState.mScreenChangedReason: 65638 mPendingRequestLocked.mScreenChangeReason 65638
12-14 13:34:58.768  1592  1757 D PickUpWakeScreenManager: report no proximity ScreenOn waked by pickup motion. EventId:991310500 isBdReportSuccess:true
12-14 13:34:58.769  1592  1785 I DisplayPowerController: Animating brightness: target=-1, rate=0,brightnessTargetReal=-1,AutoBrightness=true
12-14 13:34:58.769  1592  1785 V DisplayPowerController: Brightness [-1] reason changing to: '0 [ auto_adj ]', previous reason: '0'.
12-14 13:34:58.769  1592  1592 I WindowManager: UL_Power Started waking up... (why=ON_BECAUSE_OF_UNKNOWN)
12-14 13:34:58.769  1592  1757 I PickUpWakeScreenManager: proximity sensor unregistered.
12-14 13:34:58.769  1592  1757 I AOD_HwPWM: startAodService mAodSwitch=0 mAODState=102 aodState=100 mIsFingerprintEnabledBySettings=false mFingerprintType=1
12-14 13:34:58.769  1592  1757 I AOD_HwPWM: startAodService audio enabled
12-14 13:34:58.769  1592  1757 W AOD_HwPWM:  handleAodState aodState:100
12-14 13:34:58.770  1592  1757 W HwAodManagerService: setPowerState new mPowerState = 102, powerState = 100 , mFingerStatus = 0
12-14 13:34:58.770  1592  3430 W HwAodManagerService: Aod Service is not start, can't pause. mState:3 mPowerState:100
12-14 13:34:58.770  1592  1757 W ContextImpl: Calling a method in the system process without a qualified user: android.app.ContextImpl.startService:2951640 com.android.server.policy.HwPhoneWindowManager.handleAodState:2351468 com.android.server.policy.HwPhoneWindowManager.startAodService:2514384 android.os.Handler.handleCallback:5385648 android.os.Handler.dispatchMessage:5516000 
12-14 13:34:58.771  1592  1757 W AOD_HwPWM:  startAodService end success.
12-14 13:34:58.771  1592  1757 I PickUpWakeScreenManager: Face Dectect wakeUpInternal type:android.policy:HWPICKUP#1000
12-14 13:34:58.771  1592  1785 I HwPowerManagerService: updateSettingsLocked mEyesProtectionMode:0
12-14 13:34:58.775  1592  1785 I HwProximitySensorDetector: HwBrightnessProximity updateWakeupFromSleep,isWakeupFromSleep=false
12-14 13:34:58.775  1592  1785 I HwAmbientLuxFilterAlgo: setAutoModeEnableFirstLux=161.40001
12-14 13:34:58.775  1592  1785 I HwAmbientLuxFilterAlgo: LastScreenBuffer: sumLux=0.0, cntValidData=0, InambientLux=161.40001
12-14 13:34:58.776  1592  1785 I AutomaticBrightnessController: mWakeupForFirstAutoBrightness = false
12-14 13:34:58.776  1592  1785 I DisplayPowerController: mPowerState.mScreenChangedReason: 65638 mPendingRequestLocked.mScreenChangeReason 65638
12-14 13:34:58.776  1592  1785 I DisplayPowerController: Animating brightness: target=48, rate=0,brightnessTargetReal=48,AutoBrightness=true
12-14 13:34:58.776  1592  1785 W HwNormalizedRampAnimator: animateTo: target changing from zero to non-zero with dimming, reset rate to 0!
12-14 13:34:58.776  1592  1785 I HwNormalizedRampAnimator: hbm_dimming target=1882 rate=0 duration=0.0
12-14 13:34:58.778  1592  1785 V DisplayPowerController: Brightness [48] reason changing to: 'automatic [ auto_adj ]', previous reason: '0'.
12-14 13:34:58.780  1592  1785 I DisplayPowerController: mPowerState.mScreenChangedReason: 65638 mPendingRequestLocked.mScreenChangeReason 65638
12-14 13:34:58.780  1592  1785 I DisplayPowerController: Animating brightness: target=48, rate=0,brightnessTargetReal=48,AutoBrightness=true
12-14 13:34:58.782  1592  6107 I HwAodManagerService: getAodPosition ready mPosX=0 mPosY=0
12-14 13:34:58.787  1592  1785 I HwPowerManagerService: updateSettingsLocked mEyesProtectionMode:0
12-14 13:34:58.789  1592  1760 I WindowManager: mAodShowing=false isWindowManagerDrawComplete=false
12-14 13:34:58.792  1592  2328 D HwActivityManagerServiceEx: notifyAppToTop pid:2528, enable:1
12-14 13:34:58.792  1592  1760 I WindowManager: UL_Power All windows ready for display!
12-14 13:34:58.794  1592  1592 I HwBatteryService: intent = Intent { act=android.intent.action.SCREEN_ON flg=0x50200010 }
12-14 13:34:58.795  1592  1757 I WindowManager: UL_Power Finished screen turning on...
12-14 13:34:58.795  1592  1785 I DisplayPowerController: mPowerState.mScreenChangedReason: 65638 mPendingRequestLocked.mScreenChangeReason 65638
12-14 13:34:58.795  1592  1785 I DisplayPowerController: Want screen on.
12-14 13:34:58.795  1592  1785 I DisplayPowerController: Animating brightness: target=48, rate=60,brightnessTargetReal=48,AutoBrightness=true
12-14 13:34:58.796  1592  2355 I JobScheduler: CANCEL: 9304fd9 #1000/919 android/com.android.server.FstrimServiceIdler, reason:cancel() called by app, callingUid=1000 uid=1000 jobId=919
12-14 13:34:58.799  1592  2803 I WindowManager: imeTarget=null displayId=0 isVisibleLw=false canShowWhenLocked=false canBeHiddenByKeyguardLw=false
12-14 13:34:58.800   519 28673 D vold    : idle maintenance stopped
12-14 13:34:58.804  1592  2365 I WifiP2pService: InactiveState143466
12-14 13:34:58.804  1592  2365 I WifiP2pService: P2pEnabledState when=55819962 what=143466 arg1=0 arg2=0
12-14 13:34:58.804  1592  2365 I WifiP2pService: DefaultStatewhen=55819962 what=143466 arg1=0 arg2=0
12-14 13:34:58.806  1592  1592 D HwGameAssistantController: isGameForeground? false
12-14 13:34:58.824  1592  2374 I ConnectivityService: notifyType CALLBACK_CAP_CHANGED for NetworkAgentInfo [WIFI () - 108]
12-14 13:34:58.826  1592  2371 D HwConnectivityServiceEx: set 10270 wlan0 value false
12-14 13:34:58.826  1592  2371 D HwConnectivityServiceEx: set 10192 wlan0 value true
12-14 13:34:58.826  1592  2371 I ConnectivityService: B uid 10192
12-14 13:34:58.826  1592  2371 D HwConnectivityServiceEx: set 10037 wlan0 value true
12-14 13:34:58.826  1592  2371 I ConnectivityService: B uid 10037
12-14 13:34:58.826  1592  2371 D HwConnectivityServiceEx: set 10032 wlan0 value false
12-14 13:34:58.827  1592  2371 D HwConnectivityServiceEx: set 5514 wlan0 value false
12-14 13:34:58.827  1592  2371 D HwConnectivityServiceEx: set 5513 wlan0 value false
12-14 13:34:58.827  1592  2371 D HwConnectivityServiceEx: set 1001 wlan0 value false
12-14 13:34:58.829  1592  6107 D HwConnectivityServiceEx: set 10323 wlan0 value true
12-14 13:34:58.829  1592  6107 I ConnectivityService: B uid 10323
12-14 13:34:58.831  1592  3084 D HwConnectivityServiceEx: set 10238 wlan0 value false
12-14 13:34:58.831  1592  1592 I EyeProtectionControllerImpl: onReceive intent action = android.intent.action.SCREEN_ON
12-14 13:34:58.840  1592  3173 E WifiPermissionsUtil: getUidPermission is DENIED and permissionType android.permission.ACCESS_FINE_LOCATIONuid 10032
12-14 13:34:58.841  2913  3295 I KernelQoeChr: KernelQoeChrhandleMessage : msg = 2130903090
12-14 13:34:58.842  2913  3295 I KernelQoeChr: updateScreenState mIsScreenOn:true
12-14 13:34:58.842  2913  3295 I CommBoosterRequest: mModemId = 0slot id = 0
12-14 13:34:58.849  2913  3295 E BoosterUtil: convertSubIdToSlotId failed, subId:0, slotId:-1
12-14 13:34:58.849  2913  3295 E BoosterUtil: getDefaultDataSlotId failed, invalid slotId:-1, subId:0
12-14 13:34:58.850  2913  3295 E BoosterUtil: convertSubIdToSlotId failed, subId:0, slotId:-1
12-14 13:34:58.850  2913  3295 E BoosterUtil: getDefaultDataSlotId failed, invalid slotId:-1, subId:0
12-14 13:34:58.851  2913  3295 E BoosterUtil: convertSubIdToSlotId failed, subId:0, slotId:-1
12-14 13:34:58.851  2913  3295 E BoosterUtil: getDefaultDataSlotId failed, invalid slotId:-1, subId:0
12-14 13:34:58.851  2913  3295 E BoosterGameP: inValidCQI:-1
12-14 13:34:58.851  2913  3295 E BoosterUtil: convertSubIdToSlotId failed, subId:0, slotId:-1
12-14 13:34:58.851  2913  3295 E BoosterUtil: getDefaultDataSlotId failed, invalid slotId:-1, subId:0
12-14 13:34:58.852  2913  3295 E BoosterUtil: convertSubIdToSlotId failed, subId:0, slotId:-1
12-14 13:34:58.852  2913  3295 E BoosterUtil: getDefaultDataSlotId failed, invalid slotId:-1, subId:0
12-14 13:34:58.852  2913  3295 E BoosterPlugin: getPsNetworkType failed, invalid slotId=-1
12-14 13:34:58.855  1592  3084 W ActivityManager: Receiver with filter android.content.IntentFilter@9547f20 already registered for pid 2693, callerPackage is com.huawei.systemmanager
12-14 13:34:58.855  2913  3295 E BoosterUtil: convertSubIdToSlotId failed, subId:0, slotId:-1
12-14 13:34:58.855  2913  3295 E BoosterUtil: getDefaultDataSlotId failed, invalid slotId:-1, subId:0
12-14 13:34:58.855  2913  3295 E BoosterPlugin: getPsNetworkType failed, invalid slotId=-1
12-14 13:34:58.860  2913  3295 E BoosterUtil: convertSubIdToSlotId failed, subId:0, slotId:-1
12-14 13:34:58.860  2913  3295 E BoosterUtil: getDefaultDataSlotId failed, invalid slotId:-1, subId:0
12-14 13:34:58.860  2913  3295 E BoosterPlugin: getPsNetworkType failed, invalid slotId=-1
12-14 13:34:58.861  2913  3295 E BoosterUtil: convertSubIdToSlotId failed, subId:0, slotId:-1
12-14 13:34:58.861  2913  3295 E BoosterUtil: getDefaultDataSlotId failed, invalid slotId:-1, subId:0
12-14 13:34:58.861  2913  3295 E BoosterUtil: convertSubIdToSlotId failed, subId:0, slotId:-1
12-14 13:34:58.861  2913  3295 E BoosterUtil: getDefaultDataSlotId failed, invalid slotId:-1, subId:0
12-14 13:34:58.862  2913  3295 E BoosterUtil: convertSubIdToSlotId failed, subId:0, slotId:-1
12-14 13:34:58.862  2913  3295 E BoosterUtil: getDefaultDataSlotId failed, invalid slotId:-1, subId:0
12-14 13:34:58.862  2913  3295 E BoosterPlugin: getPsNetworkType failed, invalid slotId=-1
12-14 13:34:58.863  2913  3295 E BoosterUtil: convertSubIdToSlotId failed, subId:0, slotId:-1
12-14 13:34:58.863  2913  3295 E BoosterUtil: getDefaultDataSlotId failed, invalid slotId:-1, subId:0
12-14 13:34:58.863  2913  3295 I DeepNoDisturbSM: setScreenState isScreenOn=true
12-14 13:34:58.863  2913  2913 I DeepNoDisturbSM: IdleState processMessage msg.what=EVENT_SCREEN_ON
12-14 13:34:58.863  2913  2913 E BoosterUtil: convertSubIdToSlotId failed, subId:0, slotId:-1
12-14 13:34:58.863  2913  3295 E BoosterUtil: convertSubIdToSlotId failed, subId:0, slotId:-1
12-14 13:34:58.863  2913  2913 E BoosterUtil: getDefaultDataSlotId failed, invalid slotId:-1, subId:0
12-14 13:34:58.863  2913  3295 E BoosterUtil: getDefaultDataSlotId failed, invalid slotId:-1, subId:0
12-14 13:34:58.864  2913  2913 I DeepNoDisturbSM: isWifiConnected = true
12-14 13:34:58.864  2913  3295 E BoosterUtil: convertSubIdToSlotId failed, subId:0, slotId:-1
12-14 13:34:58.864  2913  3295 E BoosterUtil: getDefaultDataSlotId failed, invalid slotId:-1, subId:0
12-14 13:34:58.866  2913  2913 I DeepNoDisturbSM: GAMEASSIST_NODISTURB_PROP=1,isGameDndSwitchOn return true
12-14 13:34:58.866  2913  3295 E BoosterUtil: convertSubIdToSlotId failed, subId:0, slotId:-1
12-14 13:34:58.866  2913  3295 E BoosterUtil: getDefaultDataSlotId failed, invalid slotId:-1, subId:0
12-14 13:34:58.866  2913  3295 I HidataAppQoeP: other status.
12-14 13:34:58.867  2913  2913 E DeepNoDisturbSM: isNetworkTypeSuitDeepNoDisturbMode, invalid subId:-1
12-14 13:34:58.867  2913  3295 E BoosterUtil: convertSubIdToSlotId failed, subId:0, slotId:-1
12-14 13:34:58.867  2913  3295 E BoosterUtil: getDefaultDataSlotId failed, invalid slotId:-1, subId:0
12-14 13:34:58.867  2913  3295 I PreDnsQuery: No need to handled!
12-14 13:34:58.867  2913  2913 I DeepNoDisturbSM: isCorrectState=true mIsCallOn=false mGameStatus=0 defaultDataSubId=0 default4GSlotId=0 mIsDefaultDataOn=false mIsScreenOn=true deepNoDisturbModeProp=true isDeepNoDisturbSwitchOn=false isGameDndSwitchOn=true isNetworkTypeSuitDeepNoDisturbMode=false isAirplaneModeOn()=false
12-14 13:34:58.867  2913  2913 I DeepNoDisturbSM: isNeedEnterDeepNoDisturbMode false
12-14 13:34:58.875  1592  1757 I HwWindowManagerServiceEx: setLandAnimationInfo : false
12-14 13:34:58.876  1592  1757 I WindowManager: imeTarget=null displayId=0 isVisibleLw=false canShowWhenLocked=false canBeHiddenByKeyguardLw=false
12-14 13:34:58.877  1592  6107 D SmartHeartBeat: setAlarmsAdjust ...
12-14 13:34:58.896  1592  1760 I WindowManager: imeTarget=null displayId=0 isVisibleLw=false canShowWhenLocked=false canBeHiddenByKeyguardLw=false
12-14 13:34:58.898  1592  2281 D HwBatteryService: mPowerSupplyObserver,event:com.huawei.android.os.UEventObserverExt$UEvent@942a260
12-14 13:34:58.898  1592  2281 D HwBatteryService: mPowerSupplyObserver,UI_HEATING_STATUS is not 1 neither 0
12-14 13:34:58.898  1592  2281 I HwUsbDeviceManager: water_intrused state= 0
12-14 13:34:58.900  1592  2468 I DisplayPowerState: set screen turn on reason mScreenChangedReason: 65638
12-14 13:34:58.900  1592  1785 I DisplayPowerController: mPowerState.mScreenChangedReason: 65638 mPendingRequestLocked.mScreenChangeReason 65638
12-14 13:34:58.900  1592  1785 I DisplayPowerController: Want screen on.
12-14 13:34:58.900  1592  1785 I DisplayPowerController: Animating brightness: target=48, rate=60,brightnessTargetReal=48,AutoBrightness=true
12-14 13:34:58.900  1592  1785 I HwPhoneWindowManager: UL_PowerscreenTurnedOn
12-14 13:34:58.900  1592  1785 I PickUpWakeScreenManager: isScreenOff:false, mIsPickupSwitchOn:true
12-14 13:34:58.901  1592  2468 D HwPhoneWindowManager: finish hwSetFeatureConfig with result: 0 reasonString: 65638
12-14 13:34:58.902  1592  1592 I WindowManager: UL_PowerFinished waking up... (why=ON_BECAUSE_OF_UNKNOWN)
12-14 13:34:58.903  1592  1592 I ActivityTaskManager: setExpandScreenTurningOn false
12-14 13:34:58.912  2528  2771 I FaceRecognizeManagerImpl: reqId(****0041), type(AUTH), code(acquire), result(face detected)
12-14 13:34:58.924  1592  3173 E WifiPermissionsUtil: getUidPermission is DENIED and permissionType android.permission.ACCESS_FINE_LOCATIONuid 1002
12-14 13:34:58.938  1592  6107 W ProcBatteryStats: timer is running , not start, name: com.android.phone, uid: 1001, tag: *telephony-radio*
12-14 13:34:58.941  1592  3084 W ProcBatteryStats: timer is running , not start, name: com.huawei.ims, uid: 1001, tag: RILJ_IMS
12-14 13:34:58.943  1592  3084 E WifiPermissionsUtil: getUidPermission is DENIED and permissionType android.permission.ACCESS_FINE_LOCATIONuid 10032
12-14 13:34:58.945  1592  9914 E WifiPermissionsUtil: getUidPermission is DENIED and permissionType android.permission.ACCESS_FINE_LOCATIONuid 10032
12-14 13:34:58.946  2528  2771 I FaceRecognizeManagerImpl: reqId(****0041), type(AUTH), code(acquire), result(12)
12-14 13:34:58.947  1592  9914 E WifiPermissionsUtil: getUidPermission is DENIED and permissionType android.permission.ACCESS_FINE_LOCATIONuid 10032
12-14 13:34:58.954  2528  2771 I FaceRecognizeManagerImpl: reqId(****0041), type(AUTH), code(acquire), result(12)
12-14 13:34:58.975  2913  3295 I BoosterTelephonyCollector: handleDsdsStateChanged:dsds state= 0
12-14 13:34:58.976  1592  3173 I AlarmManager: remove alarm:Alarm{91ef34d type 3 when 519132394 PendingIntent{8e37bf1: PendingIntentRecord{905aeed com.huawei.searchservice broadcastIntent}}com.huawei.searchservice procName com.huawei.HwOPServer} according to operation:92d4681
12-14 13:34:58.978  2528  2771 I FaceRecognizeManagerImpl: reqId(****0041), type(AUTH), code(acquire), result(12)
12-14 13:34:58.978  2913  3295 E BoosterUtil: convertSubIdToSlotId failed, subId:0, slotId:-1
12-14 13:34:58.978  2913  3295 E BoosterUtil: getDefaultDataSlotId failed, invalid slotId:-1, subId:0
12-14 13:34:58.979  1592  3173 I AlarmManager: remove alarm:Alarm{91ef3dd type 3 when 515472397 PendingIntent{93796e1: PendingIntentRecord{940b3a1 com.huawei.searchservice broadcastIntent}}com.huawei.searchservice procName com.huawei.HwOPServer} according to operation:93126f9
12-14 13:34:58.981  1592  9914 I AlarmManager: remove alarm:Alarm{91ef3cb type 3 when 516672400 PendingIntent{94966b9: PendingIntentRecord{940b3ad com.huawei.searchservice broadcastIntent}}com.huawei.searchservice procName com.huawei.HwOPServer} according to operation:9220d6d
12-14 13:34:58.991  1592  1592 I HwSwingEyeGazeHub: on receive action : android.intent.action.SCREEN_ON
12-14 13:34:58.991  1592  1592 E HwSwingEyeGazeHub: refreshScreenOutTime is beginning !
12-14 13:34:58.991  1592  1592 E HwSwingEyeGazeHub: The Eye Gaze Switch is off !
12-14 13:34:58.991  1592  1592 I HwSwingEyeGazeHub: PowerManagerCallback not registered yet !
12-14 13:34:58.992  1592  3084 V BroadcastQueue: Finished with ordered broadcast BroadcastRecord{95af9dd u0 huawei.intent.action.IMS_SERVICE_STATE_CHANGED}
12-14 13:34:58.996  1592  2780 W ProcBatteryStats: timer is not running , not stop, name: com.huawei.ims, uid: 1001, tag: RILJ_IMS
12-14 13:34:58.998  1592  9914 W ProcBatteryStats: timer is not running , not stop, name: com.android.phone, uid: 1001, tag: *telephony-radio*
12-14 13:34:59.014  2528  2771 I FaceRecognizeManagerImpl: reqId(****0041), type(AUTH), code(acquire), result(12)
12-14 13:34:59.022  1592  9914 V BroadcastQueue: Finished with ordered broadcast BroadcastRecord{95af927 u0 huawei.intent.action.IMS_SERVICE_STATE_CHANGED}
12-14 13:34:59.047  2528  2771 I FaceRecognizeManagerImpl: reqId(****0041), type(AUTH), code(acquire), result(12)
12-14 13:34:59.144  1592  6107 I AlarmManager: remove alarm:Alarm{95288cf type 0 when 1671053728956 PendingIntent{947b675: PendingIntentRecord{9434d65 android broadcastIntent}}android procName com.huawei.android.pushagent.PushService} according to operation:93b1301
12-14 13:34:59.147  1592  1757 I PickUpWakeScreenManager: onDeviceDataChanged
12-14 13:34:59.147  1592  1757 I PickUpWakeScreenManager: screen is already on
12-14 13:34:59.151  1592  3173 I AlarmManager: remove alarm:Alarm{8f4cbb9 type 1 when 1671054824833 PendingIntent{94dc60d: PendingIntentRecord{908af35 android broadcastIntent}}android procName com.huawei.android.pushagent.PushService} according to operation:95c9d1d
12-14 13:34:59.180  1592  3173 V BroadcastQueue: Finished with ordered broadcast BroadcastRecord{938cf75 u-1 android.intent.action.SCREEN_ON}
12-14 13:34:59.192  2528  2771 I FaceRecognizeManagerImpl: reqId(****0041), type(AUTH), code(acquire), result(face detected)
12-14 13:34:59.196  1592  3173 W ProcBatteryStats: timer is not running , not stop, name: com.android.phone, uid: 1001, tag: RILJ_ACK_WL
12-14 13:34:59.218  2528  2771 I FaceRecognizeManagerImpl: reqId(****0041), type(AUTH), code(acquire), result(12)
12-14 13:34:59.219  2528  2771 I chatty  : uid=10055(com.huawei.desktop.systemui) FaceRecognizeMa identical 1 line
12-14 13:34:59.246  2528  2771 I FaceRecognizeManagerImpl: reqId(****0041), type(AUTH), code(acquire), result(12)
12-14 13:34:59.476  2528  2771 I FaceRecognizeManagerImpl: reqId(****0041), type(AUTH), code(acquire), result(face detected)
12-14 13:34:59.492  1592  1762 I AppEyeFwkBlock: do monitor
12-14 13:34:59.499  2528  2771 I FaceRecognizeManagerImpl: reqId(****0041), type(AUTH), code(acquire), result(12)
12-14 13:34:59.510  2528  2771 I chatty  : uid=10055(com.huawei.desktop.systemui) FaceRecognizeMa identical 1 line
12-14 13:34:59.544  2528  2771 I FaceRecognizeManagerImpl: reqId(****0041), type(AUTH), code(acquire), result(12)
12-14 13:34:59.609  1592  1592 I RoleManagerService: Granting default permissions...
12-14 13:34:59.628  1592  6107 D HwConnectivityServiceEx: set 1000 wlan0 value false
12-14 13:34:59.634  1592  3084 D PackageManager: Replacing preferredadd pref activity com.android.mms/.ui.ComposeMessageActivity from uid 1001
12-14 13:34:59.634  1592  3084 I HwPreferredActivityManager: the filter does not meet the requirement
12-14 13:34:59.636  1592  3084 I PackageManager: Returning preferred activity: com.huawei.android.launcher/com.huawei.android.launcher.unihome.UniHomeLauncher
12-14 13:34:59.636  1592  3084 D PackageManager: Replacing preferredadd pref activity com.android.mms/.ui.ComposeMessageActivity from uid 1001
12-14 13:34:59.636  1592  3084 I HwPreferredActivityManager: the filter does not meet the requirement
12-14 13:34:59.637  1592  3084 I PackageManager: Returning preferred activity: com.huawei.android.launcher/com.huawei.android.launcher.unihome.UniHomeLauncher
12-14 13:34:59.680  1592  2780 D PackageManager: Replacing preferredadd pref activity com.android.mms/.ui.ComposeMessageActivity from uid 10049
12-14 13:34:59.680  1592  2780 I HwPreferredActivityManager: the filter does not meet the requirement
12-14 13:34:59.682  1592  2780 I PackageManager: Returning preferred activity: com.huawei.android.launcher/com.huawei.android.launcher.unihome.UniHomeLauncher
12-14 13:34:59.686  1592  6107 I HwAlarmManagerService: SmartHeartBeat:setAlarmsPending, pkgList=[]
12-14 13:34:59.687  1592  9914 D PackageManager: Replacing preferredadd pref activity com.android.mms/.ui.ComposeMessageActivity from uid 10049
12-14 13:34:59.691  1592  9914 I HwPreferredActivityManager: the filter does not meet the requirement
12-14 13:34:59.692  1592  9914 I PackageManager: Returning preferred activity: com.huawei.android.launcher/com.huawei.android.launcher.unihome.UniHomeLauncher
12-14 13:34:59.728  1592  2780 I PackageManager: currentPackageName: com.huawei.android.launcher, packageName: com.huawei.android.launcher
12-14 13:34:59.728  1592  2780 I PackageManager: packageName: com.huawei.android.launcher is already default home
12-14 13:34:59.797  2528  2771 I FaceRecognizeManagerImpl: reqId(****0041), type(AUTH), code(acquire), result(no face detected)
12-14 13:34:59.824  2528  2771 I FaceRecognizeManagerImpl: reqId(****0041), type(AUTH), code(acquire), result(no face detected)
12-14 13:35:00.163  1592  6107 V ActivityManager: Successfully start provider ContentProviderRecord{94dcc6c u0 com.android.gallery3d/com.huawei.gallery.provider.GalleryProvider} launchingApp=null caller pid= 5684
12-14 13:35:00.272  2528  2771 I FaceRecognizeManagerImpl: reqId(****0041), type(AUTH), code(acquire), result(no face detected)
12-14 13:35:00.307  2528  2771 I FaceRecognizeManagerImpl: reqId(****0041), type(AUTH), code(acquire), result(no face detected)
12-14 13:35:00.317  1592  1757 I HwWindowManagerServiceEx: setLandAnimationInfo : false
12-14 13:35:00.318  1592  1757 I WindowManager: imeTarget=null displayId=0 isVisibleLw=false canShowWhenLocked=false canBeHiddenByKeyguardLw=false
12-14 13:35:00.764  2528  2771 I FaceRecognizeManagerImpl: reqId(****0041), type(AUTH), code(acquire), result(no face detected)
12-14 13:35:00.776  1592  1757 I PickUpWakeScreenManager: onDeviceDataChanged
12-14 13:35:00.776  1592  1757 I PickUpWakeScreenManager: screen is already on
12-14 13:35:00.787  2528  2771 I FaceRecognizeManagerImpl: reqId(****0041), type(AUTH), code(acquire), result(no face detected)
12-14 13:35:00.937  1592  1771 I RoleUserState: Wrote roles.xml successfully
12-14 13:35:01.246  2528  2771 I FaceRecognizeManagerImpl: reqId(****0041), type(AUTH), code(acquire), result(face detected)
12-14 13:35:01.281  2528  2771 I FaceRecognizeManagerImpl: reqId(****0041), type(AUTH), code(acquire), result(12)
12-14 13:35:01.282  2528  2771 I FaceRecognizeManagerImpl: reqId(****0041), type(AUTH), code(acquire), result(12)
12-14 13:35:01.850  1592  3084 D HwConnectivityServiceEx: set 10323 wlan0 value true
12-14 13:35:01.850  1592  3084 I ConnectivityService: B uid 10323
12-14 13:35:01.939  2528  2771 I FaceRecognizeManagerImpl: reqId(****0041), type(AUTH), code(acquire), result(face detected)
12-14 13:35:02.003  1592  3084 V ActivityManager: Successfully start provider ContentProviderRecord{9368b4d u0 com.huawei.android.thememanager/.mvp.view.provider.ThemeManagerProvider} launchingApp=ProcessRecord{94c5409 25604:com.huawei.android.thememanager/u0a102} caller pid= 2528
12-14 13:35:02.016  2528  2771 I FaceRecognizeManagerImpl: reqId(****0041), type(AUTH), code(faceId), result(****62be)
12-14 13:35:02.016  2528  2771 I FaceRecognizeManagerImpl: reqId(****0041), type(AUTH), code(result), result(success)
12-14 13:35:02.016  2528  2771 D PerformanceTime: Time 6. Authenticate Success --- 55823174448773
12-14 13:35:02.019  1592  6107 I HwFingerprintService:  Remaining Num Attempts = 5
12-14 13:35:02.021  1592  2780 D HwStorageManagerService: setScreenStateFlag
12-14 13:35:02.021   519   622 D vold    : begin lockScreenPrepare
12-14 13:35:02.021   519   622 D vold    : fscrypt_lock_screen_prepare flag is: 4 user_id:0
12-14 13:35:02.023  1592  6107 W LockSettings: report WeakAuth from 10055
12-14 13:35:02.023  1592  1592 V LockSettings: WeakAuth skiped.
12-14 13:35:02.025  1592  2803 D HwStorageManagerService: unlockUserScreenISec
12-14 13:35:02.026   519   622 D vold    : begin unlockUserScreenIsec
12-14 13:35:02.026   519   622 D vold    : begin unlock_user_screen_isec auth_type: 4 uid: 0 token_present=0
12-14 13:35:02.026   519   622 D vold    : flag is 4begin to unlock from HCCM
12-14 13:35:02.026   519   622 D vold    : begin read_and_install_ece_sece_key0
12-14 13:35:02.026   519   622 D vold    : begin read_key_from_vold 0
12-14 13:35:02.026   519   622 D vold    : begin installKeyIsec
12-14 13:35:02.027   519   622 D vold    : Added key 29207471 (ext4:6a1200e03ca69ca3) to keyring 1046754863 in process 519
12-14 13:35:02.027   519   622 D vold    : Added key 482760255 (f2fs:6a1200e03ca69ca3) to keyring 1046754863 in process 519
12-14 13:35:02.027   519   622 D vold    : Added key 867629945 (fscrypt:6a1200e03ca69ca3) to keyring 1046754863 in process 519
12-14 13:35:02.027   519   622 D vold    : begin installKeyIsec
12-14 13:35:02.027   519   622 D vold    : Added key 604819125 (ext4:3c3c80b821f53cc5) to keyring 1046754863 in process 519
12-14 13:35:02.027   519   622 D vold    : Added key 963679860 (f2fs:3c3c80b821f53cc5) to keyring 1046754863 in process 519
12-14 13:35:02.027   519   622 D vold    : Added key 500237107 (fscrypt:3c3c80b821f53cc5) to keyring 1046754863 in process 519
12-14 13:35:02.027   519   622 D vold    : Created keys for user 0
12-14 13:35:02.027   519   622 D vold    : unlock user screen success,begin to reset flag
12-14 13:35:02.037  1592  3084 D ActivityTaskManager: canShowActivityWhileKeyguardShowing false r=ActivityRecord{95e37c9 u0 com.hmsecosystem.calculator/.MainActivity t1076}
12-14 13:35:02.077  1592  1760 I WindowManager: imeTarget=null displayId=0 isVisibleLw=false canShowWhenLocked=false canBeHiddenByKeyguardLw=false
12-14 13:35:02.103  1592  2275 W ProcBatteryStats: timer is running , not start, name: com.android.phone, uid: 1001, tag: *telephony-radio*
12-14 13:35:02.112  1592  6107 W ProcBatteryStats: timer is not running , not stop, name: com.android.phone, uid: 1001, tag: *telephony-radio*
12-14 13:35:02.218  1592  2465 I HwNormalizedAutomaticBrightnessController: updateProximityState, isProximityState=false
12-14 13:35:02.230  1592  9914 I HwInnerVibratorService: isSupportHwVibrator type:haptic.lockscreen.upglide_switches, isSupport:0
12-14 13:35:03.719  1592  9914 D ActivityTaskManager: Top Process State changed to PROCESS_STATE_TOP
12-14 13:35:03.721  1592  9914 I HwWindowManagerServiceEx: setLandAnimationInfo : false
12-14 13:35:03.722  1592  9914 V WindowManager: notifyAppResumed: wasStopped=true AppWindowToken{95e36e9 token=Token{953ec7c ActivityRecord{95e37c9 u0 com.hmsecosystem.calculator/.MainActivity t1076}}}
12-14 13:35:03.723 27823 27823 D ActivityThread: Won't deliver top position change in state=5
12-14 13:35:03.724  1592  9914 I WindowManager: imeTarget=null displayId=0 isVisibleLw=false canShowWhenLocked=false canBeHiddenByKeyguardLw=false
12-14 13:35:03.725  1592  9914 I WindowManager: Checking 1 opening apps (frozen=false timeout=false)...
12-14 13:35:03.725  1592  9914 I WindowManager: Check opening app=AppWindowToken{95e36e9 token=Token{953ec7c ActivityRecord{95e37c9 u0 com.hmsecosystem.calculator/.MainActivity t1076}}}: allDrawn=false startingDisplayed=false startingMoved=false isRelaunching()=false startingWindow=null
12-14 13:35:03.726  1592  1760 I WindowManager: imeTarget=null displayId=0 isVisibleLw=false canShowWhenLocked=false canBeHiddenByKeyguardLw=false
12-14 13:35:03.727  1592  1768 I HwAudioServiceEx: ComponentInfo : className = com.hmsecosystem.calculator.MainActivity, flag = showStartingWindow, isHomeActivity = , isTop = false
12-14 13:35:03.727  1592  1768 I HwAudioServiceEx: not onResume or onPause
12-14 13:35:03.730  1592  1760 I WindowManager: Checking 1 opening apps (frozen=false timeout=false)...
12-14 13:35:03.730  1592  1760 I WindowManager: Check opening app=AppWindowToken{95e36e9 token=Token{953ec7c ActivityRecord{95e37c9 u0 com.hmsecosystem.calculator/.MainActivity t1076}}}: allDrawn=false startingDisplayed=false startingMoved=false isRelaunching()=false startingWindow=null
12-14 13:35:03.730  1592  9914 I ActivityManager: sendIntentSender target:PendingIntentRecord{948e221 com.huawei.powergenie broadcastIntent}, intent:hwFlg=0x10
12-14 13:35:03.732  1592  2275 I ActivityManager: sendIntentSender target:PendingIntentRecord{9086c5d com.huawei.nearby broadcastIntent}, intent:hwFlg=0x10
12-14 13:35:03.732  1592  2780 I ActivityManager: sendIntentSender target:PendingIntentRecord{92fcf41 com.huawei.systemserver broadcastIntent}, intent:hwFlg=0x10
12-14 13:35:03.733  1592  1760 I HwPhoneWindowManager: StatusToSurfaceFlinger Window{8f1f5b9 u0 SnapshotStartingWindow for taskId=1076} sideMode = 1 notchMode = 0 dataIn val = 4
12-14 13:35:03.734  1592  1760 I WindowManager: addWindow: Window{8f1f5b9 u0 SnapshotStartingWindow for taskId=1076}
12-14 13:35:03.736  1592  2803 I WindowManager: imeTarget=null displayId=0 isVisibleLw=false canShowWhenLocked=false canBeHiddenByKeyguardLw=false
12-14 13:35:03.737  1592  2803 I WindowManager: Checking 1 opening apps (frozen=false timeout=false)...
12-14 13:35:03.737  1592  2803 I WindowManager: Check opening app=AppWindowToken{95e36e9 token=Token{953ec7c ActivityRecord{95e37c9 u0 com.hmsecosystem.calculator/.MainActivity t1076}}}: allDrawn=false startingDisplayed=false startingMoved=false isRelaunching()=false startingWindow=Window{8f1f5b9 u0 SnapshotStartingWindow for taskId=1076}
12-14 13:35:03.739  1592  1760 I WindowManager: imeTarget=null displayId=0 isVisibleLw=false canShowWhenLocked=false canBeHiddenByKeyguardLw=false
12-14 13:35:03.742  1592  1760 I WindowManager: Checking 1 opening apps (frozen=false timeout=false)...
12-14 13:35:03.742  1592  1760 I WindowManager: Check opening app=AppWindowToken{95e36e9 token=Token{953ec7c ActivityRecord{95e37c9 u0 com.hmsecosystem.calculator/.MainActivity t1076}}}: allDrawn=false startingDisplayed=false startingMoved=false isRelaunching()=false startingWindow=Window{8f1f5b9 u0 SnapshotStartingWindow for taskId=1076}
12-14 13:35:03.747  1592  3172 I WindowManager: imeTarget=null displayId=0 isVisibleLw=false canShowWhenLocked=false canBeHiddenByKeyguardLw=false
12-14 13:35:03.751  1592  3172 I WindowManager: Checking 1 opening apps (frozen=false timeout=false)...
12-14 13:35:03.751  1592  3172 I WindowManager: Check opening app=AppWindowToken{95e36e9 token=Token{953ec7c ActivityRecord{95e37c9 u0 com.hmsecosystem.calculator/.MainActivity t1076}}}: allDrawn=false startingDisplayed=false startingMoved=false isRelaunching()=false startingWindow=Window{8f1f5b9 u0 SnapshotStartingWindow for taskId=1076}
12-14 13:35:03.751  1592  3172 I WindowManager: dispatchResized : win = Window{8f1f5b9 u0 SnapshotStartingWindow for taskId=1076} drawState = DRAW_PENDING
12-14 13:35:03.754  1592  3084 I WindowManager: imeTarget=null displayId=0 isVisibleLw=false canShowWhenLocked=false canBeHiddenByKeyguardLw=false
12-14 13:35:03.756  1592  3084 I WindowManager: Checking 1 opening apps (frozen=false timeout=false)...
12-14 13:35:03.756  1592  3084 I WindowManager: Check opening app=AppWindowToken{95e36e9 token=Token{953ec7c ActivityRecord{95e37c9 u0 com.hmsecosystem.calculator/.MainActivity t1076}}}: allDrawn=false startingDisplayed=false startingMoved=false isRelaunching()=false startingWindow=Window{8f1f5b9 u0 SnapshotStartingWindow for taskId=1076}
12-14 13:35:03.759  1592  8509 D HwConnectivityServiceEx: set 1000 wlan0 value false
12-14 13:35:03.762  1592  1760 I WindowManager: imeTarget=null displayId=0 isVisibleLw=false canShowWhenLocked=false canBeHiddenByKeyguardLw=false
12-14 13:35:03.763  1592  1760 I WindowManager: performshow Window{8f1f5b9 u0 SnapshotStartingWindow for taskId=1076} tok.waitingToShow=true isTransitionSet=true parentHidden=false vis=0 tok.hidden=true hasSurface=true policyVis=true destroying=false animating=true
12-14 13:35:03.763  1592  1760 I WindowManager: Checking 1 opening apps (frozen=false timeout=false)...
12-14 13:35:03.763  1592  1760 I WindowManager: Check opening app=AppWindowToken{95e36e9 token=Token{953ec7c ActivityRecord{95e37c9 u0 com.hmsecosystem.calculator/.MainActivity t1076}}}: allDrawn=false startingDisplayed=true startingMoved=false isRelaunching()=false startingWindow=Window{8f1f5b9 u0 SnapshotStartingWindow for taskId=1076}
12-14 13:35:03.763  1592  1760 I WindowManager: Checking 0 opening apps (frozen=false timeout=false)...
12-14 13:35:03.763  1592  1760 I WindowManager: send SET_LAUNCHER_VISIBLE_IN_FINGER_BOOST isVisible:true isNeedHandleWallpaperScale:true, callingPid: 1592
12-14 13:35:03.763  1592  1760 D WindowManager: setActivityVisibleInFingerBoostInner fit:true record:ActivityRecord{939b759 u0 com.huawei.android.launcher/.unihome.UniHomeLauncher t1} isInWallpaperEffect:false, callingPid: 1592
12-14 13:35:03.763  1592  1760 I HwWindowManagerServiceEx: closing apps count = 0
12-14 13:35:03.764  1592  1760 D HwWindowManagerServiceEx: is app exit to launcher info: transit = 20, app = AppWindowToken{95e36e9 token=Token{953ec7c ActivityRecord{95e37c9 u0 com.hmsecosystem.calculator/.MainActivity t1076}}}, window = Window{94325b9 u0 com.hmsecosystem.calculator/com.hmsecosystem.calculator.MainActivity}, mClosingApps = {}, topOpeningApp = AppWindowToken{95e36e9 token=Token{953ec7c ActivityRecord{95e37c9 u0 com.hmsecosystem.calculator/.MainActivity t1076}}}, mExitIconBitmap = null, mExitIconHeight = -1, mExitIconWidth = -1
12-14 13:35:03.764  1592  1760 E WindowManager: mWindowSurfaceController is null!!
12-14 13:35:03.764  1592  1760 V WindowManager: commitVisibility: AppWindowToken{95e36e9 token=Token{953ec7c ActivityRecord{95e37c9 u0 com.hmsecosystem.calculator/.MainActivity t1076}}}: hidden=false hiddenRequested=false
12-14 13:35:03.765  1592  3173 I HwPhoneWindowManager: onShowingChangedL: false
12-14 13:35:03.765  1592  1760 D WindowManager: WS setWallpaperScale dw=1176 dh=2400 scaleX=1.0 scaleY=1.0 transX=0.0 transY=0.0
12-14 13:35:03.784  1592  9914 I WindowManager: Changing focus from Window{8cc7ae1 u0 StatusBar} to null displayId=0 Callers=com.android.server.wm.RootWindowContainer.updateFocusedWindowLocked:4607492 com.android.server.wm.WindowManagerService.updateFocusedWindowLocked:4604852 com.android.server.wm.WindowManagerService.relayoutWindow:4770292 com.android.server.wm.Session.relayout:4773808 
12-14 13:35:03.784  1592  9914 I HwDisplayContentEx: currentFocus windowstate null
12-14 13:35:03.784  1592  9914 E ZrHung.AppEyeFocusWindow: NFW check!
12-14 13:35:03.786  1592  1759 I WindowManager: handle SET_LAUNCHER_VISIBLE_IN_FINGER_BOOST isVisible:true isNeedHandleWallpaperScale: true
12-14 13:35:03.786  1592  1759 D WindowManager: setLauncherVisibleInFingerBoost record=ActivityRecord{939b759 u0 com.huawei.android.launcher/.unihome.UniHomeLauncher t1}
12-14 13:35:03.786  1592  1759 I WindowManager: setLauncherVisible setAlpha to 1.0
12-14 13:35:03.786  1592  1757 I StatusBarDisable: setFlags what=0 which=1 pkg=Window{8f1f5b9 u0 SnapshotStartingWindow for taskId=1076}
12-14 13:35:03.786  1592  1759 D WindowManager: setLauncherVisible wallpaperScale=false
12-14 13:35:03.786  1592  1759 D WindowManager: WS setWallpaperScale return, wallpaper no need to recover
12-14 13:35:03.789  1592  3084 I KeyguardStateMonitor: onPendingLock pendingLock: false
12-14 13:35:03.792  1592  1759 W UsageStatsService: Event reported without a package name, eventType:18
